Archive member included to satisfy reference by file (symbol)

/Users/killzyy/Library/Application Support/Code/User/globalStorage/bmd.stm32-for-vscode/@xpack-dev-tools/arm-none-eabi-gcc/14.2.1-1.1.1/.content/bin/../lib/gcc/arm-none-eabi/14.2.1/../../../../arm-none-eabi/lib/thumb/v6-m/nofp/libc_nano.a(libc_a-atexit.o)
                              /Users/killzyy/Library/Application Support/Code/User/globalStorage/bmd.stm32-for-vscode/@xpack-dev-tools/arm-none-eabi-gcc/14.2.1-1.1.1/.content/bin/../lib/gcc/arm-none-eabi/14.2.1/../../../../arm-none-eabi/lib/thumb/v6-m/nofp/crt0.o (atexit)
/Users/killzyy/Library/Application Support/Code/User/globalStorage/bmd.stm32-for-vscode/@xpack-dev-tools/arm-none-eabi-gcc/14.2.1-1.1.1/.content/bin/../lib/gcc/arm-none-eabi/14.2.1/../../../../arm-none-eabi/lib/thumb/v6-m/nofp/libc_nano.a(libc_a-exit.o)
                              /Users/killzyy/Library/Application Support/Code/User/globalStorage/bmd.stm32-for-vscode/@xpack-dev-tools/arm-none-eabi-gcc/14.2.1-1.1.1/.content/bin/../lib/gcc/arm-none-eabi/14.2.1/../../../../arm-none-eabi/lib/thumb/v6-m/nofp/crt0.o (exit)
/Users/killzyy/Library/Application Support/Code/User/globalStorage/bmd.stm32-for-vscode/@xpack-dev-tools/arm-none-eabi-gcc/14.2.1-1.1.1/.content/bin/../lib/gcc/arm-none-eabi/14.2.1/../../../../arm-none-eabi/lib/thumb/v6-m/nofp/libc_nano.a(libc_a-snprintf.o)
                              build/debug/main.o (snprintf)
/Users/killzyy/Library/Application Support/Code/User/globalStorage/bmd.stm32-for-vscode/@xpack-dev-tools/arm-none-eabi-gcc/14.2.1-1.1.1/.content/bin/../lib/gcc/arm-none-eabi/14.2.1/../../../../arm-none-eabi/lib/thumb/v6-m/nofp/libc_nano.a(libc_a-rand.o)
                              build/debug/main.o (srand)
/Users/killzyy/Library/Application Support/Code/User/globalStorage/bmd.stm32-for-vscode/@xpack-dev-tools/arm-none-eabi-gcc/14.2.1-1.1.1/.content/bin/../lib/gcc/arm-none-eabi/14.2.1/../../../../arm-none-eabi/lib/thumb/v6-m/nofp/libc_nano.a(libc_a-findfp.o)
                              /Users/killzyy/Library/Application Support/Code/User/globalStorage/bmd.stm32-for-vscode/@xpack-dev-tools/arm-none-eabi-gcc/14.2.1-1.1.1/.content/bin/../lib/gcc/arm-none-eabi/14.2.1/../../../../arm-none-eabi/lib/thumb/v6-m/nofp/libc_nano.a(libc_a-exit.o) (__stdio_exit_handler)
/Users/killzyy/Library/Application Support/Code/User/globalStorage/bmd.stm32-for-vscode/@xpack-dev-tools/arm-none-eabi-gcc/14.2.1-1.1.1/.content/bin/../lib/gcc/arm-none-eabi/14.2.1/../../../../arm-none-eabi/lib/thumb/v6-m/nofp/libc_nano.a(libc_a-fwalk.o)
                              /Users/killzyy/Library/Application Support/Code/User/globalStorage/bmd.stm32-for-vscode/@xpack-dev-tools/arm-none-eabi-gcc/14.2.1-1.1.1/.content/bin/../lib/gcc/arm-none-eabi/14.2.1/../../../../arm-none-eabi/lib/thumb/v6-m/nofp/libc_nano.a(libc_a-findfp.o) (_fwalk_sglue)
/Users/killzyy/Library/Application Support/Code/User/globalStorage/bmd.stm32-for-vscode/@xpack-dev-tools/arm-none-eabi-gcc/14.2.1-1.1.1/.content/bin/../lib/gcc/arm-none-eabi/14.2.1/../../../../arm-none-eabi/lib/thumb/v6-m/nofp/libc_nano.a(libc_a-memset.o)
                              /Users/killzyy/Library/Application Support/Code/User/globalStorage/bmd.stm32-for-vscode/@xpack-dev-tools/arm-none-eabi-gcc/14.2.1-1.1.1/.content/bin/../lib/gcc/arm-none-eabi/14.2.1/../../../../arm-none-eabi/lib/thumb/v6-m/nofp/crt0.o (memset)
/Users/killzyy/Library/Application Support/Code/User/globalStorage/bmd.stm32-for-vscode/@xpack-dev-tools/arm-none-eabi-gcc/14.2.1-1.1.1/.content/bin/../lib/gcc/arm-none-eabi/14.2.1/../../../../arm-none-eabi/lib/thumb/v6-m/nofp/libc_nano.a(libc_a-errno.o)
                              build/debug/syscalls.o (__errno)
/Users/killzyy/Library/Application Support/Code/User/globalStorage/bmd.stm32-for-vscode/@xpack-dev-tools/arm-none-eabi-gcc/14.2.1-1.1.1/.content/bin/../lib/gcc/arm-none-eabi/14.2.1/../../../../arm-none-eabi/lib/thumb/v6-m/nofp/libc_nano.a(libc_a-init.o)
                              /Users/killzyy/Library/Application Support/Code/User/globalStorage/bmd.stm32-for-vscode/@xpack-dev-tools/arm-none-eabi-gcc/14.2.1-1.1.1/.content/bin/../lib/gcc/arm-none-eabi/14.2.1/../../../../arm-none-eabi/lib/thumb/v6-m/nofp/crt0.o (__libc_init_array)
/Users/killzyy/Library/Application Support/Code/User/globalStorage/bmd.stm32-for-vscode/@xpack-dev-tools/arm-none-eabi-gcc/14.2.1-1.1.1/.content/bin/../lib/gcc/arm-none-eabi/14.2.1/../../../../arm-none-eabi/lib/thumb/v6-m/nofp/libc_nano.a(libc_a-fini.o)
                              /Users/killzyy/Library/Application Support/Code/User/globalStorage/bmd.stm32-for-vscode/@xpack-dev-tools/arm-none-eabi-gcc/14.2.1-1.1.1/.content/bin/../lib/gcc/arm-none-eabi/14.2.1/../../../../arm-none-eabi/lib/thumb/v6-m/nofp/crt0.o (__libc_fini_array)
[...]
Memory Configuration

Name             Origin             Length             Attributes
RAM              0x20000000         0x00003000         xrw
FLASH            0x08000000         0x00008000         xr
*default*        0x00000000         0xffffffff

Linker script and memory map

LOAD /Users/killzyy/Library/Application Support/Code/User/globalStorage/bmd.stm32-for-vscode/@xpack-dev-tools/arm-none-eabi-gcc/14.2.1-1.1.1/.content/bin/../lib/gcc/arm-none-eabi/14.2.1/thumb/v6-m/nofp/crti.o
LOAD /Users/killzyy/Library/Application Support/Code/User/globalStorage/bmd.stm32-for-vscode/@xpack-dev-tools/arm-none-eabi-gcc/14.2.1-1.1.1/.content/bin/../lib/gcc/arm-none-eabi/14.2.1/thumb/v6-m/nofp/crtbegin.o
LOAD /Users/killzyy/Library/Application Support/Code/User/globalStorage/bmd.stm32-for-vscode/@xpack-dev-tools/arm-none-eabi-gcc/14.2.1-1.1.1/.content/bin/../lib/gcc/arm-none-eabi/14.2.1/../../../../arm-none-eabi/lib/thumb/v6-m/nofp/crt0.o
LOAD build/debug/main.o
LOAD build/debug/stm32c0xx_hal.o
LOAD build/debug/stm32c0xx_hal_adc.o
LOAD build/debug/stm32c0xx_hal_adc_ex.o
LOAD build/debug/stm32c0xx_hal_cortex.o
LOAD build/debug/stm32c0xx_hal_dma.o
LOAD build/debug/stm32c0xx_hal_dma_ex.o
LOAD build/debug/stm32c0xx_hal_exti.o
LOAD build/debug/stm32c0xx_hal_flash.o
LOAD build/debug/stm32c0xx_hal_flash_ex.o
LOAD build/debug/stm32c0xx_hal_gpio.o
LOAD build/debug/stm32c0xx_hal_msp.o
LOAD build/debug/stm32c0xx_hal_pwr.o
LOAD build/debug/stm32c0xx_hal_pwr_ex.o
LOAD build/debug/stm32c0xx_hal_rcc.o
LOAD build/debug/stm32c0xx_hal_rcc_ex.o
LOAD build/debug/stm32c0xx_hal_tim.o
LOAD build/debug/stm32c0xx_hal_tim_ex.o
LOAD build/debug/stm32c0xx_hal_uart.o
LOAD build/debug/stm32c0xx_hal_uart_ex.o
LOAD build/debug/stm32c0xx_hal_usart.o
LOAD build/debug/stm32c0xx_hal_usart_ex.o
LOAD build/debug/stm32c0xx_it.o
LOAD build/debug/stm32c0xx_nucleo.o
LOAD build/debug/syscalls.o
LOAD build/debug/sysmem.o
LOAD build/debug/system_stm32c0xx.o
LOAD build/debug/startup_stm32c031xx.o
LOAD /Users/killzyy/Library/Application Support/Code/User/globalStorage/bmd.stm32-for-vscode/@xpack-dev-tools/arm-none-eabi-gcc/14.2.1-1.1.1/.content/bin/../lib/gcc/arm-none-eabi/14.2.1/../../../../arm-none-eabi/lib/thumb/v6-m/nofp/libc_nano.a
LOAD /Users/killzyy/Library/Application Support/Code/User/globalStorage/bmd.stm32-for-vscode/@xpack-dev-tools/arm-none-eabi-gcc/14.2.1-1.1.1/.content/bin/../lib/gcc/arm-none-eabi/14.2.1/../../../../arm-none-eabi/lib/thumb/v6-m/nofp/libm.a
LOAD /Users/killzyy/Library/Application Support/Code/User/globalStorage/bmd.stm32-for-vscode/@xpack-dev-tools/arm-none-eabi-gcc/14.2.1-1.1.1/.content/bin/../lib/gcc/arm-none-eabi/14.2.1/../../../../arm-none-eabi/lib/thumb/v6-m/nofp/libnosys.a
START GROUP
LOAD /Users/killzyy/Library/Application Support/Code/User/globalStorage/bmd.stm32-for-vscode/@xpack-dev-tools/arm-none-eabi-gcc/14.2.1-1.1.1/.content/bin/../lib/gcc/arm-none-eabi/14.2.1/thumb/v6-m/nofp/libgcc.a
LOAD /Users/killzyy/Library/Application Support/Code/User/globalStorage/bmd.stm32-for-vscode/@xpack-dev-tools/arm-none-eabi-gcc/14.2.1-1.1.1/.content/bin/../lib/gcc/arm-none-eabi/14.2.1/../../../../arm-none-eabi/lib/thumb/v6-m/nofp/libc_nano.a
END GROUP
START GROUP
LOAD /Users/killzyy/Library/Application Support/Code/User/globalStorage/bmd.stm32-for-vscode/@xpack-dev-tools/arm-none-eabi-gcc/14.2.1-1.1.1/.content/bin/../lib/gcc/arm-none-eabi/14.2.1/thumb/v6-m/nofp/libgcc.a
LOAD /Users/killzyy/Library/Application Support/Code/User/globalStorage/bmd.stm32-for-vscode/@xpack-dev-tools/arm-none-eabi-gcc/14.2.1-1.1.1/.content/bin/../lib/gcc/arm-none-eabi/14.2.1/../../../../arm-none-eabi/lib/thumb/v6-m/nofp/libc_nano.a
END GROUP
LOAD /Users/killzyy/Library/Application Support/Code/User/globalStorage/bmd.stm32-for-vscode/@xpack-dev-tools/arm-none-eabi-gcc/14.2.1-1.1.1/.content/bin/../lib/gcc/arm-none-eabi/14.2.1/thumb/v6-m/nofp/crtend.o
LOAD /Users/killzyy/Library/Application Support/Code/User/globalStorage/bmd.stm32-for-vscode/@xpack-dev-tools/arm-none-eabi-gcc/14.2.1-1.1.1/.content/bin/../lib/gcc/arm-none-eabi/14.2.1/thumb/v6-m/nofp/crtn.o
                0x20003000                        _estack = (ORIGIN (RAM) + LENGTH (RAM))
                0x00000200                        _Min_Heap_Size = 0x200
                0x00000400                        _Min_Stack_Size = 0x400

.isr_vector     0x08000000       0xc0
                0x08000000                        . = ALIGN (0x4)
 *(.isr_vector)
 .isr_vector    0x08000000       0xc0 build/debug/startup_stm32c031xx.o
                0x08000000                g_pfnVectors
                0x080000c0                        . = ALIGN (0x4)

.text           0x080000c0     0x5da0
                0x080000c0                        . = ALIGN (0x4)
 *(.text)
 .text          0x080000c0       0x14 /Users/killzyy/Library/Application Support/Code/User/globalStorage/bmd.stm32-for-vscode/@xpack-dev-tools/arm-none-eabi-gcc/14.2.1-1.1.1/.content/bin/../lib/gcc/arm-none-eabi/14.2.1/../../../../arm-none-eabi/lib/thumb/v6-m/nofp/libc_nano.a(libc_a-strcmp.o)
                0x080000c0                strcmp
 .text          0x080000d4        0xe /Users/killzyy/Library/Application Support/Code/User/globalStorage/bmd.stm32-for-vscode/@xpack-dev-tools/arm-none-eabi-gcc/14.2.1-1.1.1/.content/bin/../lib/gcc/arm-none-eabi/14.2.1/../../../../arm-none-eabi/lib/thumb/v6-m/nofp/libc_nano.a(libc_a-strlen.o)
                0x080000d4                strlen
 *fill*         0x080000e2        0x2 
 .text          0x080000e4       0x14 /Users/killzyy/Library/Application Support/Code/User/globalStorage/bmd.stm32-for-vscode/@xpack-dev-tools/arm-none-eabi-gcc/14.2.1-1.1.1/.content/bin/../lib/gcc/arm-none-eabi/14.2.1/thumb/v6-m/nofp/libgcc.a(_thumb1_case_shi.o)
                0x080000e4                __gnu_thumb1_case_shi
 .text          0x080000f8      0x114 /Users/killzyy/Library/Application Support/Code/User/globalStorage/bmd.stm32-for-vscode/@xpack-dev-tools/arm-none-eabi-gcc/14.2.1-1.1.1/.content/bin/../lib/gcc/arm-none-eabi/14.2.1/thumb/v6-m/nofp/libgcc.a(_udivsi3.o)
                0x080000f8                __udivsi3
                0x080000f8                __aeabi_uidiv
                0x08000204                __aeabi_uidivmod
 .text          0x0800020c      0x1d4 /Users/killzyy/Library/Application Support/Code/User/globalStorage/bmd.stm32-for-vscode/@xpack-dev-tools/arm-none-eabi-gcc/14.2.1-1.1.1/.content/bin/../lib/gcc/arm-none-eabi/14.2.1/thumb/v6-m/nofp/libgcc.a(_divsi3.o)
                0x0800020c                __aeabi_idiv
                0x0800020c                __divsi3
                0x080003d8                __aeabi_idivmod
 .text          0x080003e0        0x4 /Users/killzyy/Library/Application Support/Code/User/globalStorage/bmd.stm32-for-vscode/@xpack-dev-tools/arm-none-eabi-gcc/14.2.1-1.1.1/.content/bin/../lib/gcc/arm-none-eabi/14.2.1/thumb/v6-m/nofp/libgcc.a(_dvmd_tls.o)
                0x080003e0                __aeabi_ldiv0
                0x080003e0                __aeabi_idiv0
 .text          0x080003e4       0x74 /Users/killzyy/Library/Application Support/Code/User/globalStorage/bmd.stm32-for-vscode/@xpack-dev-tools/arm-none-eabi-gcc/14.2.1-1.1.1/.content/bin/../lib/gcc/arm-none-eabi/14.2.1/thumb/v6-m/nofp/libgcc.a(_arm_cmpsf2.o)
                0x080003e4                __aeabi_cfrcmple
                0x080003ec                __aeabi_cfcmple
                0x080003ec                __aeabi_cfcmpeq
                0x080003fc                __aeabi_fcmpeq
                0x08000408                __aeabi_fcmplt
                0x0800041c                __aeabi_fcmple
                0x08000430                __aeabi_fcmpgt
                0x08000444                __aeabi_fcmpge
 .text          0x08000458       0x3c /Users/killzyy/Library/Application Support/Code/User/globalStorage/bmd.stm32-for-vscode/@xpack-dev-tools/arm-none-eabi-gcc/14.2.1-1.1.1/.content/bin/../lib/gcc/arm-none-eabi/14.2.1/thumb/v6-m/nofp/libgcc.a(_clzsi2.o)
                0x08000458                __clzsi2
 *(.text*)
 .text.__do_global_dtors_aux
                0x08000494       0x28 /Users/killzyy/Library/Application Support/Code/User/globalStorage/bmd.stm32-for-vscode/@xpack-dev-tools/arm-none-eabi-gcc/14.2.1-1.1.1/.content/bin/../lib/gcc/arm-none-eabi/14.2.1/thumb/v6-m/nofp/crtbegin.o
 .text.frame_dummy
                0x080004bc       0x20 /Users/killzyy/Library/Application Support/Code/User/globalStorage/bmd.stm32-for-vscode/@xpack-dev-tools/arm-none-eabi-gcc/14.2.1-1.1.1/.content/bin/../lib/gcc/arm-none-eabi/14.2.1/thumb/v6-m/nofp/crtbegin.o
 .text.__NVIC_SystemReset
                0x080004dc       0x1c build/debug/main.o
 .text.MX_GPIO_Init
                0x080004f8       0x58 build/debug/main.o
 .text.MX_DMA_Init
                0x08000550       0x30 build/debug/main.o
 .text.do_INIT  0x08000580      0x174 build/debug/main.o
                0x08000580                do_INIT
 .text.do_WAIT_REQUEST
                0x080006f4       0x2c build/debug/main.o
                0x080006f4                do_WAIT_REQUEST
 .text.print    0x08000720       0x18 build/debug/main.o
                0x08000720                print
 .text.toMilliVolt
                0x08000738       0x18 build/debug/main.o
                0x08000738                toMilliVolt
 .text.gaussian_noise_clt
                0x08000750       0x48 build/debug/main.o
                0x08000750                gaussian_noise_clt
 .text.do_LISTENING
                0x08000798      0x17c build/debug/main.o
                0x08000798                do_LISTENING
 .text.start_timer
                0x08000914       0x18 build/debug/main.o
                0x08000914                start_timer
 .text.do_ERROR
                0x0800092c       0x2c build/debug/main.o
                0x0800092c                do_ERROR
 .text.stop_timer
                0x08000958       0x10 build/debug/main.o
                0x08000958                stop_timer
 .text.do_PAUSE
                0x08000968       0x44 build/debug/main.o
                0x08000968                do_PAUSE
 .text.do_WARNING
                0x080009ac       0x30 build/debug/main.o
                0x080009ac                do_WARNING
 .text.cli_process_cmd
                0x080009dc       0xb4 build/debug/main.o
                0x080009dc                cli_process_cmd
 .text.run_state
                0x08000a90       0x1c build/debug/main.o
                0x08000a90                run_state
 .text.main     0x08000aac       0x14 build/debug/main.o
                0x08000aac                main
 .text.HAL_TIM_PeriodElapsedCallback
                0x08000ac0       0x18 build/debug/main.o
                0x08000ac0                HAL_TIM_PeriodElapsedCallback
 .text.HAL_UART_TxCpltCallback
                0x08000ad8        0x2 build/debug/main.o
                0x08000ad8                HAL_UART_TxCpltCallback
 *fill*         0x08000ada        0x2 
 .text.HAL_UART_RxCpltCallback
                0x08000adc       0x5c build/debug/main.o
                0x08000adc                HAL_UART_RxCpltCallback
 .text.Error_Handler
                0x08000b38        0x4 build/debug/main.o
                0x08000b38                Error_Handler
 .text.HAL_InitTick
                0x08000b3c       0x58 build/debug/stm32c0xx_hal.o
                0x08000b3c                HAL_InitTick
 .text.HAL_Init
                0x08000b94       0x18 build/debug/stm32c0xx_hal.o
                0x08000b94                HAL_Init
 .text.HAL_IncTick
                0x08000bac       0x18 build/debug/stm32c0xx_hal.o
                0x08000bac                HAL_IncTick
 .text.HAL_GetTick
                0x08000bc4        0xc build/debug/stm32c0xx_hal.o
                0x08000bc4                HAL_GetTick
 .text.HAL_Delay
                0x08000bd0       0x24 build/debug/stm32c0xx_hal.o
                0x08000bd0                HAL_Delay
 .text.HAL_ADC_Init
                0x08000bf4      0x240 build/debug/stm32c0xx_hal_adc.o
                0x08000bf4                HAL_ADC_Init
 .text.HAL_ADC_PollForConversion
                0x08000e34       0xb8 build/debug/stm32c0xx_hal_adc.o
                0x08000e34                HAL_ADC_PollForConversion
 .text.HAL_ADC_GetValue
                0x08000eec        0x6 build/debug/stm32c0xx_hal_adc.o
                0x08000eec                HAL_ADC_GetValue
 *fill*         0x08000ef2        0x2 
 .text.HAL_ADC_ConfigChannel
                0x08000ef4      0x280 build/debug/stm32c0xx_hal_adc.o
                0x08000ef4                HAL_ADC_ConfigChannel
 .text.ADC_ConversionStop
                0x08001174       0x58 build/debug/stm32c0xx_hal_adc.o
                0x08001174                ADC_ConversionStop
 .text.ADC_Enable
                0x080011cc       0xc8 build/debug/stm32c0xx_hal_adc.o
                0x080011cc                ADC_Enable
 .text.HAL_ADC_Start
                0x08001294       0x68 build/debug/stm32c0xx_hal_adc.o
                0x08001294                HAL_ADC_Start
 .text.ADC_Disable
                0x080012fc       0x8c build/debug/stm32c0xx_hal_adc.o
                0x080012fc                ADC_Disable
 .text.HAL_ADC_Stop
                0x08001388       0x44 build/debug/stm32c0xx_hal_adc.o
                0x08001388                HAL_ADC_Stop
 .text.HAL_ADCEx_Calibration_Start
                0x080013cc      0x17c build/debug/stm32c0xx_hal_adc_ex.o
                0x080013cc                HAL_ADCEx_Calibration_Start
 .text.__NVIC_SetPriority
                0x08001548       0x60 build/debug/stm32c0xx_hal_cortex.o
 .text.SysTick_Config
                0x080015a8       0x38 build/debug/stm32c0xx_hal_cortex.o
 .text.HAL_NVIC_SetPriority
                0x080015e0        0x8 build/debug/stm32c0xx_hal_cortex.o
                0x080015e0                HAL_NVIC_SetPriority
 .text.HAL_NVIC_EnableIRQ
                0x080015e8       0x18 build/debug/stm32c0xx_hal_cortex.o
                0x080015e8                HAL_NVIC_EnableIRQ
 .text.HAL_SYSTICK_Config
                0x08001600        0x8 build/debug/stm32c0xx_hal_cortex.o
                0x08001600                HAL_SYSTICK_Config
 .text.DMA_CalcDMAMUXChannelBaseAndMask
                0x08001608       0x38 build/debug/stm32c0xx_hal_dma.o
 .text.DMA_CalcDMAMUXRequestGenBaseAndMask
                0x08001640       0x28 build/debug/stm32c0xx_hal_dma.o
 .text.HAL_DMA_Init
                0x08001668       0xb0 build/debug/stm32c0xx_hal_dma.o
                0x08001668                HAL_DMA_Init
 .text.HAL_DMA_Abort
                0x08001718       0x80 build/debug/stm32c0xx_hal_dma.o
                0x08001718                HAL_DMA_Abort
 .text.HAL_DMA_Abort_IT
                0x08001798       0x88 build/debug/stm32c0xx_hal_dma.o
                0x08001798                HAL_DMA_Abort_IT
 .text.HAL_DMA_IRQHandler
                0x08001820       0xcc build/debug/stm32c0xx_hal_dma.o
                0x08001820                HAL_DMA_IRQHandler
 .text.HAL_EXTI_RegisterCallback
                0x080018ec       0x24 build/debug/stm32c0xx_hal_exti.o
                0x080018ec                HAL_EXTI_RegisterCallback
 .text.HAL_EXTI_GetHandle
                0x08001910        0xe build/debug/stm32c0xx_hal_exti.o
                0x08001910                HAL_EXTI_GetHandle
 *fill*         0x0800191e        0x2 
 .text.HAL_EXTI_IRQHandler
                0x08001920       0x48 build/debug/stm32c0xx_hal_exti.o
                0x08001920                HAL_EXTI_IRQHandler
 .text.HAL_GPIO_Init
                0x08001968      0x1bc build/debug/stm32c0xx_hal_gpio.o
                0x08001968                HAL_GPIO_Init
 .text.HAL_GPIO_ReadPin
                0x08001b24        0xe build/debug/stm32c0xx_hal_gpio.o
                0x08001b24                HAL_GPIO_ReadPin
 .text.HAL_GPIO_WritePin
                0x08001b32        0xc build/debug/stm32c0xx_hal_gpio.o
                0x08001b32                HAL_GPIO_WritePin
 .text.HAL_GPIO_TogglePin
                0x08001b3e       0x10 build/debug/stm32c0xx_hal_gpio.o
                0x08001b3e                HAL_GPIO_TogglePin
 *fill*         0x08001b4e        0x2 
 .text.HAL_MspInit
                0x08001b50       0x30 build/debug/stm32c0xx_hal_msp.o
                0x08001b50                HAL_MspInit
 .text.HAL_ADC_MspInit
                0x08001b80       0xbc build/debug/stm32c0xx_hal_msp.o
                0x08001b80                HAL_ADC_MspInit
 .text.HAL_TIM_Base_MspInit
                0x08001c3c       0x40 build/debug/stm32c0xx_hal_msp.o
                0x08001c3c                HAL_TIM_Base_MspInit
 .text.HAL_UART_MspInit
                0x08001c7c       0x70 build/debug/stm32c0xx_hal_msp.o
                0x08001c7c                HAL_UART_MspInit
 .text.HAL_RCC_OscConfig
                0x08001cec      0x2bc build/debug/stm32c0xx_hal_rcc.o
                0x08001cec                HAL_RCC_OscConfig
 .text.HAL_RCC_GetSysClockFreq
                0x08001fa8       0x5c build/debug/stm32c0xx_hal_rcc.o
                0x08001fa8                HAL_RCC_GetSysClockFreq
 .text.HAL_RCC_ClockConfig
                0x08002004      0x184 build/debug/stm32c0xx_hal_rcc.o
                0x08002004                HAL_RCC_ClockConfig
 .text.HAL_RCC_GetHCLKFreq
                0x08002188       0x30 build/debug/stm32c0xx_hal_rcc.o
                0x08002188                HAL_RCC_GetHCLKFreq
 .text.HAL_RCC_GetPCLK1Freq
                0x080021b8       0x28 build/debug/stm32c0xx_hal_rcc.o
                0x080021b8                HAL_RCC_GetPCLK1Freq
 .text.HAL_RCCEx_PeriphCLKConfig
                0x080021e0      0x134 build/debug/stm32c0xx_hal_rcc_ex.o
                0x080021e0                HAL_RCCEx_PeriphCLKConfig
 .text.HAL_TIM_Base_Start_IT
                0x08002314       0x68 build/debug/stm32c0xx_hal_tim.o
                0x08002314                HAL_TIM_Base_Start_IT
 .text.HAL_TIM_Base_Stop_IT
                0x0800237c       0x38 build/debug/stm32c0xx_hal_tim.o
                0x0800237c                HAL_TIM_Base_Stop_IT
 .text.HAL_TIM_OC_DelayElapsedCallback
                0x080023b4        0x2 build/debug/stm32c0xx_hal_tim.o
                0x080023b4                HAL_TIM_OC_DelayElapsedCallback
 .text.HAL_TIM_IC_CaptureCallback
                0x080023b6        0x2 build/debug/stm32c0xx_hal_tim.o
                0x080023b6                HAL_TIM_IC_CaptureCallback
 .text.HAL_TIM_PWM_PulseFinishedCallback
                0x080023b8        0x2 build/debug/stm32c0xx_hal_tim.o
                0x080023b8                HAL_TIM_PWM_PulseFinishedCallback
 .text.HAL_TIM_TriggerCallback
                0x080023ba        0x2 build/debug/stm32c0xx_hal_tim.o
                0x080023ba                HAL_TIM_TriggerCallback
 .text.HAL_TIM_IRQHandler
                0x080023bc      0x160 build/debug/stm32c0xx_hal_tim.o
                0x080023bc                HAL_TIM_IRQHandler
 .text.TIM_Base_SetConfig
                0x0800251c       0x8c build/debug/stm32c0xx_hal_tim.o
                0x0800251c                TIM_Base_SetConfig
 .text.HAL_TIM_Base_Init
                0x080025a8       0x60 build/debug/stm32c0xx_hal_tim.o
                0x080025a8                HAL_TIM_Base_Init
 .text.HAL_TIMEx_CommutCallback
                0x08002608        0x2 build/debug/stm32c0xx_hal_tim_ex.o
                0x08002608                HAL_TIMEx_CommutCallback
 .text.HAL_TIMEx_BreakCallback
                0x0800260a        0x2 build/debug/stm32c0xx_hal_tim_ex.o
                0x0800260a                HAL_TIMEx_BreakCallback
 .text.HAL_TIMEx_Break2Callback
                0x0800260c        0x2 build/debug/stm32c0xx_hal_tim_ex.o
                0x0800260c                HAL_TIMEx_Break2Callback
 *fill*         0x0800260e        0x2 
 .text.UART_EndRxTransfer
                0x08002610       0x64 build/debug/stm32c0xx_hal_uart.o
 .text.UART_TxISR_8BIT
                0x08002674       0x5e build/debug/stm32c0xx_hal_uart.o
 .text.UART_TxISR_16BIT
                0x080026d2       0x62 build/debug/stm32c0xx_hal_uart.o
 .text.UART_TxISR_8BIT_FIFOEN
                0x08002734       0x78 build/debug/stm32c0xx_hal_uart.o
 .text.UART_TxISR_16BIT_FIFOEN
                0x080027ac       0x7c build/debug/stm32c0xx_hal_uart.o
 .text.HAL_UART_Transmit_IT
                0x08002828       0xd0 build/debug/stm32c0xx_hal_uart.o
                0x08002828                HAL_UART_Transmit_IT
 .text.UART_EndTransmit_IT
                0x080028f8       0x2a build/debug/stm32c0xx_hal_uart.o
 .text.HAL_UART_ErrorCallback
                0x08002922        0x2 build/debug/stm32c0xx_hal_uart.o
                0x08002922                HAL_UART_ErrorCallback
 .text.UART_DMAAbortOnError
                0x08002924       0x10 build/debug/stm32c0xx_hal_uart.o
 .text.HAL_UARTEx_RxEventCallback
                0x08002934        0x2 build/debug/stm32c0xx_hal_uart.o
                0x08002934                HAL_UARTEx_RxEventCallback
 *fill*         0x08002936        0x2 
 .text.HAL_UART_IRQHandler
                0x08002938      0x330 build/debug/stm32c0xx_hal_uart.o
                0x08002938                HAL_UART_IRQHandler
 .text.UART_RxISR_8BIT
                0x08002c68       0xd8 build/debug/stm32c0xx_hal_uart.o
 .text.UART_RxISR_16BIT
                0x08002d40       0xd8 build/debug/stm32c0xx_hal_uart.o
 .text.UART_RxISR_8BIT_FIFOEN
                0x08002e18      0x1c8 build/debug/stm32c0xx_hal_uart.o
 .text.UART_RxISR_16BIT_FIFOEN
                0x08002fe0      0x1c8 build/debug/stm32c0xx_hal_uart.o
 .text.UART_SetConfig
                0x080031a8      0x1c4 build/debug/stm32c0xx_hal_uart.o
                0x080031a8                UART_SetConfig
 .text.UART_AdvFeatureConfig
                0x0800336c       0xe0 build/debug/stm32c0xx_hal_uart.o
                0x0800336c                UART_AdvFeatureConfig
 .text.UART_WaitOnFlagUntilTimeout
                0x0800344c       0x9e build/debug/stm32c0xx_hal_uart.o
                0x0800344c                UART_WaitOnFlagUntilTimeout
 *fill*         0x080034ea        0x2 
 .text.UART_CheckIdleState
                0x080034ec       0xd4 build/debug/stm32c0xx_hal_uart.o
                0x080034ec                UART_CheckIdleState
 .text.HAL_UART_Init
                0x080035c0       0x70 build/debug/stm32c0xx_hal_uart.o
                0x080035c0                HAL_UART_Init
 .text.UART_Start_Receive_IT
                0x08003630      0x164 build/debug/stm32c0xx_hal_uart.o
                0x08003630                UART_Start_Receive_IT
 .text.HAL_UART_Receive_IT
                0x08003794       0x62 build/debug/stm32c0xx_hal_uart.o
                0x08003794                HAL_UART_Receive_IT
 .text.HAL_UARTEx_WakeupCallback
                0x080037f6        0x2 build/debug/stm32c0xx_hal_uart_ex.o
                0x080037f6                HAL_UARTEx_WakeupCallback
 .text.HAL_UARTEx_RxFifoFullCallback
                0x080037f8        0x2 build/debug/stm32c0xx_hal_uart_ex.o
                0x080037f8                HAL_UARTEx_RxFifoFullCallback
 .text.HAL_UARTEx_TxFifoEmptyCallback
                0x080037fa        0x2 build/debug/stm32c0xx_hal_uart_ex.o
                0x080037fa                HAL_UARTEx_TxFifoEmptyCallback
 .text.NMI_Handler
                0x080037fc        0x2 build/debug/stm32c0xx_it.o
                0x080037fc                NMI_Handler
 .text.HardFault_Handler
                0x080037fe        0x2 build/debug/stm32c0xx_it.o
                0x080037fe                HardFault_Handler
 .text.SVC_Handler
                0x08003800        0x2 build/debug/stm32c0xx_it.o
                0x08003800                SVC_Handler
 .text.PendSV_Handler
                0x08003802        0x2 build/debug/stm32c0xx_it.o
                0x08003802                PendSV_Handler
 .text.SysTick_Handler
                0x08003804        0x8 build/debug/stm32c0xx_it.o
                0x08003804                SysTick_Handler
 .text.EXTI4_15_IRQHandler
                0x0800380c        0xa build/debug/stm32c0xx_it.o
                0x0800380c                EXTI4_15_IRQHandler
 *fill*         0x08003816        0x2 
 .text.DMA1_Channel1_IRQHandler
                0x08003818       0x10 build/debug/stm32c0xx_it.o
                0x08003818                DMA1_Channel1_IRQHandler
 .text.TIM14_IRQHandler
                0x08003828       0x10 build/debug/stm32c0xx_it.o
                0x08003828                TIM14_IRQHandler
 .text.USART2_IRQHandler
                0x08003838       0x10 build/debug/stm32c0xx_it.o
                0x08003838                USART2_IRQHandler
 .text.BSP_LED_Init
                0x08003848       0x84 build/debug/stm32c0xx_nucleo.o
                0x08003848                BSP_LED_Init
 .text.BSP_LED_On
                0x080038cc       0x44 build/debug/stm32c0xx_nucleo.o
                0x080038cc                BSP_LED_On
 .text.BSP_LED_Off
                0x08003910       0x44 build/debug/stm32c0xx_nucleo.o
                0x08003910                BSP_LED_Off
 .text.BSP_LED_Toggle
                0x08003954       0x28 build/debug/stm32c0xx_nucleo.o
                0x08003954                BSP_LED_Toggle
 .text.BSP_PB_Init
                0x0800397c       0x90 build/debug/stm32c0xx_nucleo.o
                0x0800397c                BSP_PB_Init
 .text.BSP_PB_GetState
                0x08003a0c       0x14 build/debug/stm32c0xx_nucleo.o
                0x08003a0c                BSP_PB_GetState
 .text.BSP_PB_IRQHandler
                0x08003a20       0x18 build/debug/stm32c0xx_nucleo.o
                0x08003a20                BSP_PB_IRQHandler
 .text.BSP_PB_Callback
                0x08003a38        0x2 build/debug/stm32c0xx_nucleo.o
                0x08003a38                BSP_PB_Callback
 .text.BUTTON_USER_EXTI_Callback
                0x08003a3a        0xa build/debug/stm32c0xx_nucleo.o
 .text._getpid  0x08003a44        0x4 build/debug/syscalls.o
                0x08003a44                _getpid
 .text._kill    0x08003a48       0x10 build/debug/syscalls.o
                0x08003a48                _kill
 .text._exit    0x08003a58        0xc build/debug/syscalls.o
                0x08003a58                _exit
 .text._read    0x08003a64       0x1c build/debug/syscalls.o
                0x08003a64                _read
 .text._write   0x08003a80       0x1c build/debug/syscalls.o
                0x08003a80                _write
 .text._close   0x08003a9c        0x6 build/debug/syscalls.o
                0x08003a9c                _close
 .text._fstat   0x08003aa2        0xa build/debug/syscalls.o
                0x08003aa2                _fstat
 .text._isatty  0x08003aac        0x4 build/debug/syscalls.o
                0x08003aac                _isatty
 .text._lseek   0x08003ab0        0x4 build/debug/syscalls.o
                0x08003ab0                _lseek
 .text._sbrk    0x08003ab4       0x48 build/debug/sysmem.o
                0x08003ab4                _sbrk
 .text.SystemInit
                0x08003afc       0x10 build/debug/system_stm32c0xx.o
                0x08003afc                SystemInit
 .text.Reset_Handler
                0x08003b0c       0x50 build/debug/startup_stm32c031xx.o
                0x08003b0c                Reset_Handler
 .text.Default_Handler
                0x08003b5c        0x2 build/debug/startup_stm32c031xx.o
                0x08003b5c                TIM1_BRK_UP_TRG_COM_IRQHandler
                0x08003b5c                I2C1_IRQHandler
                0x08003b5c                DMAMUX1_IRQHandler
                0x08003b5c                SPI1_IRQHandler
                0x08003b5c                EXTI2_3_IRQHandler
                0x08003b5c                ADC1_IRQHandler
                0x08003b5c                TIM17_IRQHandler
                0x08003b5c                RTC_IRQHandler
                0x08003b5c                TIM16_IRQHandler
                0x08003b5c                TIM3_IRQHandler
                0x08003b5c                RCC_IRQHandler
                0x08003b5c                Default_Handler
                0x08003b5c                EXTI0_1_IRQHandler
                0x08003b5c                WWDG_IRQHandler
                0x08003b5c                DMA1_Channel2_3_IRQHandler
                0x08003b5c                FLASH_IRQHandler
                0x08003b5c                USART1_IRQHandler
                0x08003b5c                TIM1_CC_IRQHandler
 *fill*         0x08003b5e        0x2 
 .text.snprintf
                0x08003b60       0x68 /Users/killzyy/Library/Application Support/Code/User/globalStorage/bmd.stm32-for-vscode/@xpack-dev-tools/arm-none-eabi-gcc/14.2.1-1.1.1/.content/bin/../lib/gcc/arm-none-eabi/14.2.1/../../../../arm-none-eabi/lib/thumb/v6-m/nofp/libc_nano.a(libc_a-snprintf.o)
                0x08003b60                snprintf
                0x08003b60                sniprintf
 .text.srand    0x08003bc8       0x5c /Users/killzyy/Library/Application Support/Code/User/globalStorage/bmd.stm32-for-vscode/@xpack-dev-tools/arm-none-eabi-gcc/14.2.1-1.1.1/.content/bin/../lib/gcc/arm-none-eabi/14.2.1/../../../../arm-none-eabi/lib/thumb/v6-m/nofp/libc_nano.a(libc_a-rand.o)
                0x08003bc8                srand
 .text.rand     0x08003c24       0x7c /Users/killzyy/Library/Application Support/Code/User/globalStorage/bmd.stm32-for-vscode/@xpack-dev-tools/arm-none-eabi-gcc/14.2.1-1.1.1/.content/bin/../lib/gcc/arm-none-eabi/14.2.1/../../../../arm-none-eabi/lib/thumb/v6-m/nofp/libc_nano.a(libc_a-rand.o)
                0x08003c24                rand
 .text.std      0x08003ca0       0x6c /Users/killzyy/Library/Application Support/Code/User/globalStorage/bmd.stm32-for-vscode/@xpack-dev-tools/arm-none-eabi-gcc/14.2.1-1.1.1/.content/bin/../lib/gcc/arm-none-eabi/14.2.1/../../../../arm-none-eabi/lib/thumb/v6-m/nofp/libc_nano.a(libc_a-findfp.o)
 .text.stdio_exit_handler
                0x08003d0c       0x1c /Users/killzyy/Library/Application Support/Code/User/globalStorage/bmd.stm32-for-vscode/@xpack-dev-tools/arm-none-eabi-gcc/14.2.1-1.1.1/.content/bin/../lib/gcc/arm-none-eabi/14.2.1/../../../../arm-none-eabi/lib/thumb/v6-m/nofp/libc_nano.a(libc_a-findfp.o)
 .text.cleanup_stdio
                0x08003d28       0x3c /Users/killzyy/Library/Application Support/Code/User/globalStorage/bmd.stm32-for-vscode/@xpack-dev-tools/arm-none-eabi-gcc/14.2.1-1.1.1/.content/bin/../lib/gcc/arm-none-eabi/14.2.1/../../../../arm-none-eabi/lib/thumb/v6-m/nofp/libc_nano.a(libc_a-findfp.o)
 .text.global_stdio_init.part.0
                0x08003d64       0x3c /Users/killzyy/Library/Application Support/Code/User/globalStorage/bmd.stm32-for-vscode/@xpack-dev-tools/arm-none-eabi-gcc/14.2.1-1.1.1/.content/bin/../lib/gcc/arm-none-eabi/14.2.1/../../../../arm-none-eabi/lib/thumb/v6-m/nofp/libc_nano.a(libc_a-findfp.o)
 .text.__sfp_lock_acquire
                0x08003da0       0x10 /Users/killzyy/Library/Application Support/Code/User/globalStorage/bmd.stm32-for-vscode/@xpack-dev-tools/arm-none-eabi-gcc/14.2.1-1.1.1/.content/bin/../lib/gcc/arm-none-eabi/14.2.1/../../../../arm-none-eabi/lib/thumb/v6-m/nofp/libc_nano.a(libc_a-findfp.o)
                0x08003da0                __sfp_lock_acquire
 .text.__sfp_lock_release
                0x08003db0       0x10 /Users/killzyy/Library/Application Support/Code/User/globalStorage/bmd.stm32-for-vscode/@xpack-dev-tools/arm-none-eabi-gcc/14.2.1-1.1.1/.content/bin/../lib/gcc/arm-none-eabi/14.2.1/../../../../arm-none-eabi/lib/thumb/v6-m/nofp/libc_nano.a(libc_a-findfp.o)
                0x08003db0                __sfp_lock_release
 .text.__sinit  0x08003dc0       0x30 /Users/killzyy/Library/Application Support/Code/User/globalStorage/bmd.stm32-for-vscode/@xpack-dev-tools/arm-none-eabi-gcc/14.2.1-1.1.1/.content/bin/../lib/gcc/arm-none-eabi/14.2.1/../../../../arm-none-eabi/lib/thumb/v6-m/nofp/libc_nano.a(libc_a-findfp.o)
                0x08003dc0                __sinit
 .text._fwalk_sglue
                0x08003df0       0x38 /Users/killzyy/Library/Application Support/Code/User/globalStorage/bmd.stm32-for-vscode/@xpack-dev-tools/arm-none-eabi-gcc/14.2.1-1.1.1/.content/bin/../lib/gcc/arm-none-eabi/14.2.1/../../../../arm-none-eabi/lib/thumb/v6-m/nofp/libc_nano.a(libc_a-fwalk.o)
                0x08003df0                _fwalk_sglue
 .text.memset   0x08003e28       0x10 /Users/killzyy/Library/Application Support/Code/User/globalStorage/bmd.stm32-for-vscode/@xpack-dev-tools/arm-none-eabi-gcc/14.2.1-1.1.1/.content/bin/../lib/gcc/arm-none-eabi/14.2.1/../../../../arm-none-eabi/lib/thumb/v6-m/nofp/libc_nano.a(libc_a-memset.o)
                0x08003e28                memset
 .text.__errno  0x08003e38        0xc /Users/killzyy/Library/Application Support/Code/User/globalStorage/bmd.stm32-for-vscode/@xpack-dev-tools/arm-none-eabi-gcc/14.2.1-1.1.1/.content/bin/../lib/gcc/arm-none-eabi/14.2.1/../../../../arm-none-eabi/lib/thumb/v6-m/nofp/libc_nano.a(libc_a-errno.o)
                0x08003e38                __errno
 .text.__libc_init_array
                0x08003e44       0x48 /Users/killzyy/Library/Application Support/Code/User/globalStorage/bmd.stm32-for-vscode/@xpack-dev-tools/arm-none-eabi-gcc/14.2.1-1.1.1/.content/bin/../lib/gcc/arm-none-eabi/14.2.1/../../../../arm-none-eabi/lib/thumb/v6-m/nofp/libc_nano.a(libc_a-init.o)
                0x08003e44                __libc_init_array
 .text.time     0x08003e8c       0x38 /Users/killzyy/Library/Application Support/Code/User/globalStorage/bmd.stm32-for-vscode/@xpack-dev-tools/arm-none-eabi-gcc/14.2.1-1.1.1/.content/bin/../lib/gcc/arm-none-eabi/14.2.1/../../../../arm-none-eabi/lib/thumb/v6-m/nofp/libc_nano.a(libc_a-time.o)
                0x08003e8c                time
 .text.__retarget_lock_init_recursive
                0x08003ec4        0x2 /Users/killzyy/Library/Application Support/Code/User/globalStorage/bmd.stm32-for-vscode/@xpack-dev-tools/arm-none-eabi-gcc/14.2.1-1.1.1/.content/bin/../lib/gcc/arm-none-eabi/14.2.1/../../../../arm-none-eabi/lib/thumb/v6-m/nofp/libc_nano.a(libc_a-lock.o)
                0x08003ec4                __retarget_lock_init_recursive
 .text.__retarget_lock_acquire_recursive
                0x08003ec6        0x2 /Users/killzyy/Library/Application Support/Code/User/globalStorage/bmd.stm32-for-vscode/@xpack-dev-tools/arm-none-eabi-gcc/14.2.1-1.1.1/.content/bin/../lib/gcc/arm-none-eabi/14.2.1/../../../../arm-none-eabi/lib/thumb/v6-m/nofp/libc_nano.a(libc_a-lock.o)
                0x08003ec6                __retarget_lock_acquire_recursive
 .text.__retarget_lock_release_recursive
                0x08003ec8        0x2 /Users/killzyy/Library/Application Support/Code/User/globalStorage/bmd.stm32-for-vscode/@xpack-dev-tools/arm-none-eabi-gcc/14.2.1-1.1.1/.content/bin/../lib/gcc/arm-none-eabi/14.2.1/../../../../arm-none-eabi/lib/thumb/v6-m/nofp/libc_nano.a(libc_a-lock.o)
                0x08003ec8                __retarget_lock_release_recursive
 *fill*         0x08003eca        0x2 
 .text._gettimeofday_r
                0x08003ecc       0x24 /Users/killzyy/Library/Application Support/Code/User/globalStorage/bmd.stm32-for-vscode/@xpack-dev-tools/arm-none-eabi-gcc/14.2.1-1.1.1/.content/bin/../lib/gcc/arm-none-eabi/14.2.1/../../../../arm-none-eabi/lib/thumb/v6-m/nofp/libc_nano.a(libc_a-gettimeofdayr.o)
                0x08003ecc                _gettimeofday_r
 .text.__assert_func
                0x08003ef0       0x3c /Users/killzyy/Library/Application Support/Code/User/globalStorage/bmd.stm32-for-vscode/@xpack-dev-tools/arm-none-eabi-gcc/14.2.1-1.1.1/.content/bin/../lib/gcc/arm-none-eabi/14.2.1/../../../../arm-none-eabi/lib/thumb/v6-m/nofp/libc_nano.a(libc_a-assert.o)
                0x08003ef0                __assert_func
 .text.__ssputs_r
                0x08003f2c       0xc8 /Users/killzyy/Library/Application Support/Code/User/globalStorage/bmd.stm32-for-vscode/@xpack-dev-tools/arm-none-eabi-gcc/14.2.1-1.1.1/.content/bin/../lib/gcc/arm-none-eabi/14.2.1/../../../../arm-none-eabi/lib/thumb/v6-m/nofp/libc_nano.a(libc_a-nano-svfprintf.o)
                0x08003f2c                __ssputs_r
 .text._svfprintf_r
                0x08003ff4      0x208 /Users/killzyy/Library/Application Support/Code/User/globalStorage/bmd.stm32-for-vscode/@xpack-dev-tools/arm-none-eabi-gcc/14.2.1-1.1.1/.content/bin/../lib/gcc/arm-none-eabi/14.2.1/../../../../arm-none-eabi/lib/thumb/v6-m/nofp/libc_nano.a(libc_a-nano-svfprintf.o)
                0x08003ff4                _svfprintf_r
                0x08003ff4                _svfiprintf_r
 .text.malloc   0x080041fc       0x14 /Users/killzyy/Library/Application Support/Code/User/globalStorage/bmd.stm32-for-vscode/@xpack-dev-tools/arm-none-eabi-gcc/14.2.1-1.1.1/.content/bin/../lib/gcc/arm-none-eabi/14.2.1/../../../../arm-none-eabi/lib/thumb/v6-m/nofp/libc_nano.a(libc_a-malloc.o)
                0x080041fc                malloc
 .text.sbrk_aligned
                0x08004210       0x44 /Users/killzyy/Library/Application Support/Code/User/globalStorage/bmd.stm32-for-vscode/@xpack-dev-tools/arm-none-eabi-gcc/14.2.1-1.1.1/.content/bin/../lib/gcc/arm-none-eabi/14.2.1/../../../../arm-none-eabi/lib/thumb/v6-m/nofp/libc_nano.a(libc_a-mallocr.o)
 .text._malloc_r
                0x08004254      0x100 /Users/killzyy/Library/Application Support/Code/User/globalStorage/bmd.stm32-for-vscode/@xpack-dev-tools/arm-none-eabi-gcc/14.2.1-1.1.1/.content/bin/../lib/gcc/arm-none-eabi/14.2.1/../../../../arm-none-eabi/lib/thumb/v6-m/nofp/libc_nano.a(libc_a-mallocr.o)
                0x08004254                _malloc_r
 .text._printf_common
                0x08004354       0xde /Users/killzyy/Library/Application Support/Code/User/globalStorage/bmd.stm32-for-vscode/@xpack-dev-tools/arm-none-eabi-gcc/14.2.1-1.1.1/.content/bin/../lib/gcc/arm-none-eabi/14.2.1/../../../../arm-none-eabi/lib/thumb/v6-m/nofp/libc_nano.a(libc_a-nano-vfprintf_i.o)
                0x08004354                _printf_common
 *fill*         0x08004432        0x2 
 .text._printf_i
                0x08004434      0x218 /Users/killzyy/Library/Application Support/Code/User/globalStorage/bmd.stm32-for-vscode/@xpack-dev-tools/arm-none-eabi-gcc/14.2.1-1.1.1/.content/bin/../lib/gcc/arm-none-eabi/14.2.1/../../../../arm-none-eabi/lib/thumb/v6-m/nofp/libc_nano.a(libc_a-nano-vfprintf_i.o)
                0x08004434                _printf_i
 .text.__sflush_r
                0x0800464c      0x114 /Users/killzyy/Library/Application Support/Code/User/globalStorage/bmd.stm32-for-vscode/@xpack-dev-tools/arm-none-eabi-gcc/14.2.1-1.1.1/.content/bin/../lib/gcc/arm-none-eabi/14.2.1/../../../../arm-none-eabi/lib/thumb/v6-m/nofp/libc_nano.a(libc_a-fflush.o)
                0x0800464c                __sflush_r
 .text._fflush_r
                0x08004760       0x56 /Users/killzyy/Library/Application Support/Code/User/globalStorage/bmd.stm32-for-vscode/@xpack-dev-tools/arm-none-eabi-gcc/14.2.1-1.1.1/.content/bin/../lib/gcc/arm-none-eabi/14.2.1/../../../../arm-none-eabi/lib/thumb/v6-m/nofp/libc_nano.a(libc_a-fflush.o)
                0x08004760                _fflush_r
 *fill*         0x080047b6        0x2 
 .text.__malloc_lock
                0x080047b8       0x10 /Users/killzyy/Library/Application Support/Code/User/globalStorage/bmd.stm32-for-vscode/@xpack-dev-tools/arm-none-eabi-gcc/14.2.1-1.1.1/.content/bin/../lib/gcc/arm-none-eabi/14.2.1/../../../../arm-none-eabi/lib/thumb/v6-m/nofp/libc_nano.a(libc_a-mlock.o)
                0x080047b8                __malloc_lock
 .text.__malloc_unlock
                0x080047c8       0x10 /Users/killzyy/Library/Application Support/Code/User/globalStorage/bmd.stm32-for-vscode/@xpack-dev-tools/arm-none-eabi-gcc/14.2.1-1.1.1/.content/bin/../lib/gcc/arm-none-eabi/14.2.1/../../../../arm-none-eabi/lib/thumb/v6-m/nofp/libc_nano.a(libc_a-mlock.o)
                0x080047c8                __malloc_unlock
 .text.__sread  0x080047d8       0x28 /Users/killzyy/Library/Application Support/Code/User/globalStorage/bmd.stm32-for-vscode/@xpack-dev-tools/arm-none-eabi-gcc/14.2.1-1.1.1/.content/bin/../lib/gcc/arm-none-eabi/14.2.1/../../../../arm-none-eabi/lib/thumb/v6-m/nofp/libc_nano.a(libc_a-stdio.o)
                0x080047d8                __sread
 .text.__swrite
                0x08004800       0x38 /Users/killzyy/Library/Application Support/Code/User/globalStorage/bmd.stm32-for-vscode/@xpack-dev-tools/arm-none-eabi-gcc/14.2.1-1.1.1/.content/bin/../lib/gcc/arm-none-eabi/14.2.1/../../../../arm-none-eabi/lib/thumb/v6-m/nofp/libc_nano.a(libc_a-stdio.o)
                0x08004800                __swrite
 .text.__sseek  0x08004838       0x2c /Users/killzyy/Library/Application Support/Code/User/globalStorage/bmd.stm32-for-vscode/@xpack-dev-tools/arm-none-eabi-gcc/14.2.1-1.1.1/.content/bin/../lib/gcc/arm-none-eabi/14.2.1/../../../../arm-none-eabi/lib/thumb/v6-m/nofp/libc_nano.a(libc_a-stdio.o)
                0x08004838                __sseek
 .text.__sclose
                0x08004864        0xc /Users/killzyy/Library/Application Support/Code/User/globalStorage/bmd.stm32-for-vscode/@xpack-dev-tools/arm-none-eabi-gcc/14.2.1-1.1.1/.content/bin/../lib/gcc/arm-none-eabi/14.2.1/../../../../arm-none-eabi/lib/thumb/v6-m/nofp/libc_nano.a(libc_a-stdio.o)
                0x08004864                __sclose
 .text.fprintf  0x08004870       0x20 /Users/killzyy/Library/Application Support/Code/User/globalStorage/bmd.stm32-for-vscode/@xpack-dev-tools/arm-none-eabi-gcc/14.2.1-1.1.1/.content/bin/../lib/gcc/arm-none-eabi/14.2.1/../../../../arm-none-eabi/lib/thumb/v6-m/nofp/libc_nano.a(libc_a-fprintf.o)
                0x08004870                fprintf
                0x08004870                fiprintf
 .text._realloc_r
                0x08004890       0x60 /Users/killzyy/Library/Application Support/Code/User/globalStorage/bmd.stm32-for-vscode/@xpack-dev-tools/arm-none-eabi-gcc/14.2.1-1.1.1/.content/bin/../lib/gcc/arm-none-eabi/14.2.1/../../../../arm-none-eabi/lib/thumb/v6-m/nofp/libc_nano.a(libc_a-reallocr.o)
                0x08004890                _realloc_r
 .text.memmove  0x080048f0       0x24 /Users/killzyy/Library/Application Support/Code/User/globalStorage/bmd.stm32-for-vscode/@xpack-dev-tools/arm-none-eabi-gcc/14.2.1-1.1.1/.content/bin/../lib/gcc/arm-none-eabi/14.2.1/../../../../arm-none-eabi/lib/thumb/v6-m/nofp/libc_nano.a(libc_a-memmove.o)
                0x080048f0                memmove
 .text._lseek_r
                0x08004914       0x28 /Users/killzyy/Library/Application Support/Code/User/globalStorage/bmd.stm32-for-vscode/@xpack-dev-tools/arm-none-eabi-gcc/14.2.1-1.1.1/.content/bin/../lib/gcc/arm-none-eabi/14.2.1/../../../../arm-none-eabi/lib/thumb/v6-m/nofp/libc_nano.a(libc_a-lseekr.o)
                0x08004914                _lseek_r
 .text._read_r  0x0800493c       0x28 /Users/killzyy/Library/Application Support/Code/User/globalStorage/bmd.stm32-for-vscode/@xpack-dev-tools/arm-none-eabi-gcc/14.2.1-1.1.1/.content/bin/../lib/gcc/arm-none-eabi/14.2.1/../../../../arm-none-eabi/lib/thumb/v6-m/nofp/libc_nano.a(libc_a-readr.o)
                0x0800493c                _read_r
 .text._sbrk_r  0x08004964       0x24 /Users/killzyy/Library/Application Support/Code/User/globalStorage/bmd.stm32-for-vscode/@xpack-dev-tools/arm-none-eabi-gcc/14.2.1-1.1.1/.content/bin/../lib/gcc/arm-none-eabi/14.2.1/../../../../arm-none-eabi/lib/thumb/v6-m/nofp/libc_nano.a(libc_a-sbrkr.o)
                0x08004964                _sbrk_r
 .text._write_r
                0x08004988       0x28 /Users/killzyy/Library/Application Support/Code/User/globalStorage/bmd.stm32-for-vscode/@xpack-dev-tools/arm-none-eabi-gcc/14.2.1-1.1.1/.content/bin/../lib/gcc/arm-none-eabi/14.2.1/../../../../arm-none-eabi/lib/thumb/v6-m/nofp/libc_nano.a(libc_a-writer.o)
                0x08004988                _write_r
 .text._close_r
                0x080049b0       0x24 /Users/killzyy/Library/Application Support/Code/User/globalStorage/bmd.stm32-for-vscode/@xpack-dev-tools/arm-none-eabi-gcc/14.2.1-1.1.1/.content/bin/../lib/gcc/arm-none-eabi/14.2.1/../../../../arm-none-eabi/lib/thumb/v6-m/nofp/libc_nano.a(libc_a-closer.o)
                0x080049b0                _close_r
 .text.memchr   0x080049d4       0x16 /Users/killzyy/Library/Application Support/Code/User/globalStorage/bmd.stm32-for-vscode/@xpack-dev-tools/arm-none-eabi-gcc/14.2.1-1.1.1/.content/bin/../lib/gcc/arm-none-eabi/14.2.1/../../../../arm-none-eabi/lib/thumb/v6-m/nofp/libc_nano.a(libc_a-memchr-stub.o)
                0x080049d4                memchr
 .text.memcpy   0x080049ea       0x12 /Users/killzyy/Library/Application Support/Code/User/globalStorage/bmd.stm32-for-vscode/@xpack-dev-tools/arm-none-eabi-gcc/14.2.1-1.1.1/.content/bin/../lib/gcc/arm-none-eabi/14.2.1/../../../../arm-none-eabi/lib/thumb/v6-m/nofp/libc_nano.a(libc_a-memcpy-stub.o)
                0x080049ea                memcpy
 .text.abort    0x080049fc        0xe /Users/killzyy/Library/Application Support/Code/User/globalStorage/bmd.stm32-for-vscode/@xpack-dev-tools/arm-none-eabi-gcc/14.2.1-1.1.1/.content/bin/../lib/gcc/arm-none-eabi/14.2.1/../../../../arm-none-eabi/lib/thumb/v6-m/nofp/libc_nano.a(libc_a-abort.o)
                0x080049fc                abort
 *fill*         0x08004a0a        0x2 
 .text._free_r  0x08004a0c       0x94 /Users/killzyy/Library/Application Support/Code/User/globalStorage/bmd.stm32-for-vscode/@xpack-dev-tools/arm-none-eabi-gcc/14.2.1-1.1.1/.content/bin/../lib/gcc/arm-none-eabi/14.2.1/../../../../arm-none-eabi/lib/thumb/v6-m/nofp/libc_nano.a(libc_a-freer.o)
                0x08004a0c                _free_r
 .text.__sfputc_r
                0x08004aa0       0x2a /Users/killzyy/Library/Application Support/Code/User/globalStorage/bmd.stm32-for-vscode/@xpack-dev-tools/arm-none-eabi-gcc/14.2.1-1.1.1/.content/bin/../lib/gcc/arm-none-eabi/14.2.1/../../../../arm-none-eabi/lib/thumb/v6-m/nofp/libc_nano.a(libc_a-nano-vfprintf.o)
 .text.__sfputs_r
                0x08004aca       0x24 /Users/killzyy/Library/Application Support/Code/User/globalStorage/bmd.stm32-for-vscode/@xpack-dev-tools/arm-none-eabi-gcc/14.2.1-1.1.1/.content/bin/../lib/gcc/arm-none-eabi/14.2.1/../../../../arm-none-eabi/lib/thumb/v6-m/nofp/libc_nano.a(libc_a-nano-vfprintf.o)
                0x08004aca                __sfputs_r
 *fill*         0x08004aee        0x2 
 .text._vfprintf_r
                0x08004af0      0x240 /Users/killzyy/Library/Application Support/Code/User/globalStorage/bmd.stm32-for-vscode/@xpack-dev-tools/arm-none-eabi-gcc/14.2.1-1.1.1/.content/bin/../lib/gcc/arm-none-eabi/14.2.1/../../../../arm-none-eabi/lib/thumb/v6-m/nofp/libc_nano.a(libc_a-nano-vfprintf.o)
                0x08004af0                _vfiprintf_r
                0x08004af0                _vfprintf_r
 .text._malloc_usable_size_r
                0x08004d30       0x10 /Users/killzyy/Library/Application Support/Code/User/globalStorage/bmd.stm32-for-vscode/@xpack-dev-tools/arm-none-eabi-gcc/14.2.1-1.1.1/.content/bin/../lib/gcc/arm-none-eabi/14.2.1/../../../../arm-none-eabi/lib/thumb/v6-m/nofp/libc_nano.a(libc_a-msizer.o)
                0x08004d30                _malloc_usable_size_r
 .text.__swbuf_r
                0x08004d40       0x84 /Users/killzyy/Library/Application Support/Code/User/globalStorage/bmd.stm32-for-vscode/@xpack-dev-tools/arm-none-eabi-gcc/14.2.1-1.1.1/.content/bin/../lib/gcc/arm-none-eabi/14.2.1/../../../../arm-none-eabi/lib/thumb/v6-m/nofp/libc_nano.a(libc_a-wbuf.o)
                0x08004d40                __swbuf_r
 .text.__swsetup_r
                0x08004dc4       0xb4 /Users/killzyy/Library/Application Support/Code/User/globalStorage/bmd.stm32-for-vscode/@xpack-dev-tools/arm-none-eabi-gcc/14.2.1-1.1.1/.content/bin/../lib/gcc/arm-none-eabi/14.2.1/../../../../arm-none-eabi/lib/thumb/v6-m/nofp/libc_nano.a(libc_a-wsetup.o)
                0x08004dc4                __swsetup_r
 .text.__swhatbuf_r
                0x08004e78       0x54 /Users/killzyy/Library/Application Support/Code/User/globalStorage/bmd.stm32-for-vscode/@xpack-dev-tools/arm-none-eabi-gcc/14.2.1-1.1.1/.content/bin/../lib/gcc/arm-none-eabi/14.2.1/../../../../arm-none-eabi/lib/thumb/v6-m/nofp/libc_nano.a(libc_a-makebuf.o)
                0x08004e78                __swhatbuf_r
 .text.__smakebuf_r
                0x08004ecc       0x72 /Users/killzyy/Library/Application Support/Code/User/globalStorage/bmd.stm32-for-vscode/@xpack-dev-tools/arm-none-eabi-gcc/14.2.1-1.1.1/.content/bin/../lib/gcc/arm-none-eabi/14.2.1/../../../../arm-none-eabi/lib/thumb/v6-m/nofp/libc_nano.a(libc_a-makebuf.o)
                0x08004ecc                __smakebuf_r
 .text._raise_r
                0x08004f3e       0x52 /Users/killzyy/Library/Application Support/Code/User/globalStorage/bmd.stm32-for-vscode/@xpack-dev-tools/arm-none-eabi-gcc/14.2.1-1.1.1/.content/bin/../lib/gcc/arm-none-eabi/14.2.1/../../../../arm-none-eabi/lib/thumb/v6-m/nofp/libc_nano.a(libc_a-signal.o)
                0x08004f3e                _raise_r
 .text.raise    0x08004f90       0x14 /Users/killzyy/Library/Application Support/Code/User/globalStorage/bmd.stm32-for-vscode/@xpack-dev-tools/arm-none-eabi-gcc/14.2.1-1.1.1/.content/bin/../lib/gcc/arm-none-eabi/14.2.1/../../../../arm-none-eabi/lib/thumb/v6-m/nofp/libc_nano.a(libc_a-signal.o)
                0x08004f90                raise
 .text._isatty_r
                0x08004fa4       0x24 /Users/killzyy/Library/Application Support/Code/User/globalStorage/bmd.stm32-for-vscode/@xpack-dev-tools/arm-none-eabi-gcc/14.2.1-1.1.1/.content/bin/../lib/gcc/arm-none-eabi/14.2.1/../../../../arm-none-eabi/lib/thumb/v6-m/nofp/libc_nano.a(libc_a-isattyr.o)
                0x08004fa4                _isatty_r
 .text._kill_r  0x08004fc8       0x24 /Users/killzyy/Library/Application Support/Code/User/globalStorage/bmd.stm32-for-vscode/@xpack-dev-tools/arm-none-eabi-gcc/14.2.1-1.1.1/.content/bin/../lib/gcc/arm-none-eabi/14.2.1/../../../../arm-none-eabi/lib/thumb/v6-m/nofp/libc_nano.a(libc_a-signalr.o)
                0x08004fc8                _kill_r
 .text._getpid_r
                0x08004fec        0x8 /Users/killzyy/Library/Application Support/Code/User/globalStorage/bmd.stm32-for-vscode/@xpack-dev-tools/arm-none-eabi-gcc/14.2.1-1.1.1/.content/bin/../lib/gcc/arm-none-eabi/14.2.1/../../../../arm-none-eabi/lib/thumb/v6-m/nofp/libc_nano.a(libc_a-signalr.o)
                0x08004fec                _getpid_r
 .text._fstat_r
                0x08004ff4       0x24 /Users/killzyy/Library/Application Support/Code/User/globalStorage/bmd.stm32-for-vscode/@xpack-dev-tools/arm-none-eabi-gcc/14.2.1-1.1.1/.content/bin/../lib/gcc/arm-none-eabi/14.2.1/../../../../arm-none-eabi/lib/thumb/v6-m/nofp/libc_nano.a(libc_a-fstatr.o)
                0x08004ff4                _fstat_r
 .text._gettimeofday
                0x08005018       0x10 /Users/killzyy/Library/Application Support/Code/User/globalStorage/bmd.stm32-for-vscode/@xpack-dev-tools/arm-none-eabi-gcc/14.2.1-1.1.1/.content/bin/../lib/gcc/arm-none-eabi/14.2.1/../../../../arm-none-eabi/lib/thumb/v6-m/nofp/libnosys.a(gettod.o)
                0x08005018                _gettimeofday
 .text.__muldi3
                0x08005028       0x5c /Users/killzyy/Library/Application Support/Code/User/globalStorage/bmd.stm32-for-vscode/@xpack-dev-tools/arm-none-eabi-gcc/14.2.1-1.1.1/.content/bin/../lib/gcc/arm-none-eabi/14.2.1/thumb/v6-m/nofp/libgcc.a(_muldi3.o)
                0x08005028                __aeabi_lmul
                0x08005028                __muldi3
 .text.__fixunssfsi
                0x08005084       0x30 /Users/killzyy/Library/Application Support/Code/User/globalStorage/bmd.stm32-for-vscode/@xpack-dev-tools/arm-none-eabi-gcc/14.2.1-1.1.1/.content/bin/../lib/gcc/arm-none-eabi/14.2.1/thumb/v6-m/nofp/libgcc.a(_fixunssfsi.o)
                0x08005084                __aeabi_f2uiz
                0x08005084                __fixunssfsi
 .text.__aeabi_fadd
                0x080050b4      0x41c /Users/killzyy/Library/Application Support/Code/User/globalStorage/bmd.stm32-for-vscode/@xpack-dev-tools/arm-none-eabi-gcc/14.2.1-1.1.1/.content/bin/../lib/gcc/arm-none-eabi/14.2.1/thumb/v6-m/nofp/libgcc.a(addsf3.o)
                0x080050b4                __aeabi_fadd
 .text.__aeabi_fmul
                0x080054d0      0x2a4 /Users/killzyy/Library/Application Support/Code/User/globalStorage/bmd.stm32-for-vscode/@xpack-dev-tools/arm-none-eabi-gcc/14.2.1-1.1.1/.content/bin/../lib/gcc/arm-none-eabi/14.2.1/thumb/v6-m/nofp/libgcc.a(mulsf3.o)
                0x080054d0                __aeabi_fmul
 .text.__aeabi_fsub
                0x08005774      0x484 /Users/killzyy/Library/Application Support/Code/User/globalStorage/bmd.stm32-for-vscode/@xpack-dev-tools/arm-none-eabi-gcc/14.2.1-1.1.1/.content/bin/../lib/gcc/arm-none-eabi/14.2.1/thumb/v6-m/nofp/libgcc.a(subsf3.o)
                0x08005774                __aeabi_fsub
 .text.__aeabi_f2iz
                0x08005bf8       0x40 /Users/killzyy/Library/Application Support/Code/User/globalStorage/bmd.stm32-for-vscode/@xpack-dev-tools/arm-none-eabi-gcc/14.2.1-1.1.1/.content/bin/../lib/gcc/arm-none-eabi/14.2.1/thumb/v6-m/nofp/libgcc.a(fixsfsi.o)
                0x08005bf8                __aeabi_f2iz
 .text.__aeabi_i2f
                0x08005c38       0xa0 /Users/killzyy/Library/Application Support/Code/User/globalStorage/bmd.stm32-for-vscode/@xpack-dev-tools/arm-none-eabi-gcc/14.2.1-1.1.1/.content/bin/../lib/gcc/arm-none-eabi/14.2.1/thumb/v6-m/nofp/libgcc.a(floatsisf.o)
                0x08005c38                __aeabi_i2f
 .text.__eqsf2  0x08005cd8       0x50 /Users/killzyy/Library/Application Support/Code/User/globalStorage/bmd.stm32-for-vscode/@xpack-dev-tools/arm-none-eabi-gcc/14.2.1-1.1.1/.content/bin/../lib/gcc/arm-none-eabi/14.2.1/thumb/v6-m/nofp/libgcc.a(eqsf2.o)
                0x08005cd8                __nesf2
                0x08005cd8                __eqsf2
 .text.__gesf2  0x08005d28       0x90 /Users/killzyy/Library/Application Support/Code/User/globalStorage/bmd.stm32-for-vscode/@xpack-dev-tools/arm-none-eabi-gcc/14.2.1-1.1.1/.content/bin/../lib/gcc/arm-none-eabi/14.2.1/thumb/v6-m/nofp/libgcc.a(gesf2.o)
                0x08005d28                __gtsf2
                0x08005d28                __gesf2
 .text.__lesf2  0x08005db8       0x90 /Users/killzyy/Library/Application Support/Code/User/globalStorage/bmd.stm32-for-vscode/@xpack-dev-tools/arm-none-eabi-gcc/14.2.1-1.1.1/.content/bin/../lib/gcc/arm-none-eabi/14.2.1/thumb/v6-m/nofp/libgcc.a(lesf2.o)
                0x08005db8                __lesf2
                0x08005db8                __ltsf2
 *(.glue_7)
 .glue_7        0x08005e48        0x0 linker stubs
 *(.glue_7t)
 .glue_7t       0x08005e48        0x0 linker stubs
 *(.eh_frame)
 .eh_frame      0x08005e48        0x0 /Users/killzyy/Library/Application Support/Code/User/globalStorage/bmd.stm32-for-vscode/@xpack-dev-tools/arm-none-eabi-gcc/14.2.1-1.1.1/.content/bin/../lib/gcc/arm-none-eabi/14.2.1/thumb/v6-m/nofp/crtbegin.o
 *(.init)
 .init          0x08005e48        0x4 /Users/killzyy/Library/Application Support/Code/User/globalStorage/bmd.stm32-for-vscode/@xpack-dev-tools/arm-none-eabi-gcc/14.2.1-1.1.1/.content/bin/../lib/gcc/arm-none-eabi/14.2.1/thumb/v6-m/nofp/crti.o
                0x08005e48                _init
 .init          0x08005e4c        0x8 /Users/killzyy/Library/Application Support/Code/User/globalStorage/bmd.stm32-for-vscode/@xpack-dev-tools/arm-none-eabi-gcc/14.2.1-1.1.1/.content/bin/../lib/gcc/arm-none-eabi/14.2.1/thumb/v6-m/nofp/crtn.o
 *(.fini)
 .fini          0x08005e54        0x4 /Users/killzyy/Library/Application Support/Code/User/globalStorage/bmd.stm32-for-vscode/@xpack-dev-tools/arm-none-eabi-gcc/14.2.1-1.1.1/.content/bin/../lib/gcc/arm-none-eabi/14.2.1/thumb/v6-m/nofp/crti.o
                0x08005e54                _fini
 .fini          0x08005e58        0x8 /Users/killzyy/Library/Application Support/Code/User/globalStorage/bmd.stm32-for-vscode/@xpack-dev-tools/arm-none-eabi-gcc/14.2.1-1.1.1/.content/bin/../lib/gcc/arm-none-eabi/14.2.1/thumb/v6-m/nofp/crtn.o
                0x08005e60                        . = ALIGN (0x4)
                0x08005e60                        _etext = .

.vfp11_veneer   0x08005e60        0x0
 .vfp11_veneer  0x08005e60        0x0 linker stubs

.v4_bx          0x08005e60        0x0
 .v4_bx         0x08005e60        0x0 linker stubs

.iplt           0x08005e60        0x0
 .iplt          0x08005e60        0x0 /Users/killzyy/Library/Application Support/Code/User/globalStorage/bmd.stm32-for-vscode/@xpack-dev-tools/arm-none-eabi-gcc/14.2.1-1.1.1/.content/bin/../lib/gcc/arm-none-eabi/14.2.1/thumb/v6-m/nofp/crtbegin.o

.rodata         0x08005e60      0x298
                0x08005e60                        . = ALIGN (0x4)
 *(.rodata)
 *(.rodata*)
 .rodata.do_LISTENING.str1.4
                0x08005e60       0xc4 build/debug/main.o
                                  0xb (size before relaxing)
 .rodata.do_ERROR.str1.4
                0x08005f24        0x8 build/debug/main.o
 .rodata.do_WARNING.str1.4
                0x08005f24        0xa build/debug/main.o
 .rodata.cli_process_cmd.str1.4
                0x08005f24       0xa4 build/debug/main.o
 .rodata.state_table
                0x08005f24       0x18 build/debug/main.o
                0x08005f24                state_table
 .rodata.UARTPrescTable
                0x08005f3c       0x18 build/debug/stm32c0xx_hal_uart.o
                0x08005f3c                UARTPrescTable
 .rodata.LED_PIN
                0x08005f54        0x4 build/debug/stm32c0xx_nucleo.o
 .rodata.LED_PORT
                0x08005f58        0x8 build/debug/stm32c0xx_nucleo.o
 .rodata.APBPrescTable
                0x08005f60       0x20 build/debug/system_stm32c0xx.o
                0x08005f60                APBPrescTable
 .rodata.AHBPrescTable
                0x08005f80       0x40 build/debug/system_stm32c0xx.o
                0x08005f80                AHBPrescTable
 .rodata.srand.str1.1
                0x08005fc0      0x137 /Users/killzyy/Library/Application Support/Code/User/globalStorage/bmd.stm32-for-vscode/@xpack-dev-tools/arm-none-eabi-gcc/14.2.1-1.1.1/.content/bin/../lib/gcc/arm-none-eabi/14.2.1/../../../../arm-none-eabi/lib/thumb/v6-m/nofp/libc_nano.a(libc_a-rand.o)
                                 0xc8 (size before relaxing)
 .rodata.__assert_func.str1.1
                0x080060f7       0x3d /Users/killzyy/Library/Application Support/Code/User/globalStorage/bmd.stm32-for-vscode/@xpack-dev-tools/arm-none-eabi-gcc/14.2.1-1.1.1/.content/bin/../lib/gcc/arm-none-eabi/14.2.1/../../../../arm-none-eabi/lib/thumb/v6-m/nofp/libc_nano.a(libc_a-assert.o)
 .rodata._svfprintf_r.str1.1
                0x080060f7       0x11 /Users/killzyy/Library/Application Support/Code/User/globalStorage/bmd.stm32-for-vscode/@xpack-dev-tools/arm-none-eabi-gcc/14.2.1-1.1.1/.content/bin/../lib/gcc/arm-none-eabi/14.2.1/../../../../arm-none-eabi/lib/thumb/v6-m/nofp/libc_nano.a(libc_a-nano-svfprintf.o)
 .rodata._printf_i.str1.1
                0x080060f7       0x22 /Users/killzyy/Library/Application Support/Code/User/globalStorage/bmd.stm32-for-vscode/@xpack-dev-tools/arm-none-eabi-gcc/14.2.1-1.1.1/.content/bin/../lib/gcc/arm-none-eabi/14.2.1/../../../../arm-none-eabi/lib/thumb/v6-m/nofp/libc_nano.a(libc_a-nano-vfprintf_i.o)
 .rodata._vfprintf_r.str1.1
                0x080060f7       0x11 /Users/killzyy/Library/Application Support/Code/User/globalStorage/bmd.stm32-for-vscode/@xpack-dev-tools/arm-none-eabi-gcc/14.2.1-1.1.1/.content/bin/../lib/gcc/arm-none-eabi/14.2.1/../../../../arm-none-eabi/lib/thumb/v6-m/nofp/libc_nano.a(libc_a-nano-vfprintf.o)
                0x08006134                        . = ALIGN (0x4)
 *fill*         0x080060f7        0x1 

.ARM.extab      0x080060f8        0x0
                0x080060f8                        . = ALIGN (0x4)
 *(.ARM.extab* .gnu.linkonce.armextab.*)
                0x080060f8                        . = ALIGN (0x4)

.ARM            0x080060f8        0x0
                0x080060f8                        . = ALIGN (0x4)
                0x080060f8                        __exidx_start = .
 *(.ARM.exidx*)
                0x080060f8                        __exidx_end = .
                0x080060f8                        . = ALIGN (0x4)

.preinit_array  0x080060f8        0x0
                0x080060f8                        . = ALIGN (0x4)
                0x080060f8                        PROVIDE (__preinit_array_start = .)
 *(.preinit_array*)
                0x080060f8                        PROVIDE (__preinit_array_end = .)
                0x080060f8                        . = ALIGN (0x4)

.init_array     0x080060f8        0x4
                0x080060f8                        . = ALIGN (0x4)
                0x080060f8                        PROVIDE (__init_array_start = .)
 *(SORT_BY_NAME(.init_array.*))
 *(.init_array*)
 .init_array    0x080060f8        0x4 /Users/killzyy/Library/Application Support/Code/User/globalStorage/bmd.stm32-for-vscode/@xpack-dev-tools/arm-none-eabi-gcc/14.2.1-1.1.1/.content/bin/../lib/gcc/arm-none-eabi/14.2.1/thumb/v6-m/nofp/crtbegin.o
                0x080060fc                        PROVIDE (__init_array_end = .)
                0x080060fc                        . = ALIGN (0x4)

.fini_array     0x080060fc        0x4
                0x080060fc                        . = ALIGN (0x4)
                0x080060fc                        PROVIDE (__fini_array_start = .)
 *(SORT_BY_NAME(.fini_array.*))
 *(.fini_array*)
 .fini_array    0x080060fc        0x4 /Users/killzyy/Library/Application Support/Code/User/globalStorage/bmd.stm32-for-vscode/@xpack-dev-tools/arm-none-eabi-gcc/14.2.1-1.1.1/.content/bin/../lib/gcc/arm-none-eabi/14.2.1/thumb/v6-m/nofp/crtbegin.o
                0x08006100                        PROVIDE (__fini_array_end = .)
                0x08006100                        . = ALIGN (0x4)
                0x08006100                        _sidata = LOADADDR (.data)

.rel.dyn        0x08006100        0x0
 .rel.iplt      0x08006100        0x0 /Users/killzyy/Library/Application Support/Code/User/globalStorage/bmd.stm32-for-vscode/@xpack-dev-tools/arm-none-eabi-gcc/14.2.1-1.1.1/.content/bin/../lib/gcc/arm-none-eabi/14.2.1/thumb/v6-m/nofp/crtbegin.o

.data           0x20000000       0x68 load address 0x08006100
                0x20000000                        . = ALIGN (0x4)
                0x20000000                        _sdata = .
 *(.data)
 *(.data*)
 .data.uwTickFreq
                0x20000000        0x1 build/debug/stm32c0xx_hal.o
                0x20000000                uwTickFreq
 *fill*         0x20000001        0x3 
 .data.uwTickPrio
                0x20000004        0x4 build/debug/stm32c0xx_hal.o
                0x20000004                uwTickPrio
 .data.SystemCoreClock
                0x20000008        0x4 build/debug/system_stm32c0xx.o
                0x20000008                SystemCoreClock
 .data.__sglue  0x2000000c        0xc /Users/killzyy/Library/Application Support/Code/User/globalStorage/bmd.stm32-for-vscode/@xpack-dev-tools/arm-none-eabi-gcc/14.2.1-1.1.1/.content/bin/../lib/gcc/arm-none-eabi/14.2.1/../../../../arm-none-eabi/lib/thumb/v6-m/nofp/libc_nano.a(libc_a-findfp.o)
                0x2000000c                __sglue
 .data._impure_ptr
                0x20000018        0x4 /Users/killzyy/Library/Application Support/Code/User/globalStorage/bmd.stm32-for-vscode/@xpack-dev-tools/arm-none-eabi-gcc/14.2.1-1.1.1/.content/bin/../lib/gcc/arm-none-eabi/14.2.1/../../../../arm-none-eabi/lib/thumb/v6-m/nofp/libc_nano.a(libc_a-impure.o)
                0x20000018                _impure_ptr
 .data._impure_data
                0x2000001c       0x4c /Users/killzyy/Library/Application Support/Code/User/globalStorage/bmd.stm32-for-vscode/@xpack-dev-tools/arm-none-eabi-gcc/14.2.1-1.1.1/.content/bin/../lib/gcc/arm-none-eabi/14.2.1/../../../../arm-none-eabi/lib/thumb/v6-m/nofp/libc_nano.a(libc_a-impure.o)
                0x2000001c                _impure_data
 *(.RamFunc)
 *(.RamFunc*)
                0x20000068                        . = ALIGN (0x4)
                0x20000068                        _edata = .

.igot.plt       0x20000068        0x0 load address 0x08006168
 .igot.plt      0x20000068        0x0 /Users/killzyy/Library/Application Support/Code/User/globalStorage/bmd.stm32-for-vscode/@xpack-dev-tools/arm-none-eabi-gcc/14.2.1-1.1.1/.content/bin/../lib/gcc/arm-none-eabi/14.2.1/thumb/v6-m/nofp/crtbegin.o
                0x20000068                        . = ALIGN (0x4)

.bss            0x20000068      0x4a0 load address 0x08006168
                0x20000068                        _sbss = .
                0x20000068                        __bss_start__ = _sbss
 *(.bss)
 *(.bss*)
 .bss.completed.1
                0x20000068        0x1 /Users/killzyy/Library/Application Support/Code/User/globalStorage/bmd.stm32-for-vscode/@xpack-dev-tools/arm-none-eabi-gcc/14.2.1-1.1.1/.content/bin/../lib/gcc/arm-none-eabi/14.2.1/thumb/v6-m/nofp/crtbegin.o
 *fill*         0x20000069        0x3 
 .bss.object.0  0x2000006c       0x18 /Users/killzyy/Library/Application Support/Code/User/globalStorage/bmd.stm32-for-vscode/@xpack-dev-tools/arm-none-eabi-gcc/14.2.1-1.1.1/.content/bin/../lib/gcc/arm-none-eabi/14.2.1/thumb/v6-m/nofp/crtbegin.o
 .bss.current_state
                0x20000084        0x1 build/debug/main.o
                0x20000084                current_state
 .bss.selected_cmd
                0x20000085        0x1 build/debug/main.o
                0x20000085                selected_cmd
 *fill*         0x20000086        0x2 
 .bss.hall_high_time
                0x20000088        0x4 build/debug/main.o
                0x20000088                hall_high_time
 .bss.sum       0x2000008c        0x4 build/debug/main.o
                0x2000008c                sum
 .bss.counter   0x20000090        0x2 build/debug/main.o
                0x20000090                counter
 *fill*         0x20000092        0x2 
 .bss.filter_buf
                0x20000094      0x12c build/debug/main.o
                0x20000094                filter_buf
 .bss.filter_out
                0x200001c0        0x2 build/debug/main.o
                0x200001c0                filter_out
 .bss.rx_idx    0x200001c2        0x2 build/debug/main.o
                0x200001c2                rx_idx
 .bss.rx_buf    0x200001c4       0x40 build/debug/main.o
                0x200001c4                rx_buf
 .bss.rx_byte   0x20000204        0x1 build/debug/main.o
                0x20000204                rx_byte
 *fill*         0x20000205        0x3 
 .bss.huart2    0x20000208       0x94 build/debug/main.o
                0x20000208                huart2
 .bss.htim14    0x2000029c       0x4c build/debug/main.o
                0x2000029c                htim14
 .bss.hdma_adc1
                0x200002e8       0x5c build/debug/main.o
                0x200002e8                hdma_adc1
 .bss.hadc1     0x20000344       0x64 build/debug/main.o
                0x20000344                hadc1
 .bss.uwTick    0x200003a8        0x4 build/debug/stm32c0xx_hal.o
                0x200003a8                uwTick
 .bss.hpb_exti  0x200003ac        0xc build/debug/stm32c0xx_nucleo.o
                0x200003ac                hpb_exti
 .bss.__sbrk_heap_end
                0x200003b8        0x4 build/debug/sysmem.o
 .bss.__sf      0x200003bc      0x138 /Users/killzyy/Library/Application Support/Code/User/globalStorage/bmd.stm32-for-vscode/@xpack-dev-tools/arm-none-eabi-gcc/14.2.1-1.1.1/.content/bin/../lib/gcc/arm-none-eabi/14.2.1/../../../../arm-none-eabi/lib/thumb/v6-m/nofp/libc_nano.a(libc_a-findfp.o)
                0x200003bc                __sf
 .bss.__stdio_exit_handler
                0x200004f4        0x4 /Users/killzyy/Library/Application Support/Code/User/globalStorage/bmd.stm32-for-vscode/@xpack-dev-tools/arm-none-eabi-gcc/14.2.1-1.1.1/.content/bin/../lib/gcc/arm-none-eabi/14.2.1/../../../../arm-none-eabi/lib/thumb/v6-m/nofp/libc_nano.a(libc_a-findfp.o)
                0x200004f4                __stdio_exit_handler
 .bss.__lock___malloc_recursive_mutex
                0x200004f8        0x1 /Users/killzyy/Library/Application Support/Code/User/globalStorage/bmd.stm32-for-vscode/@xpack-dev-tools/arm-none-eabi-gcc/14.2.1-1.1.1/.content/bin/../lib/gcc/arm-none-eabi/14.2.1/../../../../arm-none-eabi/lib/thumb/v6-m/nofp/libc_nano.a(libc_a-lock.o)
                0x200004f8                __lock___malloc_recursive_mutex
 .bss.__lock___sfp_recursive_mutex
                0x200004f9        0x1 /Users/killzyy/Library/Application Support/Code/User/globalStorage/bmd.stm32-for-vscode/@xpack-dev-tools/arm-none-eabi-gcc/14.2.1-1.1.1/.content/bin/../lib/gcc/arm-none-eabi/14.2.1/../../../../arm-none-eabi/lib/thumb/v6-m/nofp/libc_nano.a(libc_a-lock.o)
                0x200004f9                __lock___sfp_recursive_mutex
 *fill*         0x200004fa        0x2 
 .bss.__malloc_sbrk_start
                0x200004fc        0x4 /Users/killzyy/Library/Application Support/Code/User/globalStorage/bmd.stm32-for-vscode/@xpack-dev-tools/arm-none-eabi-gcc/14.2.1-1.1.1/.content/bin/../lib/gcc/arm-none-eabi/14.2.1/../../../../arm-none-eabi/lib/thumb/v6-m/nofp/libc_nano.a(libc_a-mallocr.o)
                0x200004fc                __malloc_sbrk_start
 .bss.__malloc_free_list
                0x20000500        0x4 /Users/killzyy/Library/Application Support/Code/User/globalStorage/bmd.stm32-for-vscode/@xpack-dev-tools/arm-none-eabi-gcc/14.2.1-1.1.1/.content/bin/../lib/gcc/arm-none-eabi/14.2.1/../../../../arm-none-eabi/lib/thumb/v6-m/nofp/libc_nano.a(libc_a-mallocr.o)
                0x20000500                __malloc_free_list
 .bss.errno     0x20000504        0x4 /Users/killzyy/Library/Application Support/Code/User/globalStorage/bmd.stm32-for-vscode/@xpack-dev-tools/arm-none-eabi-gcc/14.2.1-1.1.1/.content/bin/../lib/gcc/arm-none-eabi/14.2.1/../../../../arm-none-eabi/lib/thumb/v6-m/nofp/libc_nano.a(libc_a-reent.o)
                0x20000504                errno
 *(COMMON)
                0x20000508                        . = ALIGN (0x4)
                0x20000508                        _ebss = .
                0x20000508                        __bss_end__ = _ebss

._user_heap_stack
                0x20000508      0x600 load address 0x08006168
                0x20000508                        . = ALIGN (0x8)
                [!provide]                        PROVIDE (end = .)
                0x20000508                        PROVIDE (_end = .)
                0x20000708                        . = (. + _Min_Heap_Size)
 *fill*         0x20000508      0x200 
                0x20000b08                        . = (. + _Min_Stack_Size)
 *fill*         0x20000708      0x400 
                0x20000b08                        . = ALIGN (0x8)

/DISCARD/
 libc.a(*)
 libm.a(*)
 libgcc.a(*)
OUTPUT(build/debug/hall_effect_sensor_fsm.elf elf32-littlearm)
LOAD linker stubs
LOAD /Users/killzyy/Library/Application Support/Code/User/globalStorage/bmd.stm32-for-vscode/@xpack-dev-tools/arm-none-eabi-gcc/14.2.1-1.1.1/.content/bin/../lib/gcc/arm-none-eabi/14.2.1/../../../../arm-none-eabi/lib/thumb/v6-m/nofp/libc.a
LOAD /Users/killzyy/Library/Application Support/Code/User/globalStorage/bmd.stm32-for-vscode/@xpack-dev-tools/arm-none-eabi-gcc/14.2.1-1.1.1/.content/bin/../lib/gcc/arm-none-eabi/14.2.1/../../../../arm-none-eabi/lib/thumb/v6-m/nofp/libm.a
LOAD /Users/killzyy/Library/Application Support/Code/User/globalStorage/bmd.stm32-for-vscode/@xpack-dev-tools/arm-none-eabi-gcc/14.2.1-1.1.1/.content/bin/../lib/gcc/arm-none-eabi/14.2.1/thumb/v6-m/nofp/libgcc.a

.ARM.attributes
                0x00000000       0x28
 .ARM.attributes
                0x00000000       0x1e /Users/killzyy/Library/Application Support/Code/User/globalStorage/bmd.stm32-for-vscode/@xpack-dev-tools/arm-none-eabi-gcc/14.2.1-1.1.1/.content/bin/../lib/gcc/arm-none-eabi/14.2.1/thumb/v6-m/nofp/crti.o
 .ARM.attributes
                0x0000001e       0x2c /Users/killzyy/Library/Application Support/Code/User/globalStorage/bmd.stm32-for-vscode/@xpack-dev-tools/arm-none-eabi-gcc/14.2.1-1.1.1/.content/bin/../lib/gcc/arm-none-eabi/14.2.1/thumb/v6-m/nofp/crtbegin.o
 .ARM.attributes
                0x0000004a       0x2c build/debug/main.o
 .ARM.attributes
                0x00000076       0x2c build/debug/stm32c0xx_hal.o
 .ARM.attributes
                0x000000a2       0x2c build/debug/stm32c0xx_hal_adc.o
 .ARM.attributes
                0x000000ce       0x2c build/debug/stm32c0xx_hal_adc_ex.o
 .ARM.attributes
                0x000000fa       0x2c build/debug/stm32c0xx_hal_cortex.o
 .ARM.attributes
                0x00000126       0x2c build/debug/stm32c0xx_hal_dma.o
 .ARM.attributes
                0x00000152       0x2c build/debug/stm32c0xx_hal_exti.o
 .ARM.attributes
                0x0000017e       0x2c build/debug/stm32c0xx_hal_gpio.o
 .ARM.attributes
                0x000001aa       0x2c build/debug/stm32c0xx_hal_msp.o
 .ARM.attributes
                0x000001d6       0x2c build/debug/stm32c0xx_hal_rcc.o
 .ARM.attributes
                0x00000202       0x2c build/debug/stm32c0xx_hal_rcc_ex.o
 .ARM.attributes
                0x0000022e       0x2c build/debug/stm32c0xx_hal_tim.o
 .ARM.attributes
                0x0000025a       0x2c build/debug/stm32c0xx_hal_tim_ex.o
 .ARM.attributes
                0x00000286       0x2c build/debug/stm32c0xx_hal_uart.o
 .ARM.attributes
                0x000002b2       0x2c build/debug/stm32c0xx_hal_uart_ex.o
 .ARM.attributes
                0x000002de       0x2c build/debug/stm32c0xx_it.o
 .ARM.attributes
                0x0000030a       0x2c build/debug/stm32c0xx_nucleo.o
 .ARM.attributes
                0x00000336       0x2c build/debug/syscalls.o
 .ARM.attributes
                0x00000362       0x2c build/debug/sysmem.o
 .ARM.attributes
                0x0000038e       0x2c build/debug/system_stm32c0xx.o
 .ARM.attributes
                0x000003ba       0x22 build/debug/startup_stm32c031xx.o
 .ARM.attributes
                0x000003dc       0x2c /Users/killzyy/Library/Application Support/Code/User/globalStorage/bmd.stm32-for-vscode/@xpack-dev-tools/arm-none-eabi-gcc/14.2.1-1.1.1/.content/bin/../lib/gcc/arm-none-eabi/14.2.1/../../../../arm-none-eabi/lib/thumb/v6-m/nofp/libc_nano.a(libc_a-snprintf.o)
 .ARM.attributes
                0x00000408       0x2c /Users/killzyy/Library/Application Support/Code/User/globalStorage/bmd.stm32-for-vscode/@xpack-dev-tools/arm-none-eabi-gcc/14.2.1-1.1.1/.content/bin/../lib/gcc/arm-none-eabi/14.2.1/../../../../arm-none-eabi/lib/thumb/v6-m/nofp/libc_nano.a(libc_a-rand.o)
 .ARM.attributes
                0x00000434       0x2c /Users/killzyy/Library/Application Support/Code/User/globalStorage/bmd.stm32-for-vscode/@xpack-dev-tools/arm-none-eabi-gcc/14.2.1-1.1.1/.content/bin/../lib/gcc/arm-none-eabi/14.2.1/../../../../arm-none-eabi/lib/thumb/v6-m/nofp/libc_nano.a(libc_a-findfp.o)
 .ARM.attributes
                0x00000460       0x2c /Users/killzyy/Library/Application Support/Code/User/globalStorage/bmd.stm32-for-vscode/@xpack-dev-tools/arm-none-eabi-gcc/14.2.1-1.1.1/.content/bin/../lib/gcc/arm-none-eabi/14.2.1/../../../../arm-none-eabi/lib/thumb/v6-m/nofp/libc_nano.a(libc_a-fwalk.o)
 .ARM.attributes
                0x0000048c       0x2c /Users/killzyy/Library/Application Support/Code/User/globalStorage/bmd.stm32-for-vscode/@xpack-dev-tools/arm-none-eabi-gcc/14.2.1-1.1.1/.content/bin/../lib/gcc/arm-none-eabi/14.2.1/../../../../arm-none-eabi/lib/thumb/v6-m/nofp/libc_nano.a(libc_a-memset.o)
 .ARM.attributes
                0x000004b8       0x2c /Users/killzyy/Library/Application Support/Code/User/globalStorage/bmd.stm32-for-vscode/@xpack-dev-tools/arm-none-eabi-gcc/14.2.1-1.1.1/.content/bin/../lib/gcc/arm-none-eabi/14.2.1/../../../../arm-none-eabi/lib/thumb/v6-m/nofp/libc_nano.a(libc_a-errno.o)
 .ARM.attributes
                0x000004e4       0x2c /Users/killzyy/Library/Application Support/Code/User/globalStorage/bmd.stm32-for-vscode/@xpack-dev-tools/arm-none-eabi-gcc/14.2.1-1.1.1/.content/bin/../lib/gcc/arm-none-eabi/14.2.1/../../../../arm-none-eabi/lib/thumb/v6-m/nofp/libc_nano.a(libc_a-init.o)
 .ARM.attributes
                0x00000510       0x2c /Users/killzyy/Library/Application Support/Code/User/globalStorage/bmd.stm32-for-vscode/@xpack-dev-tools/arm-none-eabi-gcc/14.2.1-1.1.1/.content/bin/../lib/gcc/arm-none-eabi/14.2.1/../../../../arm-none-eabi/lib/thumb/v6-m/nofp/libc_nano.a(libc_a-time.o)
 .ARM.attributes
                0x0000053c       0x2c /Users/killzyy/Library/Application Support/Code/User/globalStorage/bmd.stm32-for-vscode/@xpack-dev-tools/arm-none-eabi-gcc/14.2.1-1.1.1/.content/bin/../lib/gcc/arm-none-eabi/14.2.1/../../../../arm-none-eabi/lib/thumb/v6-m/nofp/libc_nano.a(libc_a-lock.o)
 .ARM.attributes
                0x00000568       0x2c /Users/killzyy/Library/Application Support/Code/User/globalStorage/bmd.stm32-for-vscode/@xpack-dev-tools/arm-none-eabi-gcc/14.2.1-1.1.1/.content/bin/../lib/gcc/arm-none-eabi/14.2.1/../../../../arm-none-eabi/lib/thumb/v6-m/nofp/libc_nano.a(libc_a-impure.o)
 .ARM.attributes
                0x00000594       0x2c /Users/killzyy/Library/Application Support/Code/User/globalStorage/bmd.stm32-for-vscode/@xpack-dev-tools/arm-none-eabi-gcc/14.2.1-1.1.1/.content/bin/../lib/gcc/arm-none-eabi/14.2.1/../../../../arm-none-eabi/lib/thumb/v6-m/nofp/libc_nano.a(libc_a-gettimeofdayr.o)
 .ARM.attributes
                0x000005c0       0x1c /Users/killzyy/Library/Application Support/Code/User/globalStorage/bmd.stm32-for-vscode/@xpack-dev-tools/arm-none-eabi-gcc/14.2.1-1.1.1/.content/bin/../lib/gcc/arm-none-eabi/14.2.1/../../../../arm-none-eabi/lib/thumb/v6-m/nofp/libc_nano.a(libc_a-strcmp.o)
 .ARM.attributes
                0x000005dc       0x1c /Users/killzyy/Library/Application Support/Code/User/globalStorage/bmd.stm32-for-vscode/@xpack-dev-tools/arm-none-eabi-gcc/14.2.1-1.1.1/.content/bin/../lib/gcc/arm-none-eabi/14.2.1/../../../../arm-none-eabi/lib/thumb/v6-m/nofp/libc_nano.a(libc_a-strlen.o)
 .ARM.attributes
                0x000005f8       0x2c /Users/killzyy/Library/Application Support/Code/User/globalStorage/bmd.stm32-for-vscode/@xpack-dev-tools/arm-none-eabi-gcc/14.2.1-1.1.1/.content/bin/../lib/gcc/arm-none-eabi/14.2.1/../../../../arm-none-eabi/lib/thumb/v6-m/nofp/libc_nano.a(libc_a-assert.o)
 .ARM.attributes
                0x00000624       0x2c /Users/killzyy/Library/Application Support/Code/User/globalStorage/bmd.stm32-for-vscode/@xpack-dev-tools/arm-none-eabi-gcc/14.2.1-1.1.1/.content/bin/../lib/gcc/arm-none-eabi/14.2.1/../../../../arm-none-eabi/lib/thumb/v6-m/nofp/libc_nano.a(libc_a-nano-svfprintf.o)
 .ARM.attributes
                0x00000650       0x2c /Users/killzyy/Library/Application Support/Code/User/globalStorage/bmd.stm32-for-vscode/@xpack-dev-tools/arm-none-eabi-gcc/14.2.1-1.1.1/.content/bin/../lib/gcc/arm-none-eabi/14.2.1/../../../../arm-none-eabi/lib/thumb/v6-m/nofp/libc_nano.a(libc_a-malloc.o)
 .ARM.attributes
                0x0000067c       0x2c /Users/killzyy/Library/Application Support/Code/User/globalStorage/bmd.stm32-for-vscode/@xpack-dev-tools/arm-none-eabi-gcc/14.2.1-1.1.1/.content/bin/../lib/gcc/arm-none-eabi/14.2.1/../../../../arm-none-eabi/lib/thumb/v6-m/nofp/libc_nano.a(libc_a-mallocr.o)
 .ARM.attributes
                0x000006a8       0x2c /Users/killzyy/Library/Application Support/Code/User/globalStorage/bmd.stm32-for-vscode/@xpack-dev-tools/arm-none-eabi-gcc/14.2.1-1.1.1/.content/bin/../lib/gcc/arm-none-eabi/14.2.1/../../../../arm-none-eabi/lib/thumb/v6-m/nofp/libc_nano.a(libc_a-nano-vfprintf_i.o)
 .ARM.attributes
                0x000006d4       0x2c /Users/killzyy/Library/Application Support/Code/User/globalStorage/bmd.stm32-for-vscode/@xpack-dev-tools/arm-none-eabi-gcc/14.2.1-1.1.1/.content/bin/../lib/gcc/arm-none-eabi/14.2.1/../../../../arm-none-eabi/lib/thumb/v6-m/nofp/libc_nano.a(libc_a-fflush.o)
 .ARM.attributes
                0x00000700       0x2c /Users/killzyy/Library/Application Support/Code/User/globalStorage/bmd.stm32-for-vscode/@xpack-dev-tools/arm-none-eabi-gcc/14.2.1-1.1.1/.content/bin/../lib/gcc/arm-none-eabi/14.2.1/../../../../arm-none-eabi/lib/thumb/v6-m/nofp/libc_nano.a(libc_a-mlock.o)
 .ARM.attributes
                0x0000072c       0x2c /Users/killzyy/Library/Application Support/Code/User/globalStorage/bmd.stm32-for-vscode/@xpack-dev-tools/arm-none-eabi-gcc/14.2.1-1.1.1/.content/bin/../lib/gcc/arm-none-eabi/14.2.1/../../../../arm-none-eabi/lib/thumb/v6-m/nofp/libc_nano.a(libc_a-stdio.o)
 .ARM.attributes
                0x00000758       0x2c /Users/killzyy/Library/Application Support/Code/User/globalStorage/bmd.stm32-for-vscode/@xpack-dev-tools/arm-none-eabi-gcc/14.2.1-1.1.1/.content/bin/../lib/gcc/arm-none-eabi/14.2.1/../../../../arm-none-eabi/lib/thumb/v6-m/nofp/libc_nano.a(libc_a-fprintf.o)
 .ARM.attributes
                0x00000784       0x2c /Users/killzyy/Library/Application Support/Code/User/globalStorage/bmd.stm32-for-vscode/@xpack-dev-tools/arm-none-eabi-gcc/14.2.1-1.1.1/.content/bin/../lib/gcc/arm-none-eabi/14.2.1/../../../../arm-none-eabi/lib/thumb/v6-m/nofp/libc_nano.a(libc_a-reallocr.o)
 .ARM.attributes
                0x000007b0       0x2c /Users/killzyy/Library/Application Support/Code/User/globalStorage/bmd.stm32-for-vscode/@xpack-dev-tools/arm-none-eabi-gcc/14.2.1-1.1.1/.content/bin/../lib/gcc/arm-none-eabi/14.2.1/../../../../arm-none-eabi/lib/thumb/v6-m/nofp/libc_nano.a(libc_a-memmove.o)
 .ARM.attributes
                0x000007dc       0x2c /Users/killzyy/Library/Application Support/Code/User/globalStorage/bmd.stm32-for-vscode/@xpack-dev-tools/arm-none-eabi-gcc/14.2.1-1.1.1/.content/bin/../lib/gcc/arm-none-eabi/14.2.1/../../../../arm-none-eabi/lib/thumb/v6-m/nofp/libc_nano.a(libc_a-lseekr.o)
 .ARM.attributes
                0x00000808       0x2c /Users/killzyy/Library/Application Support/Code/User/globalStorage/bmd.stm32-for-vscode/@xpack-dev-tools/arm-none-eabi-gcc/14.2.1-1.1.1/.content/bin/../lib/gcc/arm-none-eabi/14.2.1/../../../../arm-none-eabi/lib/thumb/v6-m/nofp/libc_nano.a(libc_a-readr.o)
 .ARM.attributes
                0x00000834       0x2c /Users/killzyy/Library/Application Support/Code/User/globalStorage/bmd.stm32-for-vscode/@xpack-dev-tools/arm-none-eabi-gcc/14.2.1-1.1.1/.content/bin/../lib/gcc/arm-none-eabi/14.2.1/../../../../arm-none-eabi/lib/thumb/v6-m/nofp/libc_nano.a(libc_a-sbrkr.o)
 .ARM.attributes
                0x00000860       0x2c /Users/killzyy/Library/Application Support/Code/User/globalStorage/bmd.stm32-for-vscode/@xpack-dev-tools/arm-none-eabi-gcc/14.2.1-1.1.1/.content/bin/../lib/gcc/arm-none-eabi/14.2.1/../../../../arm-none-eabi/lib/thumb/v6-m/nofp/libc_nano.a(libc_a-writer.o)
 .ARM.attributes
                0x0000088c       0x2c /Users/killzyy/Library/Application Support/Code/User/globalStorage/bmd.stm32-for-vscode/@xpack-dev-tools/arm-none-eabi-gcc/14.2.1-1.1.1/.content/bin/../lib/gcc/arm-none-eabi/14.2.1/../../../../arm-none-eabi/lib/thumb/v6-m/nofp/libc_nano.a(libc_a-closer.o)
 .ARM.attributes
                0x000008b8       0x2c /Users/killzyy/Library/Application Support/Code/User/globalStorage/bmd.stm32-for-vscode/@xpack-dev-tools/arm-none-eabi-gcc/14.2.1-1.1.1/.content/bin/../lib/gcc/arm-none-eabi/14.2.1/../../../../arm-none-eabi/lib/thumb/v6-m/nofp/libc_nano.a(libc_a-reent.o)
 .ARM.attributes
                0x000008e4       0x2c /Users/killzyy/Library/Application Support/Code/User/globalStorage/bmd.stm32-for-vscode/@xpack-dev-tools/arm-none-eabi-gcc/14.2.1-1.1.1/.content/bin/../lib/gcc/arm-none-eabi/14.2.1/../../../../arm-none-eabi/lib/thumb/v6-m/nofp/libc_nano.a(libc_a-memchr-stub.o)
 .ARM.attributes
                0x00000910       0x2c /Users/killzyy/Library/Application Support/Code/User/globalStorage/bmd.stm32-for-vscode/@xpack-dev-tools/arm-none-eabi-gcc/14.2.1-1.1.1/.content/bin/../lib/gcc/arm-none-eabi/14.2.1/../../../../arm-none-eabi/lib/thumb/v6-m/nofp/libc_nano.a(libc_a-memcpy-stub.o)
 .ARM.attributes
                0x0000093c       0x2c /Users/killzyy/Library/Application Support/Code/User/globalStorage/bmd.stm32-for-vscode/@xpack-dev-tools/arm-none-eabi-gcc/14.2.1-1.1.1/.content/bin/../lib/gcc/arm-none-eabi/14.2.1/../../../../arm-none-eabi/lib/thumb/v6-m/nofp/libc_nano.a(libc_a-abort.o)
 .ARM.attributes
                0x00000968       0x2c /Users/killzyy/Library/Application Support/Code/User/globalStorage/bmd.stm32-for-vscode/@xpack-dev-tools/arm-none-eabi-gcc/14.2.1-1.1.1/.content/bin/../lib/gcc/arm-none-eabi/14.2.1/../../../../arm-none-eabi/lib/thumb/v6-m/nofp/libc_nano.a(libc_a-freer.o)
 .ARM.attributes
                0x00000994       0x2c /Users/killzyy/Library/Application Support/Code/User/globalStorage/bmd.stm32-for-vscode/@xpack-dev-tools/arm-none-eabi-gcc/14.2.1-1.1.1/.content/bin/../lib/gcc/arm-none-eabi/14.2.1/../../../../arm-none-eabi/lib/thumb/v6-m/nofp/libc_nano.a(libc_a-nano-vfprintf.o)
 .ARM.attributes
                0x000009c0       0x2c /Users/killzyy/Library/Application Support/Code/User/globalStorage/bmd.stm32-for-vscode/@xpack-dev-tools/arm-none-eabi-gcc/14.2.1-1.1.1/.content/bin/../lib/gcc/arm-none-eabi/14.2.1/../../../../arm-none-eabi/lib/thumb/v6-m/nofp/libc_nano.a(libc_a-msizer.o)
 .ARM.attributes
                0x000009ec       0x2c /Users/killzyy/Library/Application Support/Code/User/globalStorage/bmd.stm32-for-vscode/@xpack-dev-tools/arm-none-eabi-gcc/14.2.1-1.1.1/.content/bin/../lib/gcc/arm-none-eabi/14.2.1/../../../../arm-none-eabi/lib/thumb/v6-m/nofp/libc_nano.a(libc_a-wbuf.o)
 .ARM.attributes
                0x00000a18       0x2c /Users/killzyy/Library/Application Support/Code/User/globalStorage/bmd.stm32-for-vscode/@xpack-dev-tools/arm-none-eabi-gcc/14.2.1-1.1.1/.content/bin/../lib/gcc/arm-none-eabi/14.2.1/../../../../arm-none-eabi/lib/thumb/v6-m/nofp/libc_nano.a(libc_a-wsetup.o)
 .ARM.attributes
                0x00000a44       0x2c /Users/killzyy/Library/Application Support/Code/User/globalStorage/bmd.stm32-for-vscode/@xpack-dev-tools/arm-none-eabi-gcc/14.2.1-1.1.1/.content/bin/../lib/gcc/arm-none-eabi/14.2.1/../../../../arm-none-eabi/lib/thumb/v6-m/nofp/libc_nano.a(libc_a-makebuf.o)
 .ARM.attributes
                0x00000a70       0x2c /Users/killzyy/Library/Application Support/Code/User/globalStorage/bmd.stm32-for-vscode/@xpack-dev-tools/arm-none-eabi-gcc/14.2.1-1.1.1/.content/bin/../lib/gcc/arm-none-eabi/14.2.1/../../../../arm-none-eabi/lib/thumb/v6-m/nofp/libc_nano.a(libc_a-signal.o)
 .ARM.attributes
                0x00000a9c       0x2c /Users/killzyy/Library/Application Support/Code/User/globalStorage/bmd.stm32-for-vscode/@xpack-dev-tools/arm-none-eabi-gcc/14.2.1-1.1.1/.content/bin/../lib/gcc/arm-none-eabi/14.2.1/../../../../arm-none-eabi/lib/thumb/v6-m/nofp/libc_nano.a(libc_a-isattyr.o)
 .ARM.attributes
                0x00000ac8       0x2c /Users/killzyy/Library/Application Support/Code/User/globalStorage/bmd.stm32-for-vscode/@xpack-dev-tools/arm-none-eabi-gcc/14.2.1-1.1.1/.content/bin/../lib/gcc/arm-none-eabi/14.2.1/../../../../arm-none-eabi/lib/thumb/v6-m/nofp/libc_nano.a(libc_a-signalr.o)
 .ARM.attributes
                0x00000af4       0x2c /Users/killzyy/Library/Application Support/Code/User/globalStorage/bmd.stm32-for-vscode/@xpack-dev-tools/arm-none-eabi-gcc/14.2.1-1.1.1/.content/bin/../lib/gcc/arm-none-eabi/14.2.1/../../../../arm-none-eabi/lib/thumb/v6-m/nofp/libc_nano.a(libc_a-fstatr.o)
 .ARM.attributes
                0x00000b20       0x2c /Users/killzyy/Library/Application Support/Code/User/globalStorage/bmd.stm32-for-vscode/@xpack-dev-tools/arm-none-eabi-gcc/14.2.1-1.1.1/.content/bin/../lib/gcc/arm-none-eabi/14.2.1/../../../../arm-none-eabi/lib/thumb/v6-m/nofp/libnosys.a(gettod.o)
 .ARM.attributes
                0x00000b4c       0x1e /Users/killzyy/Library/Application Support/Code/User/globalStorage/bmd.stm32-for-vscode/@xpack-dev-tools/arm-none-eabi-gcc/14.2.1-1.1.1/.content/bin/../lib/gcc/arm-none-eabi/14.2.1/thumb/v6-m/nofp/libgcc.a(_thumb1_case_shi.o)
 .ARM.attributes
                0x00000b6a       0x1e /Users/killzyy/Library/Application Support/Code/User/globalStorage/bmd.stm32-for-vscode/@xpack-dev-tools/arm-none-eabi-gcc/14.2.1-1.1.1/.content/bin/../lib/gcc/arm-none-eabi/14.2.1/thumb/v6-m/nofp/libgcc.a(_udivsi3.o)
 .ARM.attributes
                0x00000b88       0x1e /Users/killzyy/Library/Application Support/Code/User/globalStorage/bmd.stm32-for-vscode/@xpack-dev-tools/arm-none-eabi-gcc/14.2.1-1.1.1/.content/bin/../lib/gcc/arm-none-eabi/14.2.1/thumb/v6-m/nofp/libgcc.a(_divsi3.o)
 .ARM.attributes
                0x00000ba6       0x1e /Users/killzyy/Library/Application Support/Code/User/globalStorage/bmd.stm32-for-vscode/@xpack-dev-tools/arm-none-eabi-gcc/14.2.1-1.1.1/.content/bin/../lib/gcc/arm-none-eabi/14.2.1/thumb/v6-m/nofp/libgcc.a(_dvmd_tls.o)
 .ARM.attributes
                0x00000bc4       0x2c /Users/killzyy/Library/Application Support/Code/User/globalStorage/bmd.stm32-for-vscode/@xpack-dev-tools/arm-none-eabi-gcc/14.2.1-1.1.1/.content/bin/../lib/gcc/arm-none-eabi/14.2.1/thumb/v6-m/nofp/libgcc.a(_muldi3.o)
 .ARM.attributes
                0x00000bf0       0x2c /Users/killzyy/Library/Application Support/Code/User/globalStorage/bmd.stm32-for-vscode/@xpack-dev-tools/arm-none-eabi-gcc/14.2.1-1.1.1/.content/bin/../lib/gcc/arm-none-eabi/14.2.1/thumb/v6-m/nofp/libgcc.a(_fixunssfsi.o)
 .ARM.attributes
                0x00000c1c       0x2c /Users/killzyy/Library/Application Support/Code/User/globalStorage/bmd.stm32-for-vscode/@xpack-dev-tools/arm-none-eabi-gcc/14.2.1-1.1.1/.content/bin/../lib/gcc/arm-none-eabi/14.2.1/thumb/v6-m/nofp/libgcc.a(addsf3.o)
 .ARM.attributes
                0x00000c48       0x2c /Users/killzyy/Library/Application Support/Code/User/globalStorage/bmd.stm32-for-vscode/@xpack-dev-tools/arm-none-eabi-gcc/14.2.1-1.1.1/.content/bin/../lib/gcc/arm-none-eabi/14.2.1/thumb/v6-m/nofp/libgcc.a(mulsf3.o)
 .ARM.attributes
                0x00000c74       0x2c /Users/killzyy/Library/Application Support/Code/User/globalStorage/bmd.stm32-for-vscode/@xpack-dev-tools/arm-none-eabi-gcc/14.2.1-1.1.1/.content/bin/../lib/gcc/arm-none-eabi/14.2.1/thumb/v6-m/nofp/libgcc.a(subsf3.o)
 .ARM.attributes
                0x00000ca0       0x2c /Users/killzyy/Library/Application Support/Code/User/globalStorage/bmd.stm32-for-vscode/@xpack-dev-tools/arm-none-eabi-gcc/14.2.1-1.1.1/.content/bin/../lib/gcc/arm-none-eabi/14.2.1/thumb/v6-m/nofp/libgcc.a(fixsfsi.o)
 .ARM.attributes
                0x00000ccc       0x2c /Users/killzyy/Library/Application Support/Code/User/globalStorage/bmd.stm32-for-vscode/@xpack-dev-tools/arm-none-eabi-gcc/14.2.1-1.1.1/.content/bin/../lib/gcc/arm-none-eabi/14.2.1/thumb/v6-m/nofp/libgcc.a(floatsisf.o)
 .ARM.attributes
                0x00000cf8       0x1e /Users/killzyy/Library/Application Support/Code/User/globalStorage/bmd.stm32-for-vscode/@xpack-dev-tools/arm-none-eabi-gcc/14.2.1-1.1.1/.content/bin/../lib/gcc/arm-none-eabi/14.2.1/thumb/v6-m/nofp/libgcc.a(_arm_cmpsf2.o)
 .ARM.attributes
                0x00000d16       0x1e /Users/killzyy/Library/Application Support/Code/User/globalStorage/bmd.stm32-for-vscode/@xpack-dev-tools/arm-none-eabi-gcc/14.2.1-1.1.1/.content/bin/../lib/gcc/arm-none-eabi/14.2.1/thumb/v6-m/nofp/libgcc.a(_clzsi2.o)
 .ARM.attributes
                0x00000d34       0x2c /Users/killzyy/Library/Application Support/Code/User/globalStorage/bmd.stm32-for-vscode/@xpack-dev-tools/arm-none-eabi-gcc/14.2.1-1.1.1/.content/bin/../lib/gcc/arm-none-eabi/14.2.1/thumb/v6-m/nofp/libgcc.a(eqsf2.o)
 .ARM.attributes
                0x00000d60       0x2c /Users/killzyy/Library/Application Support/Code/User/globalStorage/bmd.stm32-for-vscode/@xpack-dev-tools/arm-none-eabi-gcc/14.2.1-1.1.1/.content/bin/../lib/gcc/arm-none-eabi/14.2.1/thumb/v6-m/nofp/libgcc.a(gesf2.o)
 .ARM.attributes
                0x00000d8c       0x2c /Users/killzyy/Library/Application Support/Code/User/globalStorage/bmd.stm32-for-vscode/@xpack-dev-tools/arm-none-eabi-gcc/14.2.1-1.1.1/.content/bin/../lib/gcc/arm-none-eabi/14.2.1/thumb/v6-m/nofp/libgcc.a(lesf2.o)
 .ARM.attributes
                0x00000db8       0x1e /Users/killzyy/Library/Application Support/Code/User/globalStorage/bmd.stm32-for-vscode/@xpack-dev-tools/arm-none-eabi-gcc/14.2.1-1.1.1/.content/bin/../lib/gcc/arm-none-eabi/14.2.1/thumb/v6-m/nofp/crtn.o

.comment        0x00000000       0x38
 .comment       0x00000000       0x38 /Users/killzyy/Library/Application Support/Code/User/globalStorage/bmd.stm32-for-vscode/@xpack-dev-tools/arm-none-eabi-gcc/14.2.1-1.1.1/.content/bin/../lib/gcc/arm-none-eabi/14.2.1/thumb/v6-m/nofp/crtbegin.o
                                 0x39 (size before relaxing)
 .comment       0x00000038       0x39 build/debug/main.o
 .comment       0x00000038       0x39 build/debug/stm32c0xx_hal.o
 .comment       0x00000038       0x39 build/debug/stm32c0xx_hal_adc.o
 .comment       0x00000038       0x39 build/debug/stm32c0xx_hal_adc_ex.o
 .comment       0x00000038       0x39 build/debug/stm32c0xx_hal_cortex.o
 .comment       0x00000038       0x39 build/debug/stm32c0xx_hal_dma.o
 .comment       0x00000038       0x39 build/debug/stm32c0xx_hal_exti.o
 .comment       0x00000038       0x39 build/debug/stm32c0xx_hal_gpio.o
 .comment       0x00000038       0x39 build/debug/stm32c0xx_hal_msp.o
 .comment       0x00000038       0x39 build/debug/stm32c0xx_hal_rcc.o
 .comment       0x00000038       0x39 build/debug/stm32c0xx_hal_rcc_ex.o
 .comment       0x00000038       0x39 build/debug/stm32c0xx_hal_tim.o
 .comment       0x00000038       0x39 build/debug/stm32c0xx_hal_tim_ex.o
 .comment       0x00000038       0x39 build/debug/stm32c0xx_hal_uart.o
 .comment       0x00000038       0x39 build/debug/stm32c0xx_hal_uart_ex.o
 .comment       0x00000038       0x39 build/debug/stm32c0xx_it.o
 .comment       0x00000038       0x39 build/debug/stm32c0xx_nucleo.o
 .comment       0x00000038       0x39 build/debug/syscalls.o
 .comment       0x00000038       0x39 build/debug/sysmem.o
 .comment       0x00000038       0x39 build/debug/system_stm32c0xx.o
 .comment       0x00000038       0x39 /Users/killzyy/Library/Application Support/Code/User/globalStorage/bmd.stm32-for-vscode/@xpack-dev-tools/arm-none-eabi-gcc/14.2.1-1.1.1/.content/bin/../lib/gcc/arm-none-eabi/14.2.1/../../../../arm-none-eabi/lib/thumb/v6-m/nofp/libc_nano.a(libc_a-snprintf.o)
 .comment       0x00000038       0x39 /Users/killzyy/Library/Application Support/Code/User/globalStorage/bmd.stm32-for-vscode/@xpack-dev-tools/arm-none-eabi-gcc/14.2.1-1.1.1/.content/bin/../lib/gcc/arm-none-eabi/14.2.1/../../../../arm-none-eabi/lib/thumb/v6-m/nofp/libc_nano.a(libc_a-rand.o)
 .comment       0x00000038       0x39 /Users/killzyy/Library/Application Support/Code/User/globalStorage/bmd.stm32-for-vscode/@xpack-dev-tools/arm-none-eabi-gcc/14.2.1-1.1.1/.content/bin/../lib/gcc/arm-none-eabi/14.2.1/../../../../arm-none-eabi/lib/thumb/v6-m/nofp/libc_nano.a(libc_a-findfp.o)