Archive member included to satisfy reference by file (symbol)

/Users/killzyy/Library/Application Support/Code/User/globalStorage/bmd.stm32-for-vscode/@xpack-dev-tools/arm-none-eabi-gcc/14.2.1-1.1.1/.content/bin/../lib/gcc/arm-none-eabi/14.2.1/../../../../arm-none-eabi/lib/thumb/v6-m/nofp/libc_nano.a(libc_a-atexit.o)
                              /Users/killzyy/Library/Application Support/Code/User/globalStorage/bmd.stm32-for-vscode/@xpack-dev-tools/arm-none-eabi-gcc/14.2.1-1.1.1/.content/bin/../lib/gcc/arm-none-eabi/14.2.1/../../../../arm-none-eabi/lib/thumb/v6-m/nofp/crt0.o (atexit)
/Users/killzyy/Library/Application Support/Code/User/globalStorage/bmd.stm32-for-vscode/@xpack-dev-tools/arm-none-eabi-gcc/14.2.1-1.1.1/.content/bin/../lib/gcc/arm-none-eabi/14.2.1/../../../../arm-none-eabi/lib/thumb/v6-m/nofp/libc_nano.a(libc_a-exit.o)
                              /Users/killzyy/Library/Application Support/Code/User/globalStorage/bmd.stm32-for-vscode/@xpack-dev-tools/arm-none-eabi-gcc/14.2.1-1.1.1/.content/bin/../lib/gcc/arm-none-eabi/14.2.1/../../../../arm-none-eabi/lib/thumb/v6-m/nofp/crt0.o (exit)
/Users/killzyy/Library/Application Support/Code/User/globalStorage/bmd.stm32-for-vscode/@xpack-dev-tools/arm-none-eabi-gcc/14.2.1-1.1.1/.content/bin/../lib/gcc/arm-none-eabi/14.2.1/../../../../arm-none-eabi/lib/thumb/v6-m/nofp/libc_nano.a(libc_a-findfp.o)
                              /Users/killzyy/Library/Application Support/Code/User/globalStorage/bmd.stm32-for-vscode/@xpack-dev-tools/arm-none-eabi-gcc/14.2.1-1.1.1/.content/bin/../lib/gcc/arm-none-eabi/14.2.1/../../../../arm-none-eabi/lib/thumb/v6-m/nofp/libc_nano.a(libc_a-exit.o) (__stdio_exit_handler)
/Users/killzyy/Library/Application Support/Code/User/globalStorage/bmd.stm32-for-vscode/@xpack-dev-tools/arm-none-eabi-gcc/14.2.1-1.1.1/.content/bin/../lib/gcc/arm-none-eabi/14.2.1/../../../../arm-none-eabi/lib/thumb/v6-m/nofp/libc_nano.a(libc_a-fwalk.o)
                              /Users/killzyy/Library/Application Support/Code/User/globalStorage/bmd.stm32-for-vscode/@xpack-dev-tools/arm-none-eabi-gcc/14.2.1-1.1.1/.content/bin/../lib/gcc/arm-none-eabi/14.2.1/../../../../arm-none-eabi/lib/thumb/v6-m/nofp/libc_nano.a(libc_a-findfp.o) (_fwalk_sglue)
/Users/killzyy/Library/Application Support/Code/User/globalStorage/bmd.stm32-for-vscode/@xpack-dev-tools/arm-none-eabi-gcc/14.2.1-1.1.1/.content/bin/../lib/gcc/arm-none-eabi/14.2.1/../../../../arm-none-eabi/lib/thumb/v6-m/nofp/libc_nano.a(libc_a-memset.o)
                              /Users/killzyy/Library/Application Support/Code/User/globalStorage/bmd.stm32-for-vscode/@xpack-dev-tools/arm-none-eabi-gcc/14.2.1-1.1.1/.content/bin/../lib/gcc/arm-none-eabi/14.2.1/../../../../arm-none-eabi/lib/thumb/v6-m/nofp/crt0.o (memset)
/Users/killzyy/Library/Application Support/Code/User/globalStorage/bmd.stm32-for-vscode/@xpack-dev-tools/arm-none-eabi-gcc/14.2.1-1.1.1/.content/bin/../lib/gcc/arm-none-eabi/14.2.1/../../../../arm-none-eabi/lib/thumb/v6-m/nofp/libc_nano.a(libc_a-errno.o)
                              build/debug/syscalls.o (__errno)
/Users/killzyy/Library/Application Support/Code/User/globalStorage/bmd.stm32-for-vscode/@xpack-dev-tools/arm-none-eabi-gcc/14.2.1-1.1.1/.content/bin/../lib/gcc/arm-none-eabi/14.2.1/../../../../arm-none-eabi/lib/thumb/v6-m/nofp/libc_nano.a(libc_a-init.o)
                              /Users/killzyy/Library/Application Support/Code/User/globalStorage/bmd.stm32-for-vscode/@xpack-dev-tools/arm-none-eabi-gcc/14.2.1-1.1.1/.content/bin/../lib/gcc/arm-none-eabi/14.2.1/../../../../arm-none-eabi/lib/thumb/v6-m/nofp/crt0.o (__libc_init_array)
/Users/killzyy/Library/Application Support/Code/User/globalStorage/bmd.stm32-for-vscode/@xpack-dev-tools/arm-none-eabi-gcc/14.2.1-1.1.1/.content/bin/../lib/gcc/arm-none-eabi/14.2.1/../../../../arm-none-eabi/lib/thumb/v6-m/nofp/libc_nano.a(libc_a-fini.o)
                              /Users/killzyy/Library/Application Support/Code/User/globalStorage/bmd.stm32-for-vscode/@xpack-dev-tools/arm-none-eabi-gcc/14.2.1-1.1.1/.content/bin/../lib/gcc/arm-none-eabi/14.2.1/../../../../arm-none-eabi/lib/thumb/v6-m/nofp/crt0.o (__libc_fini_array)
/Users/killzyy/Library/Application Support/Code/User/globalStorage/bmd.stm32-for-vscode/@xpack-dev-tools/arm-none-eabi-gcc/14.2.1-1.1.1/.content/bin/../lib/gcc/arm-none-eabi/14.2.1/../../../../arm-none-eabi/lib/thumb/v6-m/nofp/libc_nano.a(libc_a-lock.o)
                              /Users/killzyy/Library/Application Support/Code/User/globalStorage/bmd.stm32-for-vscode/@xpack-dev-tools/arm-none-eabi-gcc/14.2.1-1.1.1/.content/bin/../lib/gcc/arm-none-eabi/14.2.1/../../../../arm-none-eabi/lib/thumb/v6-m/nofp/libc_nano.a(libc_a-findfp.o) (__retarget_lock_init_recursive)
/Users/killzyy/Library/Application Support/Code/User/globalStorage/bmd.stm32-for-vscode/@xpack-dev-tools/arm-none-eabi-gcc/14.2.1-1.1.1/.content/bin/../lib/gcc/arm-none-eabi/14.2.1/../../../../arm-none-eabi/lib/thumb/v6-m/nofp/libc_nano.a(libc_a-impure.o)
[...]
Memory Configuration

Name             Origin             Length             Attributes
RAM              0x20000000         0x00003000         xrw
FLASH            0x08000000         0x00008000         xr
*default*        0x00000000         0xffffffff

Linker script and memory map

LOAD /Users/killzyy/Library/Application Support/Code/User/globalStorage/bmd.stm32-for-vscode/@xpack-dev-tools/arm-none-eabi-gcc/14.2.1-1.1.1/.content/bin/../lib/gcc/arm-none-eabi/14.2.1/thumb/v6-m/nofp/crti.o
LOAD /Users/killzyy/Library/Application Support/Code/User/globalStorage/bmd.stm32-for-vscode/@xpack-dev-tools/arm-none-eabi-gcc/14.2.1-1.1.1/.content/bin/../lib/gcc/arm-none-eabi/14.2.1/thumb/v6-m/nofp/crtbegin.o
LOAD /Users/killzyy/Library/Application Support/Code/User/globalStorage/bmd.stm32-for-vscode/@xpack-dev-tools/arm-none-eabi-gcc/14.2.1-1.1.1/.content/bin/../lib/gcc/arm-none-eabi/14.2.1/../../../../arm-none-eabi/lib/thumb/v6-m/nofp/crt0.o
LOAD build/debug/main.o
LOAD build/debug/stm32c0xx_hal.o
LOAD build/debug/stm32c0xx_hal_adc.o
LOAD build/debug/stm32c0xx_hal_adc_ex.o
LOAD build/debug/stm32c0xx_hal_cortex.o
LOAD build/debug/stm32c0xx_hal_dma.o
LOAD build/debug/stm32c0xx_hal_dma_ex.o
LOAD build/debug/stm32c0xx_hal_exti.o
LOAD build/debug/stm32c0xx_hal_flash.o
LOAD build/debug/stm32c0xx_hal_flash_ex.o
LOAD build/debug/stm32c0xx_hal_gpio.o
LOAD build/debug/stm32c0xx_hal_msp.o
LOAD build/debug/stm32c0xx_hal_pwr.o
LOAD build/debug/stm32c0xx_hal_pwr_ex.o
LOAD build/debug/stm32c0xx_hal_rcc.o
LOAD build/debug/stm32c0xx_hal_rcc_ex.o
LOAD build/debug/stm32c0xx_hal_uart.o
LOAD build/debug/stm32c0xx_hal_uart_ex.o
LOAD build/debug/stm32c0xx_hal_usart.o
LOAD build/debug/stm32c0xx_hal_usart_ex.o
LOAD build/debug/stm32c0xx_it.o
LOAD build/debug/stm32c0xx_nucleo.o
LOAD build/debug/syscalls.o
LOAD build/debug/sysmem.o
LOAD build/debug/system_stm32c0xx.o
LOAD build/debug/startup_stm32c031xx.o
LOAD /Users/killzyy/Library/Application Support/Code/User/globalStorage/bmd.stm32-for-vscode/@xpack-dev-tools/arm-none-eabi-gcc/14.2.1-1.1.1/.content/bin/../lib/gcc/arm-none-eabi/14.2.1/../../../../arm-none-eabi/lib/thumb/v6-m/nofp/libc_nano.a
LOAD /Users/killzyy/Library/Application Support/Code/User/globalStorage/bmd.stm32-for-vscode/@xpack-dev-tools/arm-none-eabi-gcc/14.2.1-1.1.1/.content/bin/../lib/gcc/arm-none-eabi/14.2.1/../../../../arm-none-eabi/lib/thumb/v6-m/nofp/libm.a
LOAD /Users/killzyy/Library/Application Support/Code/User/globalStorage/bmd.stm32-for-vscode/@xpack-dev-tools/arm-none-eabi-gcc/14.2.1-1.1.1/.content/bin/../lib/gcc/arm-none-eabi/14.2.1/../../../../arm-none-eabi/lib/thumb/v6-m/nofp/libnosys.a
START GROUP
LOAD /Users/killzyy/Library/Application Support/Code/User/globalStorage/bmd.stm32-for-vscode/@xpack-dev-tools/arm-none-eabi-gcc/14.2.1-1.1.1/.content/bin/../lib/gcc/arm-none-eabi/14.2.1/thumb/v6-m/nofp/libgcc.a
LOAD /Users/killzyy/Library/Application Support/Code/User/globalStorage/bmd.stm32-for-vscode/@xpack-dev-tools/arm-none-eabi-gcc/14.2.1-1.1.1/.content/bin/../lib/gcc/arm-none-eabi/14.2.1/../../../../arm-none-eabi/lib/thumb/v6-m/nofp/libc_nano.a
END GROUP
START GROUP
LOAD /Users/killzyy/Library/Application Support/Code/User/globalStorage/bmd.stm32-for-vscode/@xpack-dev-tools/arm-none-eabi-gcc/14.2.1-1.1.1/.content/bin/../lib/gcc/arm-none-eabi/14.2.1/thumb/v6-m/nofp/libgcc.a
LOAD /Users/killzyy/Library/Application Support/Code/User/globalStorage/bmd.stm32-for-vscode/@xpack-dev-tools/arm-none-eabi-gcc/14.2.1-1.1.1/.content/bin/../lib/gcc/arm-none-eabi/14.2.1/../../../../arm-none-eabi/lib/thumb/v6-m/nofp/libc_nano.a
END GROUP
LOAD /Users/killzyy/Library/Application Support/Code/User/globalStorage/bmd.stm32-for-vscode/@xpack-dev-tools/arm-none-eabi-gcc/14.2.1-1.1.1/.content/bin/../lib/gcc/arm-none-eabi/14.2.1/thumb/v6-m/nofp/crtend.o
LOAD /Users/killzyy/Library/Application Support/Code/User/globalStorage/bmd.stm32-for-vscode/@xpack-dev-tools/arm-none-eabi-gcc/14.2.1-1.1.1/.content/bin/../lib/gcc/arm-none-eabi/14.2.1/thumb/v6-m/nofp/crtn.o
                0x20003000                        _estack = (ORIGIN (RAM) + LENGTH (RAM))
                0x00000200                        _Min_Heap_Size = 0x200
                0x00000400                        _Min_Stack_Size = 0x400

.isr_vector     0x08000000       0xc0
                0x08000000                        . = ALIGN (0x4)
 *(.isr_vector)
 .isr_vector    0x08000000       0xc0 build/debug/startup_stm32c031xx.o
                0x08000000                g_pfnVectors
                0x080000c0                        . = ALIGN (0x4)

.text           0x080000c0     0x1ea0
                0x080000c0                        . = ALIGN (0x4)
 *(.text)
 .text          0x080000c0        0xe /Users/killzyy/Library/Application Support/Code/User/globalStorage/bmd.stm32-for-vscode/@xpack-dev-tools/arm-none-eabi-gcc/14.2.1-1.1.1/.content/bin/../lib/gcc/arm-none-eabi/14.2.1/../../../../arm-none-eabi/lib/thumb/v6-m/nofp/libc_nano.a(libc_a-strlen.o)
                0x080000c0                strlen
 *fill*         0x080000ce        0x2 
 .text          0x080000d0      0x114 /Users/killzyy/Library/Application Support/Code/User/globalStorage/bmd.stm32-for-vscode/@xpack-dev-tools/arm-none-eabi-gcc/14.2.1-1.1.1/.content/bin/../lib/gcc/arm-none-eabi/14.2.1/thumb/v6-m/nofp/libgcc.a(_udivsi3.o)
                0x080000d0                __udivsi3
                0x080000d0                __aeabi_uidiv
                0x080001dc                __aeabi_uidivmod
 .text          0x080001e4        0x4 /Users/killzyy/Library/Application Support/Code/User/globalStorage/bmd.stm32-for-vscode/@xpack-dev-tools/arm-none-eabi-gcc/14.2.1-1.1.1/.content/bin/../lib/gcc/arm-none-eabi/14.2.1/thumb/v6-m/nofp/libgcc.a(_dvmd_tls.o)
                0x080001e4                __aeabi_ldiv0
                0x080001e4                __aeabi_idiv0
 *(.text*)
 .text.__do_global_dtors_aux
                0x080001e8       0x28 /Users/killzyy/Library/Application Support/Code/User/globalStorage/bmd.stm32-for-vscode/@xpack-dev-tools/arm-none-eabi-gcc/14.2.1-1.1.1/.content/bin/../lib/gcc/arm-none-eabi/14.2.1/thumb/v6-m/nofp/crtbegin.o
 .text.frame_dummy
                0x08000210       0x20 /Users/killzyy/Library/Application Support/Code/User/globalStorage/bmd.stm32-for-vscode/@xpack-dev-tools/arm-none-eabi-gcc/14.2.1-1.1.1/.content/bin/../lib/gcc/arm-none-eabi/14.2.1/thumb/v6-m/nofp/crtbegin.o
 .text.MX_GPIO_Init
                0x08000230       0x70 build/debug/main.o
 .text.MX_DMA_Init
                0x080002a0       0x40 build/debug/main.o
 .text.DMATransferComplete
                0x080002e0       0x20 build/debug/main.o
                0x080002e0                DMATransferComplete
 .text.Error_Handler
                0x08000300        0x4 build/debug/main.o
                0x08000300                Error_Handler
 .text.MX_ADC1_Init
                0x08000304       0x7c build/debug/main.o
 .text.MX_USART2_UART_Init
                0x08000380       0x3c build/debug/main.o
 .text.SystemClock_Config
                0x080003bc       0x68 build/debug/main.o
                0x080003bc                SystemClock_Config
 .text.main     0x08000424       0x7c build/debug/main.o
                0x08000424                main
 .text.HAL_InitTick
                0x080004a0       0x58 build/debug/stm32c0xx_hal.o
                0x080004a0                HAL_InitTick
 .text.HAL_Init
                0x080004f8       0x18 build/debug/stm32c0xx_hal.o
                0x080004f8                HAL_Init
 .text.HAL_IncTick
                0x08000510       0x18 build/debug/stm32c0xx_hal.o
                0x08000510                HAL_IncTick
 .text.HAL_GetTick
                0x08000528        0xc build/debug/stm32c0xx_hal.o
                0x08000528                HAL_GetTick
 .text.HAL_Delay
                0x08000534       0x24 build/debug/stm32c0xx_hal.o
                0x08000534                HAL_Delay
 .text.HAL_ADC_Init
                0x08000558      0x240 build/debug/stm32c0xx_hal_adc.o
                0x08000558                HAL_ADC_Init
 .text.HAL_ADC_ConfigChannel
                0x08000798      0x280 build/debug/stm32c0xx_hal_adc.o
                0x08000798                HAL_ADC_ConfigChannel
 .text.__NVIC_SetPriority
                0x08000a18       0x60 build/debug/stm32c0xx_hal_cortex.o
 .text.SysTick_Config
                0x08000a78       0x38 build/debug/stm32c0xx_hal_cortex.o
 .text.HAL_NVIC_SetPriority
                0x08000ab0        0x8 build/debug/stm32c0xx_hal_cortex.o
                0x08000ab0                HAL_NVIC_SetPriority
 .text.HAL_NVIC_EnableIRQ
                0x08000ab8       0x18 build/debug/stm32c0xx_hal_cortex.o
                0x08000ab8                HAL_NVIC_EnableIRQ
 .text.HAL_SYSTICK_Config
                0x08000ad0        0x8 build/debug/stm32c0xx_hal_cortex.o
                0x08000ad0                HAL_SYSTICK_Config
 .text.DMA_SetConfig
                0x08000ad8       0x48 build/debug/stm32c0xx_hal_dma.o
 .text.DMA_CalcDMAMUXChannelBaseAndMask
                0x08000b20       0x38 build/debug/stm32c0xx_hal_dma.o
 .text.DMA_CalcDMAMUXRequestGenBaseAndMask
                0x08000b58       0x28 build/debug/stm32c0xx_hal_dma.o
 .text.HAL_DMA_Init
                0x08000b80       0xb0 build/debug/stm32c0xx_hal_dma.o
                0x08000b80                HAL_DMA_Init
 .text.HAL_DMA_Start_IT
                0x08000c30       0x9e build/debug/stm32c0xx_hal_dma.o
                0x08000c30                HAL_DMA_Start_IT
 *fill*         0x08000cce        0x2 
 .text.HAL_DMA_IRQHandler
                0x08000cd0       0xcc build/debug/stm32c0xx_hal_dma.o
                0x08000cd0                HAL_DMA_IRQHandler
 .text.HAL_DMA_RegisterCallback
                0x08000d9c       0x54 build/debug/stm32c0xx_hal_dma.o
                0x08000d9c                HAL_DMA_RegisterCallback
 .text.HAL_EXTI_RegisterCallback
                0x08000df0       0x24 build/debug/stm32c0xx_hal_exti.o
                0x08000df0                HAL_EXTI_RegisterCallback
 .text.HAL_EXTI_GetHandle
                0x08000e14        0xe build/debug/stm32c0xx_hal_exti.o
                0x08000e14                HAL_EXTI_GetHandle
 *fill*         0x08000e22        0x2 
 .text.HAL_EXTI_IRQHandler
                0x08000e24       0x48 build/debug/stm32c0xx_hal_exti.o
                0x08000e24                HAL_EXTI_IRQHandler
 .text.HAL_GPIO_Init
                0x08000e6c      0x1bc build/debug/stm32c0xx_hal_gpio.o
                0x08000e6c                HAL_GPIO_Init
 .text.HAL_GPIO_WritePin
                0x08001028        0xc build/debug/stm32c0xx_hal_gpio.o
                0x08001028                HAL_GPIO_WritePin
 .text.HAL_GPIO_TogglePin
                0x08001034       0x10 build/debug/stm32c0xx_hal_gpio.o
                0x08001034                HAL_GPIO_TogglePin
 .text.HAL_GPIO_EXTI_Rising_Callback
                0x08001044        0x2 build/debug/stm32c0xx_hal_gpio.o
                0x08001044                HAL_GPIO_EXTI_Rising_Callback
 .text.HAL_GPIO_EXTI_Falling_Callback
                0x08001046        0x2 build/debug/stm32c0xx_hal_gpio.o
                0x08001046                HAL_GPIO_EXTI_Falling_Callback
 .text.HAL_GPIO_EXTI_IRQHandler
                0x08001048       0x30 build/debug/stm32c0xx_hal_gpio.o
                0x08001048                HAL_GPIO_EXTI_IRQHandler
 .text.HAL_MspInit
                0x08001078       0x30 build/debug/stm32c0xx_hal_msp.o
                0x08001078                HAL_MspInit
 .text.HAL_ADC_MspInit
                0x080010a8       0xbc build/debug/stm32c0xx_hal_msp.o
                0x080010a8                HAL_ADC_MspInit
 .text.HAL_UART_MspInit
                0x08001164       0x98 build/debug/stm32c0xx_hal_msp.o
                0x08001164                HAL_UART_MspInit
 .text.HAL_RCC_OscConfig
                0x080011fc      0x2bc build/debug/stm32c0xx_hal_rcc.o
                0x080011fc                HAL_RCC_OscConfig
 .text.HAL_RCC_GetSysClockFreq
                0x080014b8       0x5c build/debug/stm32c0xx_hal_rcc.o
                0x080014b8                HAL_RCC_GetSysClockFreq
 .text.HAL_RCC_ClockConfig
                0x08001514      0x184 build/debug/stm32c0xx_hal_rcc.o
                0x08001514                HAL_RCC_ClockConfig
 .text.HAL_RCC_GetHCLKFreq
                0x08001698       0x30 build/debug/stm32c0xx_hal_rcc.o
                0x08001698                HAL_RCC_GetHCLKFreq
 .text.HAL_RCC_GetPCLK1Freq
                0x080016c8       0x28 build/debug/stm32c0xx_hal_rcc.o
                0x080016c8                HAL_RCC_GetPCLK1Freq
 .text.HAL_RCCEx_PeriphCLKConfig
                0x080016f0      0x134 build/debug/stm32c0xx_hal_rcc_ex.o
                0x080016f0                HAL_RCCEx_PeriphCLKConfig
 .text.UART_EndRxTransfer
                0x08001824       0x64 build/debug/stm32c0xx_hal_uart.o
 .text.UART_SetConfig
                0x08001888      0x1c4 build/debug/stm32c0xx_hal_uart.o
                0x08001888                UART_SetConfig
 .text.UART_AdvFeatureConfig
                0x08001a4c       0xe0 build/debug/stm32c0xx_hal_uart.o
                0x08001a4c                UART_AdvFeatureConfig
 .text.UART_WaitOnFlagUntilTimeout
                0x08001b2c       0x9e build/debug/stm32c0xx_hal_uart.o
                0x08001b2c                UART_WaitOnFlagUntilTimeout
 *fill*         0x08001bca        0x2 
 .text.UART_CheckIdleState
                0x08001bcc       0xd4 build/debug/stm32c0xx_hal_uart.o
                0x08001bcc                UART_CheckIdleState
 .text.HAL_UART_Init
                0x08001ca0       0x70 build/debug/stm32c0xx_hal_uart.o
                0x08001ca0                HAL_UART_Init
 .text.NMI_Handler
                0x08001d10        0x2 build/debug/stm32c0xx_it.o
                0x08001d10                NMI_Handler
 .text.HardFault_Handler
                0x08001d12        0x2 build/debug/stm32c0xx_it.o
                0x08001d12                HardFault_Handler
 .text.SVC_Handler
                0x08001d14        0x2 build/debug/stm32c0xx_it.o
                0x08001d14                SVC_Handler
 .text.PendSV_Handler
                0x08001d16        0x2 build/debug/stm32c0xx_it.o
                0x08001d16                PendSV_Handler
 .text.SysTick_Handler
                0x08001d18        0x8 build/debug/stm32c0xx_it.o
                0x08001d18                SysTick_Handler
 .text.EXTI0_1_IRQHandler
                0x08001d20        0xa build/debug/stm32c0xx_it.o
                0x08001d20                EXTI0_1_IRQHandler
 .text.EXTI4_15_IRQHandler
                0x08001d2a        0xa build/debug/stm32c0xx_it.o
                0x08001d2a                EXTI4_15_IRQHandler
 .text.DMA1_Channel1_IRQHandler
                0x08001d34       0x10 build/debug/stm32c0xx_it.o
                0x08001d34                DMA1_Channel1_IRQHandler
 .text.DMA1_Channel2_3_IRQHandler
                0x08001d44       0x10 build/debug/stm32c0xx_it.o
                0x08001d44                DMA1_Channel2_3_IRQHandler
 .text.BSP_LED_Init
                0x08001d54       0x84 build/debug/stm32c0xx_nucleo.o
                0x08001d54                BSP_LED_Init
 .text.BSP_PB_Init
                0x08001dd8       0x90 build/debug/stm32c0xx_nucleo.o
                0x08001dd8                BSP_PB_Init
 .text.BSP_PB_IRQHandler
                0x08001e68       0x18 build/debug/stm32c0xx_nucleo.o
                0x08001e68                BSP_PB_IRQHandler
 .text.BSP_PB_Callback
                0x08001e80        0x2 build/debug/stm32c0xx_nucleo.o
                0x08001e80                BSP_PB_Callback
 .text.BUTTON_USER_EXTI_Callback
                0x08001e82        0xa build/debug/stm32c0xx_nucleo.o
 .text.SystemInit
                0x08001e8c       0x10 build/debug/system_stm32c0xx.o
                0x08001e8c                SystemInit
 .text.Reset_Handler
                0x08001e9c       0x50 build/debug/startup_stm32c031xx.o
                0x08001e9c                Reset_Handler
 .text.Default_Handler
                0x08001eec        0x2 build/debug/startup_stm32c031xx.o
                0x08001eec                TIM1_BRK_UP_TRG_COM_IRQHandler
                0x08001eec                I2C1_IRQHandler
                0x08001eec                DMAMUX1_IRQHandler
                0x08001eec                SPI1_IRQHandler
                0x08001eec                EXTI2_3_IRQHandler
                0x08001eec                ADC1_IRQHandler
                0x08001eec                TIM17_IRQHandler
                0x08001eec                RTC_IRQHandler
                0x08001eec                TIM16_IRQHandler
                0x08001eec                TIM3_IRQHandler
                0x08001eec                RCC_IRQHandler
                0x08001eec                Default_Handler
                0x08001eec                TIM14_IRQHandler
                0x08001eec                WWDG_IRQHandler
                0x08001eec                USART2_IRQHandler
                0x08001eec                FLASH_IRQHandler
                0x08001eec                USART1_IRQHandler
                0x08001eec                TIM1_CC_IRQHandler
 .text.memset   0x08001eee       0x10 /Users/killzyy/Library/Application Support/Code/User/globalStorage/bmd.stm32-for-vscode/@xpack-dev-tools/arm-none-eabi-gcc/14.2.1-1.1.1/.content/bin/../lib/gcc/arm-none-eabi/14.2.1/../../../../arm-none-eabi/lib/thumb/v6-m/nofp/libc_nano.a(libc_a-memset.o)
                0x08001eee                memset
 *fill*         0x08001efe        0x2 
 .text.__libc_init_array
                0x08001f00       0x48 /Users/killzyy/Library/Application Support/Code/User/globalStorage/bmd.stm32-for-vscode/@xpack-dev-tools/arm-none-eabi-gcc/14.2.1-1.1.1/.content/bin/../lib/gcc/arm-none-eabi/14.2.1/../../../../arm-none-eabi/lib/thumb/v6-m/nofp/libc_nano.a(libc_a-init.o)
                0x08001f00                __libc_init_array
 *(.glue_7)
 .glue_7        0x08001f48        0x0 linker stubs
 *(.glue_7t)
 .glue_7t       0x08001f48        0x0 linker stubs
 *(.eh_frame)
 .eh_frame      0x08001f48        0x0 /Users/killzyy/Library/Application Support/Code/User/globalStorage/bmd.stm32-for-vscode/@xpack-dev-tools/arm-none-eabi-gcc/14.2.1-1.1.1/.content/bin/../lib/gcc/arm-none-eabi/14.2.1/thumb/v6-m/nofp/crtbegin.o
 *(.init)
 .init          0x08001f48        0x4 /Users/killzyy/Library/Application Support/Code/User/globalStorage/bmd.stm32-for-vscode/@xpack-dev-tools/arm-none-eabi-gcc/14.2.1-1.1.1/.content/bin/../lib/gcc/arm-none-eabi/14.2.1/thumb/v6-m/nofp/crti.o
                0x08001f48                _init
 .init          0x08001f4c        0x8 /Users/killzyy/Library/Application Support/Code/User/globalStorage/bmd.stm32-for-vscode/@xpack-dev-tools/arm-none-eabi-gcc/14.2.1-1.1.1/.content/bin/../lib/gcc/arm-none-eabi/14.2.1/thumb/v6-m/nofp/crtn.o
 *(.fini)
 .fini          0x08001f54        0x4 /Users/killzyy/Library/Application Support/Code/User/globalStorage/bmd.stm32-for-vscode/@xpack-dev-tools/arm-none-eabi-gcc/14.2.1-1.1.1/.content/bin/../lib/gcc/arm-none-eabi/14.2.1/thumb/v6-m/nofp/crti.o
                0x08001f54                _fini
 .fini          0x08001f58        0x8 /Users/killzyy/Library/Application Support/Code/User/globalStorage/bmd.stm32-for-vscode/@xpack-dev-tools/arm-none-eabi-gcc/14.2.1-1.1.1/.content/bin/../lib/gcc/arm-none-eabi/14.2.1/thumb/v6-m/nofp/crtn.o
                0x08001f60                        . = ALIGN (0x4)
                0x08001f60                        _etext = .

.vfp11_veneer   0x08001f60        0x0
 .vfp11_veneer  0x08001f60        0x0 linker stubs

.v4_bx          0x08001f60        0x0
 .v4_bx         0x08001f60        0x0 linker stubs

.iplt           0x08001f60        0x0
 .iplt          0x08001f60        0x0 /Users/killzyy/Library/Application Support/Code/User/globalStorage/bmd.stm32-for-vscode/@xpack-dev-tools/arm-none-eabi-gcc/14.2.1-1.1.1/.content/bin/../lib/gcc/arm-none-eabi/14.2.1/thumb/v6-m/nofp/crtbegin.o

.rodata         0x08001f60       0x94
                0x08001f60                        . = ALIGN (0x4)
 *(.rodata)
 *(.rodata*)
 .rodata.main.str1.4
                0x08001f60       0x10 build/debug/main.o
 .rodata.UARTPrescTable
                0x08001f70       0x18 build/debug/stm32c0xx_hal_uart.o
                0x08001f70                UARTPrescTable
 .rodata.LED_PIN
                0x08001f88        0x4 build/debug/stm32c0xx_nucleo.o
 .rodata.LED_PORT
                0x08001f8c        0x8 build/debug/stm32c0xx_nucleo.o
 .rodata.APBPrescTable
                0x08001f94       0x20 build/debug/system_stm32c0xx.o
                0x08001f94                APBPrescTable
 .rodata.AHBPrescTable
                0x08001fb4       0x40 build/debug/system_stm32c0xx.o
                0x08001fb4                AHBPrescTable
                0x08001ff4                        . = ALIGN (0x4)

.ARM.extab      0x08001ff4        0x0
                0x08001ff4                        . = ALIGN (0x4)
 *(.ARM.extab* .gnu.linkonce.armextab.*)
                0x08001ff4                        . = ALIGN (0x4)

.ARM            0x08001ff4        0x0
                0x08001ff4                        . = ALIGN (0x4)
                0x08001ff4                        __exidx_start = .
 *(.ARM.exidx*)
                0x08001ff4                        __exidx_end = .
                0x08001ff4                        . = ALIGN (0x4)

.preinit_array  0x08001ff4        0x0
                0x08001ff4                        . = ALIGN (0x4)
                0x08001ff4                        PROVIDE (__preinit_array_start = .)
 *(.preinit_array*)
                0x08001ff4                        PROVIDE (__preinit_array_end = .)
                0x08001ff4                        . = ALIGN (0x4)

.init_array     0x08001ff4        0x4
                0x08001ff4                        . = ALIGN (0x4)
                0x08001ff4                        PROVIDE (__init_array_start = .)
 *(SORT_BY_NAME(.init_array.*))
 *(.init_array*)
 .init_array    0x08001ff4        0x4 /Users/killzyy/Library/Application Support/Code/User/globalStorage/bmd.stm32-for-vscode/@xpack-dev-tools/arm-none-eabi-gcc/14.2.1-1.1.1/.content/bin/../lib/gcc/arm-none-eabi/14.2.1/thumb/v6-m/nofp/crtbegin.o
                0x08001ff8                        PROVIDE (__init_array_end = .)
                0x08001ff8                        . = ALIGN (0x4)

.fini_array     0x08001ff8        0x4
                0x08001ff8                        . = ALIGN (0x4)
                0x08001ff8                        PROVIDE (__fini_array_start = .)
 *(SORT_BY_NAME(.fini_array.*))
 *(.fini_array*)
 .fini_array    0x08001ff8        0x4 /Users/killzyy/Library/Application Support/Code/User/globalStorage/bmd.stm32-for-vscode/@xpack-dev-tools/arm-none-eabi-gcc/14.2.1-1.1.1/.content/bin/../lib/gcc/arm-none-eabi/14.2.1/thumb/v6-m/nofp/crtbegin.o
                0x08001ffc                        PROVIDE (__fini_array_end = .)
                0x08001ffc                        . = ALIGN (0x4)
                0x08001ffc                        _sidata = LOADADDR (.data)

.rel.dyn        0x08001ffc        0x0
 .rel.iplt      0x08001ffc        0x0 /Users/killzyy/Library/Application Support/Code/User/globalStorage/bmd.stm32-for-vscode/@xpack-dev-tools/arm-none-eabi-gcc/14.2.1-1.1.1/.content/bin/../lib/gcc/arm-none-eabi/14.2.1/thumb/v6-m/nofp/crtbegin.o

.data           0x20000000        0xc load address 0x08001ffc
                0x20000000                        . = ALIGN (0x4)
                0x20000000                        _sdata = .
 *(.data)
 *(.data*)
 .data.uwTickFreq
                0x20000000        0x1 build/debug/stm32c0xx_hal.o
                0x20000000                uwTickFreq
 *fill*         0x20000001        0x3 
 .data.uwTickPrio
                0x20000004        0x4 build/debug/stm32c0xx_hal.o
                0x20000004                uwTickPrio
 .data.SystemCoreClock
                0x20000008        0x4 build/debug/system_stm32c0xx.o
                0x20000008                SystemCoreClock
 *(.RamFunc)
 *(.RamFunc*)
                0x2000000c                        . = ALIGN (0x4)
                0x2000000c                        _edata = .

.igot.plt       0x2000000c        0x0 load address 0x08002008
 .igot.plt      0x2000000c        0x0 /Users/killzyy/Library/Application Support/Code/User/globalStorage/bmd.stm32-for-vscode/@xpack-dev-tools/arm-none-eabi-gcc/14.2.1-1.1.1/.content/bin/../lib/gcc/arm-none-eabi/14.2.1/thumb/v6-m/nofp/crtbegin.o
                0x2000000c                        . = ALIGN (0x4)

.bss            0x2000000c      0x1dc load address 0x08002008
                0x2000000c                        _sbss = .
                0x2000000c                        __bss_start__ = _sbss
 *(.bss)
 *(.bss*)
 .bss.completed.1
                0x2000000c        0x1 /Users/killzyy/Library/Application Support/Code/User/globalStorage/bmd.stm32-for-vscode/@xpack-dev-tools/arm-none-eabi-gcc/14.2.1-1.1.1/.content/bin/../lib/gcc/arm-none-eabi/14.2.1/thumb/v6-m/nofp/crtbegin.o
 *fill*         0x2000000d        0x3 
 .bss.object.0  0x20000010       0x18 /Users/killzyy/Library/Application Support/Code/User/globalStorage/bmd.stm32-for-vscode/@xpack-dev-tools/arm-none-eabi-gcc/14.2.1-1.1.1/.content/bin/../lib/gcc/arm-none-eabi/14.2.1/thumb/v6-m/nofp/crtbegin.o
 .bss.hdma_usart2_tx
                0x20000028       0x5c build/debug/main.o
                0x20000028                hdma_usart2_tx
 .bss.huart2    0x20000084       0x94 build/debug/main.o
                0x20000084                huart2
 .bss.hdma_adc1
                0x20000118       0x5c build/debug/main.o
                0x20000118                hdma_adc1
 .bss.hadc1     0x20000174       0x64 build/debug/main.o
                0x20000174                hadc1
 .bss.uwTick    0x200001d8        0x4 build/debug/stm32c0xx_hal.o
                0x200001d8                uwTick
 .bss.hpb_exti  0x200001dc        0xc build/debug/stm32c0xx_nucleo.o
                0x200001dc                hpb_exti
 *(COMMON)
                0x200001e8                        . = ALIGN (0x4)
                0x200001e8                        _ebss = .
                0x200001e8                        __bss_end__ = _ebss

._user_heap_stack
                0x200001e8      0x600 load address 0x08002008
                0x200001e8                        . = ALIGN (0x8)
                [!provide]                        PROVIDE (end = .)
                0x200001e8                        PROVIDE (_end = .)
                0x200003e8                        . = (. + _Min_Heap_Size)
 *fill*         0x200001e8      0x200 
                0x200007e8                        . = (. + _Min_Stack_Size)
 *fill*         0x200003e8      0x400 
                0x200007e8                        . = ALIGN (0x8)

/DISCARD/
 libc.a(*)
 libm.a(*)
 libgcc.a(*)
OUTPUT(build/debug/hall_effect_sensor_fsm.elf elf32-littlearm)
LOAD linker stubs
LOAD /Users/killzyy/Library/Application Support/Code/User/globalStorage/bmd.stm32-for-vscode/@xpack-dev-tools/arm-none-eabi-gcc/14.2.1-1.1.1/.content/bin/../lib/gcc/arm-none-eabi/14.2.1/../../../../arm-none-eabi/lib/thumb/v6-m/nofp/libc.a
LOAD /Users/killzyy/Library/Application Support/Code/User/globalStorage/bmd.stm32-for-vscode/@xpack-dev-tools/arm-none-eabi-gcc/14.2.1-1.1.1/.content/bin/../lib/gcc/arm-none-eabi/14.2.1/../../../../arm-none-eabi/lib/thumb/v6-m/nofp/libm.a
LOAD /Users/killzyy/Library/Application Support/Code/User/globalStorage/bmd.stm32-for-vscode/@xpack-dev-tools/arm-none-eabi-gcc/14.2.1-1.1.1/.content/bin/../lib/gcc/arm-none-eabi/14.2.1/thumb/v6-m/nofp/libgcc.a

.ARM.attributes
                0x00000000       0x28
 .ARM.attributes
                0x00000000       0x1e /Users/killzyy/Library/Application Support/Code/User/globalStorage/bmd.stm32-for-vscode/@xpack-dev-tools/arm-none-eabi-gcc/14.2.1-1.1.1/.content/bin/../lib/gcc/arm-none-eabi/14.2.1/thumb/v6-m/nofp/crti.o
 .ARM.attributes
                0x0000001e       0x2c /Users/killzyy/Library/Application Support/Code/User/globalStorage/bmd.stm32-for-vscode/@xpack-dev-tools/arm-none-eabi-gcc/14.2.1-1.1.1/.content/bin/../lib/gcc/arm-none-eabi/14.2.1/thumb/v6-m/nofp/crtbegin.o
 .ARM.attributes
                0x0000004a       0x2c build/debug/main.o
 .ARM.attributes
                0x00000076       0x2c build/debug/stm32c0xx_hal.o
 .ARM.attributes
                0x000000a2       0x2c build/debug/stm32c0xx_hal_adc.o
 .ARM.attributes
                0x000000ce       0x2c build/debug/stm32c0xx_hal_cortex.o
 .ARM.attributes
                0x000000fa       0x2c build/debug/stm32c0xx_hal_dma.o
 .ARM.attributes
                0x00000126       0x2c build/debug/stm32c0xx_hal_exti.o
 .ARM.attributes
                0x00000152       0x2c build/debug/stm32c0xx_hal_gpio.o
 .ARM.attributes
                0x0000017e       0x2c build/debug/stm32c0xx_hal_msp.o
 .ARM.attributes
                0x000001aa       0x2c build/debug/stm32c0xx_hal_rcc.o
 .ARM.attributes
                0x000001d6       0x2c build/debug/stm32c0xx_hal_rcc_ex.o
 .ARM.attributes
                0x00000202       0x2c build/debug/stm32c0xx_hal_uart.o
 .ARM.attributes
                0x0000022e       0x2c build/debug/stm32c0xx_it.o
 .ARM.attributes
                0x0000025a       0x2c build/debug/stm32c0xx_nucleo.o
 .ARM.attributes
                0x00000286       0x2c build/debug/system_stm32c0xx.o
 .ARM.attributes
                0x000002b2       0x22 build/debug/startup_stm32c031xx.o
 .ARM.attributes
                0x000002d4       0x2c /Users/killzyy/Library/Application Support/Code/User/globalStorage/bmd.stm32-for-vscode/@xpack-dev-tools/arm-none-eabi-gcc/14.2.1-1.1.1/.content/bin/../lib/gcc/arm-none-eabi/14.2.1/../../../../arm-none-eabi/lib/thumb/v6-m/nofp/libc_nano.a(libc_a-memset.o)
 .ARM.attributes
                0x00000300       0x2c /Users/killzyy/Library/Application Support/Code/User/globalStorage/bmd.stm32-for-vscode/@xpack-dev-tools/arm-none-eabi-gcc/14.2.1-1.1.1/.content/bin/../lib/gcc/arm-none-eabi/14.2.1/../../../../arm-none-eabi/lib/thumb/v6-m/nofp/libc_nano.a(libc_a-init.o)
 .ARM.attributes
                0x0000032c       0x1c /Users/killzyy/Library/Application Support/Code/User/globalStorage/bmd.stm32-for-vscode/@xpack-dev-tools/arm-none-eabi-gcc/14.2.1-1.1.1/.content/bin/../lib/gcc/arm-none-eabi/14.2.1/../../../../arm-none-eabi/lib/thumb/v6-m/nofp/libc_nano.a(libc_a-strlen.o)
 .ARM.attributes
                0x00000348       0x1e /Users/killzyy/Library/Application Support/Code/User/globalStorage/bmd.stm32-for-vscode/@xpack-dev-tools/arm-none-eabi-gcc/14.2.1-1.1.1/.content/bin/../lib/gcc/arm-none-eabi/14.2.1/thumb/v6-m/nofp/libgcc.a(_udivsi3.o)
 .ARM.attributes
                0x00000366       0x1e /Users/killzyy/Library/Application Support/Code/User/globalStorage/bmd.stm32-for-vscode/@xpack-dev-tools/arm-none-eabi-gcc/14.2.1-1.1.1/.content/bin/../lib/gcc/arm-none-eabi/14.2.1/thumb/v6-m/nofp/libgcc.a(_dvmd_tls.o)
 .ARM.attributes
                0x00000384       0x1e /Users/killzyy/Library/Application Support/Code/User/globalStorage/bmd.stm32-for-vscode/@xpack-dev-tools/arm-none-eabi-gcc/14.2.1-1.1.1/.content/bin/../lib/gcc/arm-none-eabi/14.2.1/thumb/v6-m/nofp/crtn.o

.comment        0x00000000       0x38
 .comment       0x00000000       0x38 /Users/killzyy/Library/Application Support/Code/User/globalStorage/bmd.stm32-for-vscode/@xpack-dev-tools/arm-none-eabi-gcc/14.2.1-1.1.1/.content/bin/../lib/gcc/arm-none-eabi/14.2.1/thumb/v6-m/nofp/crtbegin.o
                                 0x39 (size before relaxing)
 .comment       0x00000038       0x39 build/debug/main.o
 .comment       0x00000038       0x39 build/debug/stm32c0xx_hal.o
 .comment       0x00000038       0x39 build/debug/stm32c0xx_hal_adc.o
 .comment       0x00000038       0x39 build/debug/stm32c0xx_hal_cortex.o
 .comment       0x00000038       0x39 build/debug/stm32c0xx_hal_dma.o
 .comment       0x00000038       0x39 build/debug/stm32c0xx_hal_exti.o
 .comment       0x00000038       0x39 build/debug/stm32c0xx_hal_gpio.o
 .comment       0x00000038       0x39 build/debug/stm32c0xx_hal_msp.o
 .comment       0x00000038       0x39 build/debug/stm32c0xx_hal_rcc.o
 .comment       0x00000038       0x39 build/debug/stm32c0xx_hal_rcc_ex.o
 .comment       0x00000038       0x39 build/debug/stm32c0xx_hal_uart.o
 .comment       0x00000038       0x39 build/debug/stm32c0xx_it.o
 .comment       0x00000038       0x39 build/debug/stm32c0xx_nucleo.o
 .comment       0x00000038       0x39 build/debug/system_stm32c0xx.o
 .comment       0x00000038       0x39 /Users/killzyy/Library/Application Support/Code/User/globalStorage/bmd.stm32-for-vscode/@xpack-dev-tools/arm-none-eabi-gcc/14.2.1-1.1.1/.content/bin/../lib/gcc/arm-none-eabi/14.2.1/../../../../arm-none-eabi/lib/thumb/v6-m/nofp/libc_nano.a(libc_a-memset.o)
 .comment       0x00000038       0x39 /Users/killzyy/Library/Application Support/Code/User/globalStorage/bmd.stm32-for-vscode/@xpack-dev-tools/arm-none-eabi-gcc/14.2.1-1.1.1/.content/bin/../lib/gcc/arm-none-eabi/14.2.1/../../../../arm-none-eabi/lib/thumb/v6-m/nofp/libc_nano.a(libc_a-init.o)

.debug_info     0x00000000     0xfcf4
 .debug_info    0x00000000     0x17f0 build/debug/main.o
 .debug_info    0x000017f0      0x907 build/debug/stm32c0xx_hal.o
 .debug_info    0x000020f7     0x2269 build/debug/stm32c0xx_hal_adc.o
 .debug_info    0x00004360      0x9cb build/debug/stm32c0xx_hal_cortex.o
 .debug_info    0x00004d2b      0x9d0 build/debug/stm32c0xx_hal_dma.o
 .debug_info    0x000056fb      0x70e build/debug/stm32c0xx_hal_exti.o
 .debug_info    0x00005e09      0x607 build/debug/stm32c0xx_hal_gpio.o
 .debug_info    0x00006410     0x1097 build/debug/stm32c0xx_hal_msp.o
 .debug_info    0x000074a7      0xaf8 build/debug/stm32c0xx_hal_rcc.o
 .debug_info    0x00007f9f      0x60f build/debug/stm32c0xx_hal_rcc_ex.o
 .debug_info    0x000085ae     0x60e1 build/debug/stm32c0xx_hal_uart.o
 .debug_info    0x0000e68f      0x4ee build/debug/stm32c0xx_it.o
 .debug_info    0x0000eb7d      0xdcc build/debug/stm32c0xx_nucleo.o
 .debug_info    0x0000f949      0x37b build/debug/system_stm32c0xx.o
 .debug_info    0x0000fcc4       0x30 build/debug/startup_stm32c031xx.o

.debug_abbrev   0x00000000     0x2215
 .debug_abbrev  0x00000000      0x2f3 build/debug/main.o
 .debug_abbrev  0x000002f3      0x30c build/debug/stm32c0xx_hal.o
 .debug_abbrev  0x000005ff      0x2fb build/debug/stm32c0xx_hal_adc.o
 .debug_abbrev  0x000008fa      0x315 build/debug/stm32c0xx_hal_cortex.o
 .debug_abbrev  0x00000c0f      0x1e7 build/debug/stm32c0xx_hal_dma.o
 .debug_abbrev  0x00000df6      0x181 build/debug/stm32c0xx_hal_exti.o
 .debug_abbrev  0x00000f77      0x207 build/debug/stm32c0xx_hal_gpio.o
 .debug_abbrev  0x0000117e      0x1fe build/debug/stm32c0xx_hal_msp.o
 .debug_abbrev  0x0000137c      0x2c1 build/debug/stm32c0xx_hal_rcc.o
 .debug_abbrev  0x0000163d      0x297 build/debug/stm32c0xx_hal_rcc_ex.o
 .debug_abbrev  0x000018d4      0x375 build/debug/stm32c0xx_hal_uart.o
 .debug_abbrev  0x00001c49      0x154 build/debug/stm32c0xx_it.o
 .debug_abbrev  0x00001d9d      0x328 build/debug/stm32c0xx_nucleo.o
 .debug_abbrev  0x000020c5      0x12c build/debug/system_stm32c0xx.o
 .debug_abbrev  0x000021f1       0x24 build/debug/startup_stm32c031xx.o

.debug_loclists
                0x00000000     0x5f83
 .debug_loclists
                0x00000000       0x63 build/debug/main.o
 .debug_loclists
                0x00000063      0x19a build/debug/stm32c0xx_hal.o
 .debug_loclists
                0x000001fd     0x1050 build/debug/stm32c0xx_hal_adc.o
 .debug_loclists
                0x0000124d      0x225 build/debug/stm32c0xx_hal_cortex.o
 .debug_loclists
                0x00001472      0x696 build/debug/stm32c0xx_hal_dma.o
 .debug_loclists
                0x00001b08      0x82f build/debug/stm32c0xx_hal_exti.o
 .debug_loclists
                0x00002337      0x307 build/debug/stm32c0xx_hal_gpio.o
 .debug_loclists
                0x0000263e       0xc8 build/debug/stm32c0xx_hal_msp.o
 .debug_loclists
                0x00002706      0x46f build/debug/stm32c0xx_hal_rcc.o
 .debug_loclists
                0x00002b75      0x4b6 build/debug/stm32c0xx_hal_rcc_ex.o
 .debug_loclists
                0x0000302b     0x2c6d build/debug/stm32c0xx_hal_uart.o
 .debug_loclists
                0x00005c98      0x2c5 build/debug/stm32c0xx_nucleo.o
 .debug_loclists
                0x00005f5d       0x26 build/debug/system_stm32c0xx.o

.debug_aranges  0x00000000      0x920
 .debug_aranges
                0x00000000       0x68 build/debug/main.o
 .debug_aranges
                0x00000068       0xf0 build/debug/stm32c0xx_hal.o
 .debug_aranges
                0x00000158      0x118 build/debug/stm32c0xx_hal_adc.o
 .debug_aranges
                0x00000270       0xc0 build/debug/stm32c0xx_hal_cortex.o
 .debug_aranges
                0x00000330       0x90 build/debug/stm32c0xx_hal_dma.o
 .debug_aranges
                0x000003c0       0x60 build/debug/stm32c0xx_hal_exti.o
 .debug_aranges
                0x00000420       0x68 build/debug/stm32c0xx_hal_gpio.o
 .debug_aranges
                0x00000488       0x40 build/debug/stm32c0xx_hal_msp.o
 .debug_aranges
                0x000004c8       0x90 build/debug/stm32c0xx_hal_rcc.o
 .debug_aranges
                0x00000558       0x40 build/debug/stm32c0xx_hal_rcc_ex.o
 .debug_aranges
                0x00000598      0x248 build/debug/stm32c0xx_hal_uart.o
 .debug_aranges
                0x000007e0       0x60 build/debug/stm32c0xx_it.o
 .debug_aranges
                0x00000840       0x90 build/debug/stm32c0xx_nucleo.o
 .debug_aranges
                0x000008d0       0x28 build/debug/system_stm32c0xx.o
 .debug_aranges
                0x000008f8       0x28 build/debug/startup_stm32c031xx.o

.debug_rnglists
                0x00000000      0x809
 .debug_rnglists
                0x00000000       0x49 build/debug/main.o
 .debug_rnglists
                0x00000049       0xaf build/debug/stm32c0xx_hal.o
 .debug_rnglists
                0x000000f8      0x146 build/debug/stm32c0xx_hal_adc.o
 .debug_rnglists
                0x0000023e       0x97 build/debug/stm32c0xx_hal_cortex.o
 .debug_rnglists
                0x000002d5       0x6e build/debug/stm32c0xx_hal_dma.o
 .debug_rnglists
                0x00000343       0x46 build/debug/stm32c0xx_hal_exti.o
 .debug_rnglists
                0x00000389       0x4b build/debug/stm32c0xx_hal_gpio.o
 .debug_rnglists
                0x000003d4       0x2d build/debug/stm32c0xx_hal_msp.o
 .debug_rnglists
                0x00000401       0x8a build/debug/stm32c0xx_hal_rcc.o
 .debug_rnglists
                0x0000048b       0x44 build/debug/stm32c0xx_hal_rcc_ex.o
 .debug_rnglists
                0x000004cf      0x25c build/debug/stm32c0xx_hal_uart.o
 .debug_rnglists
                0x0000072b       0x43 build/debug/stm32c0xx_it.o
 .debug_rnglists
                0x0000076e       0x69 build/debug/stm32c0xx_nucleo.o
 .debug_rnglists
                0x000007d7       0x19 build/debug/system_stm32c0xx.o
 .debug_rnglists
                0x000007f0       0x19 build/debug/startup_stm32c031xx.o

.debug_line     0x00000000     0xc06a
 .debug_line    0x00000000      0x7d3 build/debug/main.o
 .debug_line    0x000007d3      0x6a8 build/debug/stm32c0xx_hal.o
 .debug_line    0x00000e7b     0x1b75 build/debug/stm32c0xx_hal_adc.o
 .debug_line    0x000029f0      0x765 build/debug/stm32c0xx_hal_cortex.o
 .debug_line    0x00003155      0xbf8 build/debug/stm32c0xx_hal_dma.o
 .debug_line    0x00003d4d      0x8aa build/debug/stm32c0xx_hal_exti.o
 .debug_line    0x000045f7      0x7c6 build/debug/stm32c0xx_hal_gpio.o
 .debug_line    0x00004dbd      0x506 build/debug/stm32c0xx_hal_msp.o
 .debug_line    0x000052c3      0xbdb build/debug/stm32c0xx_hal_rcc.o
 .debug_line    0x00005e9e      0x6c2 build/debug/stm32c0xx_hal_rcc_ex.o
 .debug_line    0x00006560     0x4e07 build/debug/stm32c0xx_hal_uart.o
 .debug_line    0x0000b367      0x372 build/debug/stm32c0xx_it.o
 .debug_line    0x0000b6d9      0x654 build/debug/stm32c0xx_nucleo.o
 .debug_line    0x0000bd2d      0x2c4 build/debug/system_stm32c0xx.o
 .debug_line    0x0000bff1       0x79 build/debug/startup_stm32c031xx.o

.debug_str      0x00000000     0x334b
 .debug_str     0x00000000     0x334b build/debug/main.o
                               0x10d1 (size before relaxing)
 .debug_str     0x0000334b      0x7c1 build/debug/stm32c0xx_hal.o
 .debug_str     0x0000334b      0xfca build/debug/stm32c0xx_hal_adc.o
 .debug_str     0x0000334b      0x714 build/debug/stm32c0xx_hal_cortex.o
 .debug_str     0x0000334b      0x780 build/debug/stm32c0xx_hal_dma.o
 .debug_str     0x0000334b      0x447 build/debug/stm32c0xx_hal_exti.o
 .debug_str     0x0000334b      0x426 build/debug/stm32c0xx_hal_gpio.o
 .debug_str     0x0000334b      0xc35 build/debug/stm32c0xx_hal_msp.o
 .debug_str     0x0000334b      0x6e5 build/debug/stm32c0xx_hal_rcc.o
 .debug_str     0x0000334b      0x51a build/debug/stm32c0xx_hal_rcc_ex.o
 .debug_str     0x0000334b     0x1126 build/debug/stm32c0xx_hal_uart.o
 .debug_str     0x0000334b      0x5a0 build/debug/stm32c0xx_it.o
 .debug_str     0x0000334b      0x844 build/debug/stm32c0xx_nucleo.o
 .debug_str     0x0000334b      0x2e6 build/debug/system_stm32c0xx.o
 .debug_str     0x0000334b       0x90 build/debug/startup_stm32c031xx.o

.debug_frame    0x00000000     0x16a0
 .debug_frame   0x00000000      0x108 build/debug/main.o
 .debug_frame   0x00000108      0x1ec build/debug/stm32c0xx_hal.o
 .debug_frame   0x000002f4      0x2fc build/debug/stm32c0xx_hal_adc.o
 .debug_frame   0x000005f0      0x194 build/debug/stm32c0xx_hal_cortex.o
 .debug_frame   0x00000784      0x188 build/debug/stm32c0xx_hal_dma.o
 .debug_frame   0x0000090c       0xf0 build/debug/stm32c0xx_hal_exti.o
 .debug_frame   0x000009fc       0xe8 build/debug/stm32c0xx_hal_gpio.o
 .debug_frame   0x00000ae4       0x8c build/debug/stm32c0xx_hal_msp.o
 .debug_frame   0x00000b70      0x168 build/debug/stm32c0xx_hal_rcc.o
 .debug_frame   0x00000cd8       0x84 build/debug/stm32c0xx_hal_rcc_ex.o
 .debug_frame   0x00000d5c      0x6dc build/debug/stm32c0xx_hal_uart.o
 .debug_frame   0x00001438       0xc8 build/debug/stm32c0xx_it.o
 .debug_frame   0x00001500      0x170 build/debug/stm32c0xx_nucleo.o
 .debug_frame   0x00001670       0x30 build/debug/system_stm32c0xx.o

.debug_line_str
                0x00000000       0x74
 .debug_line_str
                0x00000000       0x74 build/debug/startup_stm32c031xx.o

Cross Reference Table

Symbol                                            File
ADC1_IRQHandler                                   build/debug/startup_stm32c031xx.o
ADC_ConversionStop                                build/debug/stm32c0xx_hal_adc.o
ADC_Disable                                       build/debug/stm32c0xx_hal_adc.o
                                                  build/debug/stm32c0xx_hal_adc_ex.o
ADC_Enable                                        build/debug/stm32c0xx_hal_adc.o
AHBPrescTable                                     build/debug/system_stm32c0xx.o
                                                  build/debug/stm32c0xx_hal_rcc.o
APBPrescTable                                     build/debug/system_stm32c0xx.o
                                                  build/debug/stm32c0xx_hal_rcc.o
BSP_GetBoardID                                    build/debug/stm32c0xx_nucleo.o
BSP_GetBoardName                                  build/debug/stm32c0xx_nucleo.o
BSP_GetVersion                                    build/debug/stm32c0xx_nucleo.o
BSP_LED_DeInit                                    build/debug/stm32c0xx_nucleo.o
BSP_LED_GetState                                  build/debug/stm32c0xx_nucleo.o
BSP_LED_Init                                      build/debug/stm32c0xx_nucleo.o
                                                  build/debug/main.o
BSP_LED_Off                                       build/debug/stm32c0xx_nucleo.o
BSP_LED_On                                        build/debug/stm32c0xx_nucleo.o
BSP_LED_Toggle                                    build/debug/stm32c0xx_nucleo.o
BSP_PB_Callback                                   build/debug/stm32c0xx_nucleo.o
BSP_PB_DeInit                                     build/debug/stm32c0xx_nucleo.o
BSP_PB_GetState                                   build/debug/stm32c0xx_nucleo.o
BSP_PB_IRQHandler                                 build/debug/stm32c0xx_nucleo.o
                                                  build/debug/stm32c0xx_it.o
BSP_PB_Init                                       build/debug/stm32c0xx_nucleo.o
                                                  build/debug/main.o
DMA1_Channel1_IRQHandler                          build/debug/stm32c0xx_it.o
DMA1_Channel2_3_IRQHandler                        build/debug/stm32c0xx_it.o
DMAMUX1_IRQHandler                                build/debug/startup_stm32c031xx.o
DMATransferComplete                               build/debug/main.o
Default_Handler                                   build/debug/startup_stm32c031xx.o
EXTI0_1_IRQHandler                                build/debug/stm32c0xx_it.o
EXTI2_3_IRQHandler                                build/debug/startup_stm32c031xx.o
EXTI4_15_IRQHandler                               build/debug/stm32c0xx_it.o
Error_Handler                                     build/debug/main.o
                                                  build/debug/stm32c0xx_hal_msp.o
FLASH_FlushCaches                                 build/debug/stm32c0xx_hal_flash_ex.o
FLASH_IRQHandler                                  build/debug/startup_stm32c031xx.o
FLASH_PageErase                                   build/debug/stm32c0xx_hal_flash_ex.o
                                                  build/debug/stm32c0xx_hal_flash.o
FLASH_WaitForLastOperation                        build/debug/stm32c0xx_hal_flash.o
                                                  build/debug/stm32c0xx_hal_flash_ex.o
HAL_ADCEx_Calibration_GetValue                    build/debug/stm32c0xx_hal_adc_ex.o
HAL_ADCEx_Calibration_SetValue                    build/debug/stm32c0xx_hal_adc_ex.o
HAL_ADCEx_Calibration_Start                       build/debug/stm32c0xx_hal_adc_ex.o
HAL_ADCEx_ChannelConfigReadyCallback              build/debug/stm32c0xx_hal_adc_ex.o
                                                  build/debug/stm32c0xx_hal_adc.o
HAL_ADCEx_DisableVoltageRegulator                 build/debug/stm32c0xx_hal_adc_ex.o
HAL_ADCEx_EndOfSamplingCallback                   build/debug/stm32c0xx_hal_adc_ex.o
                                                  build/debug/stm32c0xx_hal_adc.o
HAL_ADCEx_LevelOutOfWindow2Callback               build/debug/stm32c0xx_hal_adc_ex.o
                                                  build/debug/stm32c0xx_hal_adc.o
HAL_ADCEx_LevelOutOfWindow3Callback               build/debug/stm32c0xx_hal_adc_ex.o
                                                  build/debug/stm32c0xx_hal_adc.o
HAL_ADC_ADCReadyCallback                          build/debug/stm32c0xx_hal_adc.o
HAL_ADC_AnalogWDGConfig                           build/debug/stm32c0xx_hal_adc.o
HAL_ADC_CalibrationCpltCallback                   build/debug/stm32c0xx_hal_adc.o
HAL_ADC_ConfigChannel                             build/debug/stm32c0xx_hal_adc.o
                                                  build/debug/main.o
HAL_ADC_ConvCpltCallback                          build/debug/main.o
HAL_ADC_ConvHalfCpltCallback                      build/debug/main.o
HAL_ADC_DeInit                                    build/debug/stm32c0xx_hal_adc.o
HAL_ADC_ErrorCallback                             build/debug/stm32c0xx_hal_adc.o
HAL_ADC_GetError                                  build/debug/stm32c0xx_hal_adc.o
HAL_ADC_GetState                                  build/debug/stm32c0xx_hal_adc.o
HAL_ADC_GetValue                                  build/debug/stm32c0xx_hal_adc.o
HAL_ADC_IRQHandler                                build/debug/stm32c0xx_hal_adc.o
HAL_ADC_Init                                      build/debug/stm32c0xx_hal_adc.o
                                                  build/debug/main.o
HAL_ADC_LevelOutOfWindowCallback                  build/debug/stm32c0xx_hal_adc.o
HAL_ADC_MspDeInit                                 build/debug/stm32c0xx_hal_msp.o
                                                  build/debug/stm32c0xx_hal_adc.o
HAL_ADC_MspInit                                   build/debug/stm32c0xx_hal_msp.o
                                                  build/debug/stm32c0xx_hal_adc.o
HAL_ADC_PollForConversion                         build/debug/stm32c0xx_hal_adc.o
HAL_ADC_PollForEvent                              build/debug/stm32c0xx_hal_adc.o
HAL_ADC_Start                                     build/debug/stm32c0xx_hal_adc.o
HAL_ADC_Start_DMA                                 build/debug/stm32c0xx_hal_adc.o
HAL_ADC_Start_IT                                  build/debug/stm32c0xx_hal_adc.o
HAL_ADC_Stop                                      build/debug/stm32c0xx_hal_adc.o
HAL_ADC_Stop_DMA                                  build/debug/stm32c0xx_hal_adc.o
HAL_ADC_Stop_IT                                   build/debug/stm32c0xx_hal_adc.o
HAL_DBGMCU_DisableDBGStandbyMode                  build/debug/stm32c0xx_hal.o
HAL_DBGMCU_DisableDBGStopMode                     build/debug/stm32c0xx_hal.o
HAL_DBGMCU_EnableDBGStandbyMode                   build/debug/stm32c0xx_hal.o
HAL_DBGMCU_EnableDBGStopMode                      build/debug/stm32c0xx_hal.o
HAL_DMAEx_ConfigMuxRequestGenerator               build/debug/stm32c0xx_hal_dma_ex.o
HAL_DMAEx_ConfigMuxSync                           build/debug/stm32c0xx_hal_dma_ex.o
HAL_DMAEx_DisableMuxRequestGenerator              build/debug/stm32c0xx_hal_dma_ex.o
HAL_DMAEx_EnableMuxRequestGenerator               build/debug/stm32c0xx_hal_dma_ex.o
HAL_DMAEx_MUX_IRQHandler                          build/debug/stm32c0xx_hal_dma_ex.o
HAL_DMA_Abort                                     build/debug/stm32c0xx_hal_dma.o
                                                  build/debug/stm32c0xx_hal_uart.o
                                                  build/debug/stm32c0xx_hal_adc.o
HAL_DMA_Abort_IT                                  build/debug/stm32c0xx_hal_dma.o
                                                  build/debug/stm32c0xx_hal_uart.o
HAL_DMA_DeInit                                    build/debug/stm32c0xx_hal_dma.o
                                                  build/debug/stm32c0xx_hal_msp.o
HAL_DMA_GetError                                  build/debug/stm32c0xx_hal_dma.o
                                                  build/debug/stm32c0xx_hal_uart.o
HAL_DMA_GetState                                  build/debug/stm32c0xx_hal_dma.o
HAL_DMA_IRQHandler                                build/debug/stm32c0xx_hal_dma.o
                                                  build/debug/stm32c0xx_it.o
HAL_DMA_Init                                      build/debug/stm32c0xx_hal_dma.o
                                                  build/debug/stm32c0xx_hal_msp.o
HAL_DMA_PollForTransfer                           build/debug/stm32c0xx_hal_dma.o
HAL_DMA_RegisterCallback                          build/debug/stm32c0xx_hal_dma.o
                                                  build/debug/main.o
HAL_DMA_Start                                     build/debug/stm32c0xx_hal_dma.o
HAL_DMA_Start_IT                                  build/debug/stm32c0xx_hal_dma.o
                                                  build/debug/stm32c0xx_hal_uart.o
                                                  build/debug/stm32c0xx_hal_adc.o
                                                  build/debug/main.o
HAL_DMA_UnRegisterCallback                        build/debug/stm32c0xx_hal_dma.o
HAL_DeInit                                        build/debug/stm32c0xx_hal.o
HAL_Delay                                         build/debug/stm32c0xx_hal.o
                                                  build/debug/main.o
HAL_EXTI_ClearConfigLine                          build/debug/stm32c0xx_hal_exti.o
HAL_EXTI_ClearPending                             build/debug/stm32c0xx_hal_exti.o
HAL_EXTI_GenerateSWI                              build/debug/stm32c0xx_hal_exti.o
HAL_EXTI_GetConfigLine                            build/debug/stm32c0xx_hal_exti.o
HAL_EXTI_GetHandle                                build/debug/stm32c0xx_hal_exti.o
                                                  build/debug/stm32c0xx_nucleo.o
HAL_EXTI_GetPending                               build/debug/stm32c0xx_hal_exti.o
HAL_EXTI_IRQHandler                               build/debug/stm32c0xx_hal_exti.o
                                                  build/debug/stm32c0xx_nucleo.o
HAL_EXTI_RegisterCallback                         build/debug/stm32c0xx_hal_exti.o
                                                  build/debug/stm32c0xx_nucleo.o
HAL_EXTI_SetConfigLine                            build/debug/stm32c0xx_hal_exti.o
HAL_FLASHEx_DisableDebugger                       build/debug/stm32c0xx_hal_flash_ex.o
HAL_FLASHEx_EnableDebugger                        build/debug/stm32c0xx_hal_flash_ex.o
HAL_FLASHEx_EnableSecMemProtection                build/debug/stm32c0xx_hal_flash_ex.o
HAL_FLASHEx_Erase                                 build/debug/stm32c0xx_hal_flash_ex.o
HAL_FLASHEx_Erase_IT                              build/debug/stm32c0xx_hal_flash_ex.o
HAL_FLASHEx_FlashEmptyCheck                       build/debug/stm32c0xx_hal_flash_ex.o
HAL_FLASHEx_ForceFlashEmpty                       build/debug/stm32c0xx_hal_flash_ex.o
HAL_FLASHEx_OBGetConfig                           build/debug/stm32c0xx_hal_flash_ex.o
HAL_FLASHEx_OBProgram                             build/debug/stm32c0xx_hal_flash_ex.o
HAL_FLASH_EndOfOperationCallback                  build/debug/stm32c0xx_hal_flash.o
HAL_FLASH_GetError                                build/debug/stm32c0xx_hal_flash.o
HAL_FLASH_IRQHandler                              build/debug/stm32c0xx_hal_flash.o
HAL_FLASH_Lock                                    build/debug/stm32c0xx_hal_flash.o
HAL_FLASH_OB_Launch                               build/debug/stm32c0xx_hal_flash.o
HAL_FLASH_OB_Lock                                 build/debug/stm32c0xx_hal_flash.o
HAL_FLASH_OB_Unlock                               build/debug/stm32c0xx_hal_flash.o
HAL_FLASH_OperationErrorCallback                  build/debug/stm32c0xx_hal_flash.o
HAL_FLASH_Program                                 build/debug/stm32c0xx_hal_flash.o
HAL_FLASH_Program_IT                              build/debug/stm32c0xx_hal_flash.o
HAL_FLASH_Unlock                                  build/debug/stm32c0xx_hal_flash.o
HAL_GPIO_DeInit                                   build/debug/stm32c0xx_hal_gpio.o
                                                  build/debug/stm32c0xx_nucleo.o
                                                  build/debug/stm32c0xx_hal_msp.o
HAL_GPIO_EXTI_Falling_Callback                    build/debug/stm32c0xx_hal_gpio.o
HAL_GPIO_EXTI_IRQHandler                          build/debug/stm32c0xx_hal_gpio.o
                                                  build/debug/stm32c0xx_it.o
HAL_GPIO_EXTI_Rising_Callback                     build/debug/stm32c0xx_hal_gpio.o
HAL_GPIO_Init                                     build/debug/stm32c0xx_hal_gpio.o
                                                  build/debug/stm32c0xx_nucleo.o
                                                  build/debug/stm32c0xx_hal_rcc_ex.o
                                                  build/debug/stm32c0xx_hal_rcc.o
                                                  build/debug/stm32c0xx_hal_msp.o
                                                  build/debug/main.o
HAL_GPIO_LockPin                                  build/debug/stm32c0xx_hal_gpio.o
HAL_GPIO_ReadPin                                  build/debug/stm32c0xx_hal_gpio.o
                                                  build/debug/stm32c0xx_nucleo.o
HAL_GPIO_TogglePin                                build/debug/stm32c0xx_hal_gpio.o
                                                  build/debug/stm32c0xx_nucleo.o
                                                  build/debug/main.o
HAL_GPIO_WriteMultipleStatePin                    build/debug/stm32c0xx_hal_gpio.o
HAL_GPIO_WritePin                                 build/debug/stm32c0xx_hal_gpio.o
                                                  build/debug/stm32c0xx_nucleo.o
                                                  build/debug/main.o
HAL_GetDEVID                                      build/debug/stm32c0xx_hal.o
HAL_GetHalVersion                                 build/debug/stm32c0xx_hal.o
HAL_GetREVID                                      build/debug/stm32c0xx_hal.o
HAL_GetTick                                       build/debug/stm32c0xx_hal.o
                                                  build/debug/stm32c0xx_hal_uart_ex.o
                                                  build/debug/stm32c0xx_hal_uart.o
                                                  build/debug/stm32c0xx_hal_rcc_ex.o
                                                  build/debug/stm32c0xx_hal_rcc.o
                                                  build/debug/stm32c0xx_hal_flash.o
                                                  build/debug/stm32c0xx_hal_dma.o
                                                  build/debug/stm32c0xx_hal_adc_ex.o
                                                  build/debug/stm32c0xx_hal_adc.o
HAL_GetTickFreq                                   build/debug/stm32c0xx_hal.o
HAL_GetTickPrio                                   build/debug/stm32c0xx_hal.o
HAL_GetUIDw0                                      build/debug/stm32c0xx_hal.o
HAL_GetUIDw1                                      build/debug/stm32c0xx_hal.o
HAL_GetUIDw2                                      build/debug/stm32c0xx_hal.o
HAL_HalfDuplex_EnableReceiver                     build/debug/stm32c0xx_hal_uart.o
HAL_HalfDuplex_EnableTransmitter                  build/debug/stm32c0xx_hal_uart.o
HAL_HalfDuplex_Init                               build/debug/stm32c0xx_hal_uart.o
HAL_IncTick                                       build/debug/stm32c0xx_hal.o
                                                  build/debug/stm32c0xx_it.o
HAL_Init                                          build/debug/stm32c0xx_hal.o
                                                  build/debug/main.o
HAL_InitTick                                      build/debug/stm32c0xx_hal.o
                                                  build/debug/stm32c0xx_hal_rcc.o
HAL_LIN_Init                                      build/debug/stm32c0xx_hal_uart.o
HAL_LIN_SendBreak                                 build/debug/stm32c0xx_hal_uart.o
HAL_MPU_ConfigRegion                              build/debug/stm32c0xx_hal_cortex.o
HAL_MPU_Disable                                   build/debug/stm32c0xx_hal_cortex.o
HAL_MPU_DisableRegion                             build/debug/stm32c0xx_hal_cortex.o
HAL_MPU_Enable                                    build/debug/stm32c0xx_hal_cortex.o
HAL_MPU_EnableRegion                              build/debug/stm32c0xx_hal_cortex.o
HAL_MspDeInit                                     build/debug/stm32c0xx_hal.o
HAL_MspInit                                       build/debug/stm32c0xx_hal_msp.o
                                                  build/debug/stm32c0xx_hal.o
HAL_MultiProcessorEx_AddressLength_Set            build/debug/stm32c0xx_hal_uart_ex.o
HAL_MultiProcessor_DisableMuteMode                build/debug/stm32c0xx_hal_uart.o
HAL_MultiProcessor_EnableMuteMode                 build/debug/stm32c0xx_hal_uart.o
HAL_MultiProcessor_EnterMuteMode                  build/debug/stm32c0xx_hal_uart.o
HAL_MultiProcessor_Init                           build/debug/stm32c0xx_hal_uart.o
HAL_NVIC_ClearPendingIRQ                          build/debug/stm32c0xx_hal_cortex.o
HAL_NVIC_DisableIRQ                               build/debug/stm32c0xx_hal_cortex.o
                                                  build/debug/stm32c0xx_nucleo.o
HAL_NVIC_EnableIRQ                                build/debug/stm32c0xx_hal_cortex.o
                                                  build/debug/stm32c0xx_nucleo.o
                                                  build/debug/main.o
HAL_NVIC_GetPendingIRQ                            build/debug/stm32c0xx_hal_cortex.o
HAL_NVIC_GetPriority                              build/debug/stm32c0xx_hal_cortex.o
HAL_NVIC_SetPendingIRQ                            build/debug/stm32c0xx_hal_cortex.o
HAL_NVIC_SetPriority                              build/debug/stm32c0xx_hal_cortex.o
                                                  build/debug/stm32c0xx_nucleo.o
                                                  build/debug/stm32c0xx_hal.o
                                                  build/debug/main.o
HAL_NVIC_SystemReset                              build/debug/stm32c0xx_hal_cortex.o
HAL_PWREx_BKUPRead                                build/debug/stm32c0xx_hal_pwr_ex.o
HAL_PWREx_BKUPWrite                               build/debug/stm32c0xx_hal_pwr_ex.o
HAL_PWREx_DisableFlashPowerDown                   build/debug/stm32c0xx_hal_pwr_ex.o
HAL_PWREx_DisableGPIOPullDown                     build/debug/stm32c0xx_hal_pwr_ex.o
HAL_PWREx_DisableGPIOPullUp                       build/debug/stm32c0xx_hal_pwr_ex.o
HAL_PWREx_DisableInternalWakeUpLine               build/debug/stm32c0xx_hal_pwr_ex.o
HAL_PWREx_DisablePullUpPullDownConfig             build/debug/stm32c0xx_hal_pwr_ex.o
HAL_PWREx_EnableFlashPowerDown                    build/debug/stm32c0xx_hal_pwr_ex.o
HAL_PWREx_EnableGPIOPullDown                      build/debug/stm32c0xx_hal_pwr_ex.o
HAL_PWREx_EnableGPIOPullUp                        build/debug/stm32c0xx_hal_pwr_ex.o
HAL_PWREx_EnableInternalWakeUpLine                build/debug/stm32c0xx_hal_pwr_ex.o
HAL_PWREx_EnablePullUpPullDownConfig              build/debug/stm32c0xx_hal_pwr_ex.o
HAL_PWREx_EnterSHUTDOWNMode                       build/debug/stm32c0xx_hal_pwr_ex.o
HAL_PWR_DeInit                                    build/debug/stm32c0xx_hal_pwr.o
HAL_PWR_DisableSEVOnPend                          build/debug/stm32c0xx_hal_pwr.o
HAL_PWR_DisableSleepOnExit                        build/debug/stm32c0xx_hal_pwr.o
HAL_PWR_DisableWakeUpPin                          build/debug/stm32c0xx_hal_pwr.o
HAL_PWR_EnableSEVOnPend                           build/debug/stm32c0xx_hal_pwr.o
HAL_PWR_EnableSleepOnExit                         build/debug/stm32c0xx_hal_pwr.o
HAL_PWR_EnableWakeUpPin                           build/debug/stm32c0xx_hal_pwr.o
HAL_PWR_EnterSLEEPMode                            build/debug/stm32c0xx_hal_pwr.o
HAL_PWR_EnterSTANDBYMode                          build/debug/stm32c0xx_hal_pwr.o
HAL_PWR_EnterSTOPMode                             build/debug/stm32c0xx_hal_pwr.o
HAL_RCCEx_DisableLSCO                             build/debug/stm32c0xx_hal_rcc_ex.o
HAL_RCCEx_EnableLSCO                              build/debug/stm32c0xx_hal_rcc_ex.o
HAL_RCCEx_GetPeriphCLKConfig                      build/debug/stm32c0xx_hal_rcc_ex.o
HAL_RCCEx_GetPeriphCLKFreq                        build/debug/stm32c0xx_hal_rcc_ex.o
HAL_RCCEx_PeriphCLKConfig                         build/debug/stm32c0xx_hal_rcc_ex.o
                                                  build/debug/stm32c0xx_hal_msp.o
HAL_RCC_CSSCallback                               build/debug/stm32c0xx_hal_rcc.o
HAL_RCC_ClockConfig                               build/debug/stm32c0xx_hal_rcc.o
                                                  build/debug/main.o
HAL_RCC_DeInit                                    build/debug/stm32c0xx_hal_rcc.o
HAL_RCC_DisableLSECSS                             build/debug/stm32c0xx_hal_rcc.o
HAL_RCC_EnableCSS                                 build/debug/stm32c0xx_hal_rcc.o
HAL_RCC_EnableLSECSS                              build/debug/stm32c0xx_hal_rcc.o
HAL_RCC_GetClockConfig                            build/debug/stm32c0xx_hal_rcc.o
HAL_RCC_GetHCLKFreq                               build/debug/stm32c0xx_hal_rcc.o
HAL_RCC_GetOscConfig                              build/debug/stm32c0xx_hal_rcc.o
HAL_RCC_GetPCLK1Freq                              build/debug/stm32c0xx_hal_rcc.o
                                                  build/debug/stm32c0xx_hal_uart.o
                                                  build/debug/stm32c0xx_hal_rcc_ex.o
HAL_RCC_GetSysClockFreq                           build/debug/stm32c0xx_hal_rcc.o
                                                  build/debug/stm32c0xx_hal_uart.o
                                                  build/debug/stm32c0xx_hal_rcc_ex.o
HAL_RCC_LSECSSCallback                            build/debug/stm32c0xx_hal_rcc.o
HAL_RCC_MCOConfig                                 build/debug/stm32c0xx_hal_rcc.o
HAL_RCC_NMI_IRQHandler                            build/debug/stm32c0xx_hal_rcc.o
HAL_RCC_OscConfig                                 build/debug/stm32c0xx_hal_rcc.o
                                                  build/debug/main.o
HAL_RS485Ex_Init                                  build/debug/stm32c0xx_hal_uart_ex.o
HAL_ResumeTick                                    build/debug/stm32c0xx_hal.o
HAL_SYSCFG_DisableRemap                           build/debug/stm32c0xx_hal.o
HAL_SYSCFG_EnableRemap                            build/debug/stm32c0xx_hal.o
HAL_SYSCFG_GetPinBinding                          build/debug/stm32c0xx_hal.o
HAL_SYSCFG_SetPinBinding                          build/debug/stm32c0xx_hal.o
HAL_SYSTICK_CLKSourceConfig                       build/debug/stm32c0xx_hal_cortex.o
HAL_SYSTICK_Callback                              build/debug/stm32c0xx_hal_cortex.o
HAL_SYSTICK_Config                                build/debug/stm32c0xx_hal_cortex.o
                                                  build/debug/stm32c0xx_hal.o
HAL_SYSTICK_IRQHandler                            build/debug/stm32c0xx_hal_cortex.o
HAL_SetTickFreq                                   build/debug/stm32c0xx_hal.o
HAL_SuspendTick                                   build/debug/stm32c0xx_hal.o
HAL_UARTEx_DisableFifoMode                        build/debug/stm32c0xx_hal_uart_ex.o
HAL_UARTEx_DisableStopMode                        build/debug/stm32c0xx_hal_uart_ex.o
HAL_UARTEx_EnableFifoMode                         build/debug/stm32c0xx_hal_uart_ex.o
HAL_UARTEx_EnableStopMode                         build/debug/stm32c0xx_hal_uart_ex.o
HAL_UARTEx_GetRxEventType                         build/debug/stm32c0xx_hal_uart_ex.o
HAL_UARTEx_ReceiveToIdle                          build/debug/stm32c0xx_hal_uart_ex.o
HAL_UARTEx_ReceiveToIdle_DMA                      build/debug/stm32c0xx_hal_uart_ex.o
HAL_UARTEx_ReceiveToIdle_IT                       build/debug/stm32c0xx_hal_uart_ex.o
HAL_UARTEx_RxEventCallback                        build/debug/stm32c0xx_hal_uart.o
HAL_UARTEx_RxFifoFullCallback                     build/debug/stm32c0xx_hal_uart_ex.o
                                                  build/debug/stm32c0xx_hal_uart.o
HAL_UARTEx_SetRxFifoThreshold                     build/debug/stm32c0xx_hal_uart_ex.o
HAL_UARTEx_SetTxFifoThreshold                     build/debug/stm32c0xx_hal_uart_ex.o
HAL_UARTEx_StopModeWakeUpSourceConfig             build/debug/stm32c0xx_hal_uart_ex.o
HAL_UARTEx_TxFifoEmptyCallback                    build/debug/stm32c0xx_hal_uart_ex.o
                                                  build/debug/stm32c0xx_hal_uart.o
HAL_UARTEx_WakeupCallback                         build/debug/stm32c0xx_hal_uart_ex.o
                                                  build/debug/stm32c0xx_hal_uart.o
HAL_UART_Abort                                    build/debug/stm32c0xx_hal_uart.o
HAL_UART_AbortCpltCallback                        build/debug/stm32c0xx_hal_uart.o
HAL_UART_AbortReceive                             build/debug/stm32c0xx_hal_uart.o
HAL_UART_AbortReceiveCpltCallback                 build/debug/stm32c0xx_hal_uart.o
HAL_UART_AbortReceive_IT                          build/debug/stm32c0xx_hal_uart.o
HAL_UART_AbortTransmit                            build/debug/stm32c0xx_hal_uart.o
HAL_UART_AbortTransmitCpltCallback                build/debug/stm32c0xx_hal_uart.o
HAL_UART_AbortTransmit_IT                         build/debug/stm32c0xx_hal_uart.o
HAL_UART_Abort_IT                                 build/debug/stm32c0xx_hal_uart.o
HAL_UART_DMAPause                                 build/debug/stm32c0xx_hal_uart.o
HAL_UART_DMAResume                                build/debug/stm32c0xx_hal_uart.o
HAL_UART_DMAStop                                  build/debug/stm32c0xx_hal_uart.o
HAL_UART_DeInit                                   build/debug/stm32c0xx_hal_uart.o
HAL_UART_DisableReceiverTimeout                   build/debug/stm32c0xx_hal_uart.o
HAL_UART_EnableReceiverTimeout                    build/debug/stm32c0xx_hal_uart.o
HAL_UART_ErrorCallback                            build/debug/stm32c0xx_hal_uart.o
HAL_UART_GetError                                 build/debug/stm32c0xx_hal_uart.o
HAL_UART_GetState                                 build/debug/stm32c0xx_hal_uart.o
HAL_UART_IRQHandler                               build/debug/stm32c0xx_hal_uart.o
HAL_UART_Init                                     build/debug/stm32c0xx_hal_uart.o
                                                  build/debug/main.o
HAL_UART_MspDeInit                                build/debug/stm32c0xx_hal_msp.o
HAL_UART_MspInit                                  build/debug/stm32c0xx_hal_msp.o
                                                  build/debug/stm32c0xx_hal_uart_ex.o
HAL_UART_Receive                                  build/debug/stm32c0xx_hal_uart.o
HAL_UART_Receive_DMA                              build/debug/stm32c0xx_hal_uart.o
HAL_UART_Receive_IT                               build/debug/stm32c0xx_hal_uart.o
HAL_UART_ReceiverTimeout_Config                   build/debug/stm32c0xx_hal_uart.o
HAL_UART_RxCpltCallback                           build/debug/stm32c0xx_hal_uart.o
HAL_UART_RxHalfCpltCallback                       build/debug/stm32c0xx_hal_uart.o
HAL_UART_Transmit                                 build/debug/stm32c0xx_hal_uart.o
HAL_UART_Transmit_DMA                             build/debug/stm32c0xx_hal_uart.o
HAL_UART_Transmit_IT                              build/debug/stm32c0xx_hal_uart.o
HAL_UART_TxCpltCallback                           build/debug/stm32c0xx_hal_uart.o
HAL_UART_TxHalfCpltCallback                       build/debug/stm32c0xx_hal_uart.o
HardFault_Handler                                 build/debug/stm32c0xx_it.o
I2C1_IRQHandler                                   build/debug/startup_stm32c031xx.o
NMI_Handler                                       build/debug/stm32c0xx_it.o
PendSV_Handler                                    build/debug/stm32c0xx_it.o
RCC_IRQHandler                                    build/debug/startup_stm32c031xx.o
RTC_IRQHandler                                    build/debug/startup_stm32c031xx.o
Reset_Handler                                     build/debug/startup_stm32c031xx.o
SPI1_IRQHandler                                   build/debug/startup_stm32c031xx.o
SVC_Handler                                       build/debug/stm32c0xx_it.o
SysTick_Handler                                   build/debug/stm32c0xx_it.o
SystemClock_Config                                build/debug/main.o
SystemCoreClock                                   build/debug/system_stm32c0xx.o
                                                  build/debug/stm32c0xx_hal_rcc.o
                                                  build/debug/stm32c0xx_hal_adc.o
                                                  build/debug/stm32c0xx_hal.o
SystemCoreClockUpdate                             build/debug/system_stm32c0xx.o
SystemInit                                        build/debug/system_stm32c0xx.o
                                                  build/debug/startup_stm32c031xx.o
TIM14_IRQHandler                                  build/debug/startup_stm32c031xx.o
TIM16_IRQHandler                                  build/debug/startup_stm32c031xx.o
TIM17_IRQHandler                                  build/debug/startup_stm32c031xx.o
TIM1_BRK_UP_TRG_COM_IRQHandler                    build/debug/startup_stm32c031xx.o
TIM1_CC_IRQHandler                                build/debug/startup_stm32c031xx.o
TIM3_IRQHandler                                   build/debug/startup_stm32c031xx.o
UARTPrescTable                                    build/debug/stm32c0xx_hal_uart.o
UART_AdvFeatureConfig                             build/debug/stm32c0xx_hal_uart.o
                                                  build/debug/stm32c0xx_hal_uart_ex.o
UART_CheckIdleState                               build/debug/stm32c0xx_hal_uart.o
                                                  build/debug/stm32c0xx_hal_uart_ex.o
UART_SetConfig                                    build/debug/stm32c0xx_hal_uart.o
                                                  build/debug/stm32c0xx_hal_uart_ex.o
UART_Start_Receive_DMA                            build/debug/stm32c0xx_hal_uart.o
                                                  build/debug/stm32c0xx_hal_uart_ex.o
UART_Start_Receive_IT                             build/debug/stm32c0xx_hal_uart.o
                                                  build/debug/stm32c0xx_hal_uart_ex.o
UART_WaitOnFlagUntilTimeout                       build/debug/stm32c0xx_hal_uart.o
                                                  build/debug/stm32c0xx_hal_uart_ex.o
USART1_IRQHandler                                 build/debug/startup_stm32c031xx.o
USART2_IRQHandler                                 build/debug/startup_stm32c031xx.o
WWDG_IRQHandler                                   build/debug/startup_stm32c031xx.o
_Min_Stack_Size                                   build/debug/sysmem.o
__aeabi_idiv                                      /Users/killzyy/Library/Application Support/Code/User/globalStorage/bmd.stm32-for-vscode/@xpack-dev-tools/arm-none-eabi-gcc/14.2.1-1.1.1/.content/bin/../lib/gcc/arm-none-eabi/14.2.1/thumb/v6-m/nofp/libgcc.a(_divsi3.o)
                                                  build/debug/stm32c0xx_hal_uart_ex.o
__aeabi_idiv0                                     /Users/killzyy/Library/Application Support/Code/User/globalStorage/bmd.stm32-for-vscode/@xpack-dev-tools/arm-none-eabi-gcc/14.2.1-1.1.1/.content/bin/../lib/gcc/arm-none-eabi/14.2.1/thumb/v6-m/nofp/libgcc.a(_dvmd_tls.o)
                                                  /Users/killzyy/Library/Application Support/Code/User/globalStorage/bmd.stm32-for-vscode/@xpack-dev-tools/arm-none-eabi-gcc/14.2.1-1.1.1/.content/bin/../lib/gcc/arm-none-eabi/14.2.1/thumb/v6-m/nofp/libgcc.a(_divsi3.o)
                                                  /Users/killzyy/Library/Application Support/Code/User/globalStorage/bmd.stm32-for-vscode/@xpack-dev-tools/arm-none-eabi-gcc/14.2.1-1.1.1/.content/bin/../lib/gcc/arm-none-eabi/14.2.1/thumb/v6-m/nofp/libgcc.a(_udivsi3.o)
__aeabi_idivmod                                   /Users/killzyy/Library/Application Support/Code/User/globalStorage/bmd.stm32-for-vscode/@xpack-dev-tools/arm-none-eabi-gcc/14.2.1-1.1.1/.content/bin/../lib/gcc/arm-none-eabi/14.2.1/thumb/v6-m/nofp/libgcc.a(_divsi3.o)
__aeabi_ldiv0                                     /Users/killzyy/Library/Application Support/Code/User/globalStorage/bmd.stm32-for-vscode/@xpack-dev-tools/arm-none-eabi-gcc/14.2.1-1.1.1/.content/bin/../lib/gcc/arm-none-eabi/14.2.1/thumb/v6-m/nofp/libgcc.a(_dvmd_tls.o)
__aeabi_uidiv                                     /Users/killzyy/Library/Application Support/Code/User/globalStorage/bmd.stm32-for-vscode/@xpack-dev-tools/arm-none-eabi-gcc/14.2.1-1.1.1/.content/bin/../lib/gcc/arm-none-eabi/14.2.1/thumb/v6-m/nofp/libgcc.a(_udivsi3.o)
                                                  build/debug/stm32c0xx_hal_uart.o
                                                  build/debug/stm32c0xx_hal_rcc_ex.o
                                                  build/debug/stm32c0xx_hal_dma.o
                                                  build/debug/stm32c0xx_hal_adc_ex.o
                                                  build/debug/stm32c0xx_hal_adc.o
                                                  build/debug/stm32c0xx_hal.o
__aeabi_uidivmod                                  /Users/killzyy/Library/Application Support/Code/User/globalStorage/bmd.stm32-for-vscode/@xpack-dev-tools/arm-none-eabi-gcc/14.2.1-1.1.1/.content/bin/../lib/gcc/arm-none-eabi/14.2.1/thumb/v6-m/nofp/libgcc.a(_udivsi3.o)
__atexit                                          /Users/killzyy/Library/Application Support/Code/User/globalStorage/bmd.stm32-for-vscode/@xpack-dev-tools/arm-none-eabi-gcc/14.2.1-1.1.1/.content/bin/../lib/gcc/arm-none-eabi/14.2.1/../../../../arm-none-eabi/lib/thumb/v6-m/nofp/libc_nano.a(libc_a-__call_atexit.o)
                                                  /Users/killzyy/Library/Application Support/Code/User/globalStorage/bmd.stm32-for-vscode/@xpack-dev-tools/arm-none-eabi-gcc/14.2.1-1.1.1/.content/bin/../lib/gcc/arm-none-eabi/14.2.1/../../../../arm-none-eabi/lib/thumb/v6-m/nofp/libc_nano.a(libc_a-__atexit.o)
__atexit0                                         /Users/killzyy/Library/Application Support/Code/User/globalStorage/bmd.stm32-for-vscode/@xpack-dev-tools/arm-none-eabi-gcc/14.2.1-1.1.1/.content/bin/../lib/gcc/arm-none-eabi/14.2.1/../../../../arm-none-eabi/lib/thumb/v6-m/nofp/libc_nano.a(libc_a-__atexit.o)
__atexit_dummy                                    /Users/killzyy/Library/Application Support/Code/User/globalStorage/bmd.stm32-for-vscode/@xpack-dev-tools/arm-none-eabi-gcc/14.2.1-1.1.1/.content/bin/../lib/gcc/arm-none-eabi/14.2.1/../../../../arm-none-eabi/lib/thumb/v6-m/nofp/libc_nano.a(libc_a-__atexit.o)
__atexit_recursive_mutex                          /Users/killzyy/Library/Application Support/Code/User/globalStorage/bmd.stm32-for-vscode/@xpack-dev-tools/arm-none-eabi-gcc/14.2.1-1.1.1/.content/bin/../lib/gcc/arm-none-eabi/14.2.1/../../../../arm-none-eabi/lib/thumb/v6-m/nofp/libc_nano.a(libc_a-__call_atexit.o)
                                                  /Users/killzyy/Library/Application Support/Code/User/globalStorage/bmd.stm32-for-vscode/@xpack-dev-tools/arm-none-eabi-gcc/14.2.1-1.1.1/.content/bin/../lib/gcc/arm-none-eabi/14.2.1/../../../../arm-none-eabi/lib/thumb/v6-m/nofp/libc_nano.a(libc_a-__atexit.o)
__bss_end__                                       /Users/killzyy/Library/Application Support/Code/User/globalStorage/bmd.stm32-for-vscode/@xpack-dev-tools/arm-none-eabi-gcc/14.2.1-1.1.1/.content/bin/../lib/gcc/arm-none-eabi/14.2.1/../../../../arm-none-eabi/lib/thumb/v6-m/nofp/crt0.o
__bss_start__                                     /Users/killzyy/Library/Application Support/Code/User/globalStorage/bmd.stm32-for-vscode/@xpack-dev-tools/arm-none-eabi-gcc/14.2.1-1.1.1/.content/bin/../lib/gcc/arm-none-eabi/14.2.1/../../../../arm-none-eabi/lib/thumb/v6-m/nofp/crt0.o
__call_exitprocs                                  /Users/killzyy/Library/Application Support/Code/User/globalStorage/bmd.stm32-for-vscode/@xpack-dev-tools/arm-none-eabi-gcc/14.2.1-1.1.1/.content/bin/../lib/gcc/arm-none-eabi/14.2.1/../../../../arm-none-eabi/lib/thumb/v6-m/nofp/libc_nano.a(libc_a-__call_atexit.o)
                                                  /Users/killzyy/Library/Application Support/Code/User/globalStorage/bmd.stm32-for-vscode/@xpack-dev-tools/arm-none-eabi-gcc/14.2.1-1.1.1/.content/bin/../lib/gcc/arm-none-eabi/14.2.1/../../../../arm-none-eabi/lib/thumb/v6-m/nofp/libc_nano.a(libc_a-__atexit.o)
                                                  /Users/killzyy/Library/Application Support/Code/User/globalStorage/bmd.stm32-for-vscode/@xpack-dev-tools/arm-none-eabi-gcc/14.2.1-1.1.1/.content/bin/../lib/gcc/arm-none-eabi/14.2.1/../../../../arm-none-eabi/lib/thumb/v6-m/nofp/libc_nano.a(libc_a-exit.o)
__deregister_frame_info                           /Users/killzyy/Library/Application Support/Code/User/globalStorage/bmd.stm32-for-vscode/@xpack-dev-tools/arm-none-eabi-gcc/14.2.1-1.1.1/.content/bin/../lib/gcc/arm-none-eabi/14.2.1/thumb/v6-m/nofp/crtbegin.o
__divsi3                                          /Users/killzyy/Library/Application Support/Code/User/globalStorage/bmd.stm32-for-vscode/@xpack-dev-tools/arm-none-eabi-gcc/14.2.1-1.1.1/.content/bin/../lib/gcc/arm-none-eabi/14.2.1/thumb/v6-m/nofp/libgcc.a(_divsi3.o)
__dso_handle                                      /Users/killzyy/Library/Application Support/Code/User/globalStorage/bmd.stm32-for-vscode/@xpack-dev-tools/arm-none-eabi-gcc/14.2.1-1.1.1/.content/bin/../lib/gcc/arm-none-eabi/14.2.1/thumb/v6-m/nofp/crtbegin.o
__env                                             build/debug/syscalls.o
__errno                                           /Users/killzyy/Library/Application Support/Code/User/globalStorage/bmd.stm32-for-vscode/@xpack-dev-tools/arm-none-eabi-gcc/14.2.1-1.1.1/.content/bin/../lib/gcc/arm-none-eabi/14.2.1/../../../../arm-none-eabi/lib/thumb/v6-m/nofp/libc_nano.a(libc_a-errno.o)
                                                  build/debug/sysmem.o
                                                  build/debug/syscalls.o
__fini_array_end                                  /Users/killzyy/Library/Application Support/Code/User/globalStorage/bmd.stm32-for-vscode/@xpack-dev-tools/arm-none-eabi-gcc/14.2.1-1.1.1/.content/bin/../lib/gcc/arm-none-eabi/14.2.1/../../../../arm-none-eabi/lib/thumb/v6-m/nofp/libc_nano.a(libc_a-fini.o)
__fini_array_start                                /Users/killzyy/Library/Application Support/Code/User/globalStorage/bmd.stm32-for-vscode/@xpack-dev-tools/arm-none-eabi-gcc/14.2.1-1.1.1/.content/bin/../lib/gcc/arm-none-eabi/14.2.1/../../../../arm-none-eabi/lib/thumb/v6-m/nofp/libc_nano.a(libc_a-fini.o)
__fp_lock_all                                     /Users/killzyy/Library/Application Support/Code/User/globalStorage/bmd.stm32-for-vscode/@xpack-dev-tools/arm-none-eabi-gcc/14.2.1-1.1.1/.content/bin/../lib/gcc/arm-none-eabi/14.2.1/../../../../arm-none-eabi/lib/thumb/v6-m/nofp/libc_nano.a(libc_a-findfp.o)
__fp_unlock_all                                   /Users/killzyy/Library/Application Support/Code/User/globalStorage/bmd.stm32-for-vscode/@xpack-dev-tools/arm-none-eabi-gcc/14.2.1-1.1.1/.content/bin/../lib/gcc/arm-none-eabi/14.2.1/../../../../arm-none-eabi/lib/thumb/v6-m/nofp/libc_nano.a(libc_a-findfp.o)
__init_array_end                                  /Users/killzyy/Library/Application Support/Code/User/globalStorage/bmd.stm32-for-vscode/@xpack-dev-tools/arm-none-eabi-gcc/14.2.1-1.1.1/.content/bin/../lib/gcc/arm-none-eabi/14.2.1/../../../../arm-none-eabi/lib/thumb/v6-m/nofp/libc_nano.a(libc_a-init.o)
__init_array_start                                /Users/killzyy/Library/Application Support/Code/User/globalStorage/bmd.stm32-for-vscode/@xpack-dev-tools/arm-none-eabi-gcc/14.2.1-1.1.1/.content/bin/../lib/gcc/arm-none-eabi/14.2.1/../../../../arm-none-eabi/lib/thumb/v6-m/nofp/libc_nano.a(libc_a-init.o)
__io_getchar                                      build/debug/syscalls.o
__io_putchar                                      build/debug/syscalls.o
__libc_fini_array                                 /Users/killzyy/Library/Application Support/Code/User/globalStorage/bmd.stm32-for-vscode/@xpack-dev-tools/arm-none-eabi-gcc/14.2.1-1.1.1/.content/bin/../lib/gcc/arm-none-eabi/14.2.1/../../../../arm-none-eabi/lib/thumb/v6-m/nofp/libc_nano.a(libc_a-fini.o)
                                                  /Users/killzyy/Library/Application Support/Code/User/globalStorage/bmd.stm32-for-vscode/@xpack-dev-tools/arm-none-eabi-gcc/14.2.1-1.1.1/.content/bin/../lib/gcc/arm-none-eabi/14.2.1/../../../../arm-none-eabi/lib/thumb/v6-m/nofp/crt0.o
__libc_init_array                                 /Users/killzyy/Library/Application Support/Code/User/globalStorage/bmd.stm32-for-vscode/@xpack-dev-tools/arm-none-eabi-gcc/14.2.1-1.1.1/.content/bin/../lib/gcc/arm-none-eabi/14.2.1/../../../../arm-none-eabi/lib/thumb/v6-m/nofp/libc_nano.a(libc_a-init.o)
                                                  build/debug/startup_stm32c031xx.o
                                                  /Users/killzyy/Library/Application Support/Code/User/globalStorage/bmd.stm32-for-vscode/@xpack-dev-tools/arm-none-eabi-gcc/14.2.1-1.1.1/.content/bin/../lib/gcc/arm-none-eabi/14.2.1/../../../../arm-none-eabi/lib/thumb/v6-m/nofp/crt0.o
__lock___arc4random_mutex                         /Users/killzyy/Library/Application Support/Code/User/globalStorage/bmd.stm32-for-vscode/@xpack-dev-tools/arm-none-eabi-gcc/14.2.1-1.1.1/.content/bin/../lib/gcc/arm-none-eabi/14.2.1/../../../../arm-none-eabi/lib/thumb/v6-m/nofp/libc_nano.a(libc_a-lock.o)
__lock___at_quick_exit_mutex                      /Users/killzyy/Library/Application Support/Code/User/globalStorage/bmd.stm32-for-vscode/@xpack-dev-tools/arm-none-eabi-gcc/14.2.1-1.1.1/.content/bin/../lib/gcc/arm-none-eabi/14.2.1/../../../../arm-none-eabi/lib/thumb/v6-m/nofp/libc_nano.a(libc_a-lock.o)
__lock___atexit_recursive_mutex                   /Users/killzyy/Library/Application Support/Code/User/globalStorage/bmd.stm32-for-vscode/@xpack-dev-tools/arm-none-eabi-gcc/14.2.1-1.1.1/.content/bin/../lib/gcc/arm-none-eabi/14.2.1/../../../../arm-none-eabi/lib/thumb/v6-m/nofp/libc_nano.a(libc_a-lock.o)
                                                  /Users/killzyy/Library/Application Support/Code/User/globalStorage/bmd.stm32-for-vscode/@xpack-dev-tools/arm-none-eabi-gcc/14.2.1-1.1.1/.content/bin/../lib/gcc/arm-none-eabi/14.2.1/../../../../arm-none-eabi/lib/thumb/v6-m/nofp/libc_nano.a(libc_a-__call_atexit.o)
__lock___dd_hash_mutex                            /Users/killzyy/Library/Application Support/Code/User/globalStorage/bmd.stm32-for-vscode/@xpack-dev-tools/arm-none-eabi-gcc/14.2.1-1.1.1/.content/bin/../lib/gcc/arm-none-eabi/14.2.1/../../../../arm-none-eabi/lib/thumb/v6-m/nofp/libc_nano.a(libc_a-lock.o)
__lock___env_recursive_mutex                      /Users/killzyy/Library/Application Support/Code/User/globalStorage/bmd.stm32-for-vscode/@xpack-dev-tools/arm-none-eabi-gcc/14.2.1-1.1.1/.content/bin/../lib/gcc/arm-none-eabi/14.2.1/../../../../arm-none-eabi/lib/thumb/v6-m/nofp/libc_nano.a(libc_a-lock.o)
__lock___malloc_recursive_mutex                   /Users/killzyy/Library/Application Support/Code/User/globalStorage/bmd.stm32-for-vscode/@xpack-dev-tools/arm-none-eabi-gcc/14.2.1-1.1.1/.content/bin/../lib/gcc/arm-none-eabi/14.2.1/../../../../arm-none-eabi/lib/thumb/v6-m/nofp/libc_nano.a(libc_a-lock.o)
                                                  /Users/killzyy/Library/Application Support/Code/User/globalStorage/bmd.stm32-for-vscode/@xpack-dev-tools/arm-none-eabi-gcc/14.2.1-1.1.1/.content/bin/../lib/gcc/arm-none-eabi/14.2.1/../../../../arm-none-eabi/lib/thumb/v6-m/nofp/libc_nano.a(libc_a-mlock.o)
__lock___sfp_recursive_mutex                      /Users/killzyy/Library/Application Support/Code/User/globalStorage/bmd.stm32-for-vscode/@xpack-dev-tools/arm-none-eabi-gcc/14.2.1-1.1.1/.content/bin/../lib/gcc/arm-none-eabi/14.2.1/../../../../arm-none-eabi/lib/thumb/v6-m/nofp/libc_nano.a(libc_a-lock.o)
                                                  /Users/killzyy/Library/Application Support/Code/User/globalStorage/bmd.stm32-for-vscode/@xpack-dev-tools/arm-none-eabi-gcc/14.2.1-1.1.1/.content/bin/../lib/gcc/arm-none-eabi/14.2.1/../../../../arm-none-eabi/lib/thumb/v6-m/nofp/libc_nano.a(libc_a-findfp.o)
__lock___tz_mutex                                 /Users/killzyy/Library/Application Support/Code/User/globalStorage/bmd.stm32-for-vscode/@xpack-dev-tools/arm-none-eabi-gcc/14.2.1-1.1.1/.content/bin/../lib/gcc/arm-none-eabi/14.2.1/../../../../arm-none-eabi/lib/thumb/v6-m/nofp/libc_nano.a(libc_a-lock.o)
__malloc_free_list                                /Users/killzyy/Library/Application Support/Code/User/globalStorage/bmd.stm32-for-vscode/@xpack-dev-tools/arm-none-eabi-gcc/14.2.1-1.1.1/.content/bin/../lib/gcc/arm-none-eabi/14.2.1/../../../../arm-none-eabi/lib/thumb/v6-m/nofp/libc_nano.a(libc_a-mallocr.o)
                                                  /Users/killzyy/Library/Application Support/Code/User/globalStorage/bmd.stm32-for-vscode/@xpack-dev-tools/arm-none-eabi-gcc/14.2.1-1.1.1/.content/bin/../lib/gcc/arm-none-eabi/14.2.1/../../../../arm-none-eabi/lib/thumb/v6-m/nofp/libc_nano.a(libc_a-freer.o)
__malloc_lock                                     /Users/killzyy/Library/Application Support/Code/User/globalStorage/bmd.stm32-for-vscode/@xpack-dev-tools/arm-none-eabi-gcc/14.2.1-1.1.1/.content/bin/../lib/gcc/arm-none-eabi/14.2.1/../../../../arm-none-eabi/lib/thumb/v6-m/nofp/libc_nano.a(libc_a-mlock.o)
                                                  /Users/killzyy/Library/Application Support/Code/User/globalStorage/bmd.stm32-for-vscode/@xpack-dev-tools/arm-none-eabi-gcc/14.2.1-1.1.1/.content/bin/../lib/gcc/arm-none-eabi/14.2.1/../../../../arm-none-eabi/lib/thumb/v6-m/nofp/libc_nano.a(libc_a-freer.o)
                                                  /Users/killzyy/Library/Application Support/Code/User/globalStorage/bmd.stm32-for-vscode/@xpack-dev-tools/arm-none-eabi-gcc/14.2.1-1.1.1/.content/bin/../lib/gcc/arm-none-eabi/14.2.1/../../../../arm-none-eabi/lib/thumb/v6-m/nofp/libc_nano.a(libc_a-mallocr.o)
__malloc_sbrk_start                               /Users/killzyy/Library/Application Support/Code/User/globalStorage/bmd.stm32-for-vscode/@xpack-dev-tools/arm-none-eabi-gcc/14.2.1-1.1.1/.content/bin/../lib/gcc/arm-none-eabi/14.2.1/../../../../arm-none-eabi/lib/thumb/v6-m/nofp/libc_nano.a(libc_a-mallocr.o)
__malloc_unlock                                   /Users/killzyy/Library/Application Support/Code/User/globalStorage/bmd.stm32-for-vscode/@xpack-dev-tools/arm-none-eabi-gcc/14.2.1-1.1.1/.content/bin/../lib/gcc/arm-none-eabi/14.2.1/../../../../arm-none-eabi/lib/thumb/v6-m/nofp/libc_nano.a(libc_a-mlock.o)
                                                  /Users/killzyy/Library/Application Support/Code/User/globalStorage/bmd.stm32-for-vscode/@xpack-dev-tools/arm-none-eabi-gcc/14.2.1-1.1.1/.content/bin/../lib/gcc/arm-none-eabi/14.2.1/../../../../arm-none-eabi/lib/thumb/v6-m/nofp/libc_nano.a(libc_a-freer.o)
                                                  /Users/killzyy/Library/Application Support/Code/User/globalStorage/bmd.stm32-for-vscode/@xpack-dev-tools/arm-none-eabi-gcc/14.2.1-1.1.1/.content/bin/../lib/gcc/arm-none-eabi/14.2.1/../../../../arm-none-eabi/lib/thumb/v6-m/nofp/libc_nano.a(libc_a-mallocr.o)
__on_exit_args                                    /Users/killzyy/Library/Application Support/Code/User/globalStorage/bmd.stm32-for-vscode/@xpack-dev-tools/arm-none-eabi-gcc/14.2.1-1.1.1/.content/bin/../lib/gcc/arm-none-eabi/14.2.1/../../../../arm-none-eabi/lib/thumb/v6-m/nofp/libc_nano.a(libc_a-__atexit.o)
__preinit_array_end                               /Users/killzyy/Library/Application Support/Code/User/globalStorage/bmd.stm32-for-vscode/@xpack-dev-tools/arm-none-eabi-gcc/14.2.1-1.1.1/.content/bin/../lib/gcc/arm-none-eabi/14.2.1/../../../../arm-none-eabi/lib/thumb/v6-m/nofp/libc_nano.a(libc_a-init.o)
__preinit_array_start                             /Users/killzyy/Library/Application Support/Code/User/globalStorage/bmd.stm32-for-vscode/@xpack-dev-tools/arm-none-eabi-gcc/14.2.1-1.1.1/.content/bin/../lib/gcc/arm-none-eabi/14.2.1/../../../../arm-none-eabi/lib/thumb/v6-m/nofp/libc_nano.a(libc_a-init.o)
__register_exitproc                               /Users/killzyy/Library/Application Support/Code/User/globalStorage/bmd.stm32-for-vscode/@xpack-dev-tools/arm-none-eabi-gcc/14.2.1-1.1.1/.content/bin/../lib/gcc/arm-none-eabi/14.2.1/../../../../arm-none-eabi/lib/thumb/v6-m/nofp/libc_nano.a(libc_a-__atexit.o)
                                                  /Users/killzyy/Library/Application Support/Code/User/globalStorage/bmd.stm32-for-vscode/@xpack-dev-tools/arm-none-eabi-gcc/14.2.1-1.1.1/.content/bin/../lib/gcc/arm-none-eabi/14.2.1/../../../../arm-none-eabi/lib/thumb/v6-m/nofp/libc_nano.a(libc_a-atexit.o)
__register_frame_info                             /Users/killzyy/Library/Application Support/Code/User/globalStorage/bmd.stm32-for-vscode/@xpack-dev-tools/arm-none-eabi-gcc/14.2.1-1.1.1/.content/bin/../lib/gcc/arm-none-eabi/14.2.1/thumb/v6-m/nofp/crtbegin.o
__retarget_lock_acquire                           /Users/killzyy/Library/Application Support/Code/User/globalStorage/bmd.stm32-for-vscode/@xpack-dev-tools/arm-none-eabi-gcc/14.2.1-1.1.1/.content/bin/../lib/gcc/arm-none-eabi/14.2.1/../../../../arm-none-eabi/lib/thumb/v6-m/nofp/libc_nano.a(libc_a-lock.o)
__retarget_lock_acquire_recursive                 /Users/killzyy/Library/Application Support/Code/User/globalStorage/bmd.stm32-for-vscode/@xpack-dev-tools/arm-none-eabi-gcc/14.2.1-1.1.1/.content/bin/../lib/gcc/arm-none-eabi/14.2.1/../../../../arm-none-eabi/lib/thumb/v6-m/nofp/libc_nano.a(libc_a-lock.o)
                                                  /Users/killzyy/Library/Application Support/Code/User/globalStorage/bmd.stm32-for-vscode/@xpack-dev-tools/arm-none-eabi-gcc/14.2.1-1.1.1/.content/bin/../lib/gcc/arm-none-eabi/14.2.1/../../../../arm-none-eabi/lib/thumb/v6-m/nofp/libc_nano.a(libc_a-mlock.o)
                                                  /Users/killzyy/Library/Application Support/Code/User/globalStorage/bmd.stm32-for-vscode/@xpack-dev-tools/arm-none-eabi-gcc/14.2.1-1.1.1/.content/bin/../lib/gcc/arm-none-eabi/14.2.1/../../../../arm-none-eabi/lib/thumb/v6-m/nofp/libc_nano.a(libc_a-fflush.o)
                                                  /Users/killzyy/Library/Application Support/Code/User/globalStorage/bmd.stm32-for-vscode/@xpack-dev-tools/arm-none-eabi-gcc/14.2.1-1.1.1/.content/bin/../lib/gcc/arm-none-eabi/14.2.1/../../../../arm-none-eabi/lib/thumb/v6-m/nofp/libc_nano.a(libc_a-__call_atexit.o)
                                                  /Users/killzyy/Library/Application Support/Code/User/globalStorage/bmd.stm32-for-vscode/@xpack-dev-tools/arm-none-eabi-gcc/14.2.1-1.1.1/.content/bin/../lib/gcc/arm-none-eabi/14.2.1/../../../../arm-none-eabi/lib/thumb/v6-m/nofp/libc_nano.a(libc_a-__atexit.o)
                                                  /Users/killzyy/Library/Application Support/Code/User/globalStorage/bmd.stm32-for-vscode/@xpack-dev-tools/arm-none-eabi-gcc/14.2.1-1.1.1/.content/bin/../lib/gcc/arm-none-eabi/14.2.1/../../../../arm-none-eabi/lib/thumb/v6-m/nofp/libc_nano.a(libc_a-findfp.o)