Archive member included to satisfy reference by file (symbol)

/Users/killzyy/Library/Application Support/Code/User/globalStorage/bmd.stm32-for-vscode/@xpack-dev-tools/arm-none-eabi-gcc/14.2.1-1.1.1/.content/bin/../lib/gcc/arm-none-eabi/14.2.1/../../../../arm-none-eabi/lib/thumb/v6-m/nofp/libc_nano.a(libc_a-atexit.o)
                              /Users/killzyy/Library/Application Support/Code/User/globalStorage/bmd.stm32-for-vscode/@xpack-dev-tools/arm-none-eabi-gcc/14.2.1-1.1.1/.content/bin/../lib/gcc/arm-none-eabi/14.2.1/../../../../arm-none-eabi/lib/thumb/v6-m/nofp/crt0.o (atexit)
/Users/killzyy/Library/Application Support/Code/User/globalStorage/bmd.stm32-for-vscode/@xpack-dev-tools/arm-none-eabi-gcc/14.2.1-1.1.1/.content/bin/../lib/gcc/arm-none-eabi/14.2.1/../../../../arm-none-eabi/lib/thumb/v6-m/nofp/libc_nano.a(libc_a-exit.o)
                              /Users/killzyy/Library/Application Support/Code/User/globalStorage/bmd.stm32-for-vscode/@xpack-dev-tools/arm-none-eabi-gcc/14.2.1-1.1.1/.content/bin/../lib/gcc/arm-none-eabi/14.2.1/../../../../arm-none-eabi/lib/thumb/v6-m/nofp/crt0.o (exit)
/Users/killzyy/Library/Application Support/Code/User/globalStorage/bmd.stm32-for-vscode/@xpack-dev-tools/arm-none-eabi-gcc/14.2.1-1.1.1/.content/bin/../lib/gcc/arm-none-eabi/14.2.1/../../../../arm-none-eabi/lib/thumb/v6-m/nofp/libc_nano.a(libc_a-findfp.o)
                              /Users/killzyy/Library/Application Support/Code/User/globalStorage/bmd.stm32-for-vscode/@xpack-dev-tools/arm-none-eabi-gcc/14.2.1-1.1.1/.content/bin/../lib/gcc/arm-none-eabi/14.2.1/../../../../arm-none-eabi/lib/thumb/v6-m/nofp/libc_nano.a(libc_a-exit.o) (__stdio_exit_handler)
/Users/killzyy/Library/Application Support/Code/User/globalStorage/bmd.stm32-for-vscode/@xpack-dev-tools/arm-none-eabi-gcc/14.2.1-1.1.1/.content/bin/../lib/gcc/arm-none-eabi/14.2.1/../../../../arm-none-eabi/lib/thumb/v6-m/nofp/libc_nano.a(libc_a-fwalk.o)
                              /Users/killzyy/Library/Application Support/Code/User/globalStorage/bmd.stm32-for-vscode/@xpack-dev-tools/arm-none-eabi-gcc/14.2.1-1.1.1/.content/bin/../lib/gcc/arm-none-eabi/14.2.1/../../../../arm-none-eabi/lib/thumb/v6-m/nofp/libc_nano.a(libc_a-findfp.o) (_fwalk_sglue)
/Users/killzyy/Library/Application Support/Code/User/globalStorage/bmd.stm32-for-vscode/@xpack-dev-tools/arm-none-eabi-gcc/14.2.1-1.1.1/.content/bin/../lib/gcc/arm-none-eabi/14.2.1/../../../../arm-none-eabi/lib/thumb/v6-m/nofp/libc_nano.a(libc_a-memset.o)
                              /Users/killzyy/Library/Application Support/Code/User/globalStorage/bmd.stm32-for-vscode/@xpack-dev-tools/arm-none-eabi-gcc/14.2.1-1.1.1/.content/bin/../lib/gcc/arm-none-eabi/14.2.1/../../../../arm-none-eabi/lib/thumb/v6-m/nofp/crt0.o (memset)
/Users/killzyy/Library/Application Support/Code/User/globalStorage/bmd.stm32-for-vscode/@xpack-dev-tools/arm-none-eabi-gcc/14.2.1-1.1.1/.content/bin/../lib/gcc/arm-none-eabi/14.2.1/../../../../arm-none-eabi/lib/thumb/v6-m/nofp/libc_nano.a(libc_a-errno.o)
                              build/debug/syscalls.o (__errno)
/Users/killzyy/Library/Application Support/Code/User/globalStorage/bmd.stm32-for-vscode/@xpack-dev-tools/arm-none-eabi-gcc/14.2.1-1.1.1/.content/bin/../lib/gcc/arm-none-eabi/14.2.1/../../../../arm-none-eabi/lib/thumb/v6-m/nofp/libc_nano.a(libc_a-init.o)
                              /Users/killzyy/Library/Application Support/Code/User/globalStorage/bmd.stm32-for-vscode/@xpack-dev-tools/arm-none-eabi-gcc/14.2.1-1.1.1/.content/bin/../lib/gcc/arm-none-eabi/14.2.1/../../../../arm-none-eabi/lib/thumb/v6-m/nofp/crt0.o (__libc_init_array)
/Users/killzyy/Library/Application Support/Code/User/globalStorage/bmd.stm32-for-vscode/@xpack-dev-tools/arm-none-eabi-gcc/14.2.1-1.1.1/.content/bin/../lib/gcc/arm-none-eabi/14.2.1/../../../../arm-none-eabi/lib/thumb/v6-m/nofp/libc_nano.a(libc_a-fini.o)
                              /Users/killzyy/Library/Application Support/Code/User/globalStorage/bmd.stm32-for-vscode/@xpack-dev-tools/arm-none-eabi-gcc/14.2.1-1.1.1/.content/bin/../lib/gcc/arm-none-eabi/14.2.1/../../../../arm-none-eabi/lib/thumb/v6-m/nofp/crt0.o (__libc_fini_array)
/Users/killzyy/Library/Application Support/Code/User/globalStorage/bmd.stm32-for-vscode/@xpack-dev-tools/arm-none-eabi-gcc/14.2.1-1.1.1/.content/bin/../lib/gcc/arm-none-eabi/14.2.1/../../../../arm-none-eabi/lib/thumb/v6-m/nofp/libc_nano.a(libc_a-lock.o)
                              /Users/killzyy/Library/Application Support/Code/User/globalStorage/bmd.stm32-for-vscode/@xpack-dev-tools/arm-none-eabi-gcc/14.2.1-1.1.1/.content/bin/../lib/gcc/arm-none-eabi/14.2.1/../../../../arm-none-eabi/lib/thumb/v6-m/nofp/libc_nano.a(libc_a-findfp.o) (__retarget_lock_init_recursive)
/Users/killzyy/Library/Application Support/Code/User/globalStorage/bmd.stm32-for-vscode/@xpack-dev-tools/arm-none-eabi-gcc/14.2.1-1.1.1/.content/bin/../lib/gcc/arm-none-eabi/14.2.1/../../../../arm-none-eabi/lib/thumb/v6-m/nofp/libc_nano.a(libc_a-impure.o)
[...]
Memory Configuration

Name             Origin             Length             Attributes
RAM              0x20000000         0x00003000         xrw
FLASH            0x08000000         0x00008000         xr
*default*        0x00000000         0xffffffff

Linker script and memory map

LOAD /Users/killzyy/Library/Application Support/Code/User/globalStorage/bmd.stm32-for-vscode/@xpack-dev-tools/arm-none-eabi-gcc/14.2.1-1.1.1/.content/bin/../lib/gcc/arm-none-eabi/14.2.1/thumb/v6-m/nofp/crti.o
LOAD /Users/killzyy/Library/Application Support/Code/User/globalStorage/bmd.stm32-for-vscode/@xpack-dev-tools/arm-none-eabi-gcc/14.2.1-1.1.1/.content/bin/../lib/gcc/arm-none-eabi/14.2.1/thumb/v6-m/nofp/crtbegin.o
LOAD /Users/killzyy/Library/Application Support/Code/User/globalStorage/bmd.stm32-for-vscode/@xpack-dev-tools/arm-none-eabi-gcc/14.2.1-1.1.1/.content/bin/../lib/gcc/arm-none-eabi/14.2.1/../../../../arm-none-eabi/lib/thumb/v6-m/nofp/crt0.o
LOAD build/debug/main.o
LOAD build/debug/stm32c0xx_hal.o
LOAD build/debug/stm32c0xx_hal_cortex.o
LOAD build/debug/stm32c0xx_hal_dma.o
LOAD build/debug/stm32c0xx_hal_dma_ex.o
LOAD build/debug/stm32c0xx_hal_exti.o
LOAD build/debug/stm32c0xx_hal_flash.o
LOAD build/debug/stm32c0xx_hal_flash_ex.o
LOAD build/debug/stm32c0xx_hal_gpio.o
LOAD build/debug/stm32c0xx_hal_msp.o
LOAD build/debug/stm32c0xx_hal_pwr.o
LOAD build/debug/stm32c0xx_hal_pwr_ex.o
LOAD build/debug/stm32c0xx_hal_rcc.o
LOAD build/debug/stm32c0xx_hal_rcc_ex.o
LOAD build/debug/stm32c0xx_hal_uart.o
LOAD build/debug/stm32c0xx_hal_uart_ex.o
LOAD build/debug/stm32c0xx_hal_usart.o
LOAD build/debug/stm32c0xx_hal_usart_ex.o
LOAD build/debug/stm32c0xx_it.o
LOAD build/debug/stm32c0xx_nucleo.o
LOAD build/debug/syscalls.o
LOAD build/debug/sysmem.o
LOAD build/debug/system_stm32c0xx.o
LOAD build/debug/startup_stm32c031xx.o
LOAD /Users/killzyy/Library/Application Support/Code/User/globalStorage/bmd.stm32-for-vscode/@xpack-dev-tools/arm-none-eabi-gcc/14.2.1-1.1.1/.content/bin/../lib/gcc/arm-none-eabi/14.2.1/../../../../arm-none-eabi/lib/thumb/v6-m/nofp/libc_nano.a
LOAD /Users/killzyy/Library/Application Support/Code/User/globalStorage/bmd.stm32-for-vscode/@xpack-dev-tools/arm-none-eabi-gcc/14.2.1-1.1.1/.content/bin/../lib/gcc/arm-none-eabi/14.2.1/../../../../arm-none-eabi/lib/thumb/v6-m/nofp/libm.a
LOAD /Users/killzyy/Library/Application Support/Code/User/globalStorage/bmd.stm32-for-vscode/@xpack-dev-tools/arm-none-eabi-gcc/14.2.1-1.1.1/.content/bin/../lib/gcc/arm-none-eabi/14.2.1/../../../../arm-none-eabi/lib/thumb/v6-m/nofp/libnosys.a
START GROUP
LOAD /Users/killzyy/Library/Application Support/Code/User/globalStorage/bmd.stm32-for-vscode/@xpack-dev-tools/arm-none-eabi-gcc/14.2.1-1.1.1/.content/bin/../lib/gcc/arm-none-eabi/14.2.1/thumb/v6-m/nofp/libgcc.a
LOAD /Users/killzyy/Library/Application Support/Code/User/globalStorage/bmd.stm32-for-vscode/@xpack-dev-tools/arm-none-eabi-gcc/14.2.1-1.1.1/.content/bin/../lib/gcc/arm-none-eabi/14.2.1/../../../../arm-none-eabi/lib/thumb/v6-m/nofp/libc_nano.a
END GROUP
START GROUP
LOAD /Users/killzyy/Library/Application Support/Code/User/globalStorage/bmd.stm32-for-vscode/@xpack-dev-tools/arm-none-eabi-gcc/14.2.1-1.1.1/.content/bin/../lib/gcc/arm-none-eabi/14.2.1/thumb/v6-m/nofp/libgcc.a
LOAD /Users/killzyy/Library/Application Support/Code/User/globalStorage/bmd.stm32-for-vscode/@xpack-dev-tools/arm-none-eabi-gcc/14.2.1-1.1.1/.content/bin/../lib/gcc/arm-none-eabi/14.2.1/../../../../arm-none-eabi/lib/thumb/v6-m/nofp/libc_nano.a
END GROUP
LOAD /Users/killzyy/Library/Application Support/Code/User/globalStorage/bmd.stm32-for-vscode/@xpack-dev-tools/arm-none-eabi-gcc/14.2.1-1.1.1/.content/bin/../lib/gcc/arm-none-eabi/14.2.1/thumb/v6-m/nofp/crtend.o
LOAD /Users/killzyy/Library/Application Support/Code/User/globalStorage/bmd.stm32-for-vscode/@xpack-dev-tools/arm-none-eabi-gcc/14.2.1-1.1.1/.content/bin/../lib/gcc/arm-none-eabi/14.2.1/thumb/v6-m/nofp/crtn.o
                0x20003000                        _estack = (ORIGIN (RAM) + LENGTH (RAM))
                0x00000200                        _Min_Heap_Size = 0x200
                0x00000400                        _Min_Stack_Size = 0x400

.isr_vector     0x08000000       0xc0
                0x08000000                        . = ALIGN (0x4)
 *(.isr_vector)
 .isr_vector    0x08000000       0xc0 build/debug/startup_stm32c031xx.o
                0x08000000                g_pfnVectors
                0x080000c0                        . = ALIGN (0x4)

.text           0x080000c0     0x133c
                0x080000c0                        . = ALIGN (0x4)
 *(.text)
 .text          0x080000c0      0x114 /Users/killzyy/Library/Application Support/Code/User/globalStorage/bmd.stm32-for-vscode/@xpack-dev-tools/arm-none-eabi-gcc/14.2.1-1.1.1/.content/bin/../lib/gcc/arm-none-eabi/14.2.1/thumb/v6-m/nofp/libgcc.a(_udivsi3.o)
                0x080000c0                __udivsi3
                0x080000c0                __aeabi_uidiv
                0x080001cc                __aeabi_uidivmod
 .text          0x080001d4        0x4 /Users/killzyy/Library/Application Support/Code/User/globalStorage/bmd.stm32-for-vscode/@xpack-dev-tools/arm-none-eabi-gcc/14.2.1-1.1.1/.content/bin/../lib/gcc/arm-none-eabi/14.2.1/thumb/v6-m/nofp/libgcc.a(_dvmd_tls.o)
                0x080001d4                __aeabi_ldiv0
                0x080001d4                __aeabi_idiv0
 *(.text*)
 .text.__do_global_dtors_aux
                0x080001d8       0x28 /Users/killzyy/Library/Application Support/Code/User/globalStorage/bmd.stm32-for-vscode/@xpack-dev-tools/arm-none-eabi-gcc/14.2.1-1.1.1/.content/bin/../lib/gcc/arm-none-eabi/14.2.1/thumb/v6-m/nofp/crtbegin.o
 .text.frame_dummy
                0x08000200       0x20 /Users/killzyy/Library/Application Support/Code/User/globalStorage/bmd.stm32-for-vscode/@xpack-dev-tools/arm-none-eabi-gcc/14.2.1-1.1.1/.content/bin/../lib/gcc/arm-none-eabi/14.2.1/thumb/v6-m/nofp/crtbegin.o
 .text.MX_GPIO_Init
                0x08000220       0x3c build/debug/main.o
 .text.Error_Handler
                0x0800025c        0x4 build/debug/main.o
                0x0800025c                Error_Handler
 .text.SystemClock_Config
                0x08000260       0x68 build/debug/main.o
                0x08000260                SystemClock_Config
 .text.main     0x080002c8       0x58 build/debug/main.o
                0x080002c8                main
 .text.HAL_InitTick
                0x08000320       0x58 build/debug/stm32c0xx_hal.o
                0x08000320                HAL_InitTick
 .text.HAL_Init
                0x08000378       0x18 build/debug/stm32c0xx_hal.o
                0x08000378                HAL_Init
 .text.HAL_IncTick
                0x08000390       0x18 build/debug/stm32c0xx_hal.o
                0x08000390                HAL_IncTick
 .text.HAL_GetTick
                0x080003a8        0xc build/debug/stm32c0xx_hal.o
                0x080003a8                HAL_GetTick
 .text.HAL_Delay
                0x080003b4       0x24 build/debug/stm32c0xx_hal.o
                0x080003b4                HAL_Delay
 .text.__NVIC_SetPriority
                0x080003d8       0x60 build/debug/stm32c0xx_hal_cortex.o
 .text.SysTick_Config
                0x08000438       0x38 build/debug/stm32c0xx_hal_cortex.o
 .text.HAL_NVIC_SetPriority
                0x08000470        0x8 build/debug/stm32c0xx_hal_cortex.o
                0x08000470                HAL_NVIC_SetPriority
 .text.HAL_NVIC_EnableIRQ
                0x08000478       0x18 build/debug/stm32c0xx_hal_cortex.o
                0x08000478                HAL_NVIC_EnableIRQ
 .text.HAL_SYSTICK_Config
                0x08000490        0x8 build/debug/stm32c0xx_hal_cortex.o
                0x08000490                HAL_SYSTICK_Config
 .text.HAL_EXTI_RegisterCallback
                0x08000498       0x24 build/debug/stm32c0xx_hal_exti.o
                0x08000498                HAL_EXTI_RegisterCallback
 .text.HAL_EXTI_GetHandle
                0x080004bc        0xe build/debug/stm32c0xx_hal_exti.o
                0x080004bc                HAL_EXTI_GetHandle
 *fill*         0x080004ca        0x2 
 .text.HAL_EXTI_IRQHandler
                0x080004cc       0x48 build/debug/stm32c0xx_hal_exti.o
                0x080004cc                HAL_EXTI_IRQHandler
 .text.HAL_GPIO_Init
                0x08000514      0x1bc build/debug/stm32c0xx_hal_gpio.o
                0x08000514                HAL_GPIO_Init
 .text.HAL_GPIO_WritePin
                0x080006d0        0xc build/debug/stm32c0xx_hal_gpio.o
                0x080006d0                HAL_GPIO_WritePin
 .text.HAL_GPIO_TogglePin
                0x080006dc       0x10 build/debug/stm32c0xx_hal_gpio.o
                0x080006dc                HAL_GPIO_TogglePin
 .text.HAL_MspInit
                0x080006ec       0x30 build/debug/stm32c0xx_hal_msp.o
                0x080006ec                HAL_MspInit
 .text.HAL_RCC_OscConfig
                0x0800071c      0x2bc build/debug/stm32c0xx_hal_rcc.o
                0x0800071c                HAL_RCC_OscConfig
 .text.HAL_RCC_GetSysClockFreq
                0x080009d8       0x5c build/debug/stm32c0xx_hal_rcc.o
                0x080009d8                HAL_RCC_GetSysClockFreq
 .text.HAL_RCC_ClockConfig
                0x08000a34      0x184 build/debug/stm32c0xx_hal_rcc.o
                0x08000a34                HAL_RCC_ClockConfig
 .text.HAL_RCC_GetHCLKFreq
                0x08000bb8       0x30 build/debug/stm32c0xx_hal_rcc.o
                0x08000bb8                HAL_RCC_GetHCLKFreq
 .text.HAL_RCC_GetPCLK1Freq
                0x08000be8       0x28 build/debug/stm32c0xx_hal_rcc.o
                0x08000be8                HAL_RCC_GetPCLK1Freq
 .text.UART_EndRxTransfer
                0x08000c10       0x64 build/debug/stm32c0xx_hal_uart.o
 .text.HAL_UART_MspInit
                0x08000c74        0x2 build/debug/stm32c0xx_hal_uart.o
                0x08000c74                HAL_UART_MspInit
 *fill*         0x08000c76        0x2 
 .text.UART_SetConfig
                0x08000c78      0x1c4 build/debug/stm32c0xx_hal_uart.o
                0x08000c78                UART_SetConfig
 .text.UART_AdvFeatureConfig
                0x08000e3c       0xe0 build/debug/stm32c0xx_hal_uart.o
                0x08000e3c                UART_AdvFeatureConfig
 .text.UART_WaitOnFlagUntilTimeout
                0x08000f1c       0x9e build/debug/stm32c0xx_hal_uart.o
                0x08000f1c                UART_WaitOnFlagUntilTimeout
 *fill*         0x08000fba        0x2 
 .text.UART_CheckIdleState
                0x08000fbc       0xd4 build/debug/stm32c0xx_hal_uart.o
                0x08000fbc                UART_CheckIdleState
 .text.HAL_UART_Init
                0x08001090       0x70 build/debug/stm32c0xx_hal_uart.o
                0x08001090                HAL_UART_Init
 .text.NMI_Handler
                0x08001100        0x2 build/debug/stm32c0xx_it.o
                0x08001100                NMI_Handler
 .text.HardFault_Handler
                0x08001102        0x2 build/debug/stm32c0xx_it.o
                0x08001102                HardFault_Handler
 .text.SVC_Handler
                0x08001104        0x2 build/debug/stm32c0xx_it.o
                0x08001104                SVC_Handler
 .text.PendSV_Handler
                0x08001106        0x2 build/debug/stm32c0xx_it.o
                0x08001106                PendSV_Handler
 .text.SysTick_Handler
                0x08001108        0x8 build/debug/stm32c0xx_it.o
                0x08001108                SysTick_Handler
 .text.EXTI4_15_IRQHandler
                0x08001110        0xa build/debug/stm32c0xx_it.o
                0x08001110                EXTI4_15_IRQHandler
 *fill*         0x0800111a        0x2 
 .text.COM1_MspInit
                0x0800111c       0x6c build/debug/stm32c0xx_nucleo.o
 .text.BSP_LED_Init
                0x08001188       0x84 build/debug/stm32c0xx_nucleo.o
                0x08001188                BSP_LED_Init
 .text.BSP_PB_Init
                0x0800120c       0x90 build/debug/stm32c0xx_nucleo.o
                0x0800120c                BSP_PB_Init
 .text.BSP_PB_IRQHandler
                0x0800129c       0x18 build/debug/stm32c0xx_nucleo.o
                0x0800129c                BSP_PB_IRQHandler
 .text.BSP_PB_Callback
                0x080012b4        0x2 build/debug/stm32c0xx_nucleo.o
                0x080012b4                BSP_PB_Callback
 .text.BUTTON_USER_EXTI_Callback
                0x080012b6        0xa build/debug/stm32c0xx_nucleo.o
 .text.MX_USART2_Init
                0x080012c0       0x34 build/debug/stm32c0xx_nucleo.o
                0x080012c0                MX_USART2_Init
 .text.BSP_COM_Init
                0x080012f4       0x34 build/debug/stm32c0xx_nucleo.o
                0x080012f4                BSP_COM_Init
 .text.SystemInit
                0x08001328       0x10 build/debug/system_stm32c0xx.o
                0x08001328                SystemInit
 .text.Reset_Handler
                0x08001338       0x50 build/debug/startup_stm32c031xx.o
                0x08001338                Reset_Handler
 .text.Default_Handler
                0x08001388        0x2 build/debug/startup_stm32c031xx.o
                0x08001388                TIM1_BRK_UP_TRG_COM_IRQHandler
                0x08001388                I2C1_IRQHandler
                0x08001388                DMAMUX1_IRQHandler
                0x08001388                SPI1_IRQHandler
                0x08001388                EXTI2_3_IRQHandler
                0x08001388                ADC1_IRQHandler
                0x08001388                TIM17_IRQHandler
                0x08001388                RTC_IRQHandler
                0x08001388                TIM16_IRQHandler
                0x08001388                TIM3_IRQHandler
                0x08001388                RCC_IRQHandler
                0x08001388                DMA1_Channel1_IRQHandler
                0x08001388                Default_Handler
                0x08001388                TIM14_IRQHandler
                0x08001388                EXTI0_1_IRQHandler
                0x08001388                WWDG_IRQHandler
                0x08001388                DMA1_Channel2_3_IRQHandler
                0x08001388                USART2_IRQHandler
                0x08001388                FLASH_IRQHandler
                0x08001388                USART1_IRQHandler
                0x08001388                TIM1_CC_IRQHandler
 .text.memset   0x0800138a       0x10 /Users/killzyy/Library/Application Support/Code/User/globalStorage/bmd.stm32-for-vscode/@xpack-dev-tools/arm-none-eabi-gcc/14.2.1-1.1.1/.content/bin/../lib/gcc/arm-none-eabi/14.2.1/../../../../arm-none-eabi/lib/thumb/v6-m/nofp/libc_nano.a(libc_a-memset.o)
                0x0800138a                memset
 *fill*         0x0800139a        0x2 
 .text.__libc_init_array
                0x0800139c       0x48 /Users/killzyy/Library/Application Support/Code/User/globalStorage/bmd.stm32-for-vscode/@xpack-dev-tools/arm-none-eabi-gcc/14.2.1-1.1.1/.content/bin/../lib/gcc/arm-none-eabi/14.2.1/../../../../arm-none-eabi/lib/thumb/v6-m/nofp/libc_nano.a(libc_a-init.o)
                0x0800139c                __libc_init_array
 *(.glue_7)
 .glue_7        0x080013e4        0x0 linker stubs
 *(.glue_7t)
 .glue_7t       0x080013e4        0x0 linker stubs
 *(.eh_frame)
 .eh_frame      0x080013e4        0x0 /Users/killzyy/Library/Application Support/Code/User/globalStorage/bmd.stm32-for-vscode/@xpack-dev-tools/arm-none-eabi-gcc/14.2.1-1.1.1/.content/bin/../lib/gcc/arm-none-eabi/14.2.1/thumb/v6-m/nofp/crtbegin.o
 *(.init)
 .init          0x080013e4        0x4 /Users/killzyy/Library/Application Support/Code/User/globalStorage/bmd.stm32-for-vscode/@xpack-dev-tools/arm-none-eabi-gcc/14.2.1-1.1.1/.content/bin/../lib/gcc/arm-none-eabi/14.2.1/thumb/v6-m/nofp/crti.o
                0x080013e4                _init
 .init          0x080013e8        0x8 /Users/killzyy/Library/Application Support/Code/User/globalStorage/bmd.stm32-for-vscode/@xpack-dev-tools/arm-none-eabi-gcc/14.2.1-1.1.1/.content/bin/../lib/gcc/arm-none-eabi/14.2.1/thumb/v6-m/nofp/crtn.o
 *(.fini)
 .fini          0x080013f0        0x4 /Users/killzyy/Library/Application Support/Code/User/globalStorage/bmd.stm32-for-vscode/@xpack-dev-tools/arm-none-eabi-gcc/14.2.1-1.1.1/.content/bin/../lib/gcc/arm-none-eabi/14.2.1/thumb/v6-m/nofp/crti.o
                0x080013f0                _fini
 .fini          0x080013f4        0x8 /Users/killzyy/Library/Application Support/Code/User/globalStorage/bmd.stm32-for-vscode/@xpack-dev-tools/arm-none-eabi-gcc/14.2.1-1.1.1/.content/bin/../lib/gcc/arm-none-eabi/14.2.1/thumb/v6-m/nofp/crtn.o
                0x080013fc                        . = ALIGN (0x4)
                0x080013fc                        _etext = .

.vfp11_veneer   0x080013fc        0x0
 .vfp11_veneer  0x080013fc        0x0 linker stubs

.v4_bx          0x080013fc        0x0
 .v4_bx         0x080013fc        0x0 linker stubs

.iplt           0x080013fc        0x0
 .iplt          0x080013fc        0x0 /Users/killzyy/Library/Application Support/Code/User/globalStorage/bmd.stm32-for-vscode/@xpack-dev-tools/arm-none-eabi-gcc/14.2.1-1.1.1/.content/bin/../lib/gcc/arm-none-eabi/14.2.1/thumb/v6-m/nofp/crtbegin.o

.rodata         0x080013fc       0x84
                0x080013fc                        . = ALIGN (0x4)
 *(.rodata)
 *(.rodata*)
 .rodata.UARTPrescTable
                0x080013fc       0x18 build/debug/stm32c0xx_hal_uart.o
                0x080013fc                UARTPrescTable
 .rodata.LED_PIN
                0x08001414        0x4 build/debug/stm32c0xx_nucleo.o
 .rodata.LED_PORT
                0x08001418        0x8 build/debug/stm32c0xx_nucleo.o
 .rodata.APBPrescTable
                0x08001420       0x20 build/debug/system_stm32c0xx.o
                0x08001420                APBPrescTable
 .rodata.AHBPrescTable
                0x08001440       0x40 build/debug/system_stm32c0xx.o
                0x08001440                AHBPrescTable
                0x08001480                        . = ALIGN (0x4)

.ARM.extab      0x08001480        0x0
                0x08001480                        . = ALIGN (0x4)
 *(.ARM.extab* .gnu.linkonce.armextab.*)
                0x08001480                        . = ALIGN (0x4)

.ARM            0x08001480        0x0
                0x08001480                        . = ALIGN (0x4)
                0x08001480                        __exidx_start = .
 *(.ARM.exidx*)
                0x08001480                        __exidx_end = .
                0x08001480                        . = ALIGN (0x4)

.preinit_array  0x08001480        0x0
                0x08001480                        . = ALIGN (0x4)
                0x08001480                        PROVIDE (__preinit_array_start = .)
 *(.preinit_array*)
                0x08001480                        PROVIDE (__preinit_array_end = .)
                0x08001480                        . = ALIGN (0x4)

.init_array     0x08001480        0x4
                0x08001480                        . = ALIGN (0x4)
                0x08001480                        PROVIDE (__init_array_start = .)
 *(SORT_BY_NAME(.init_array.*))
 *(.init_array*)
 .init_array    0x08001480        0x4 /Users/killzyy/Library/Application Support/Code/User/globalStorage/bmd.stm32-for-vscode/@xpack-dev-tools/arm-none-eabi-gcc/14.2.1-1.1.1/.content/bin/../lib/gcc/arm-none-eabi/14.2.1/thumb/v6-m/nofp/crtbegin.o
                0x08001484                        PROVIDE (__init_array_end = .)
                0x08001484                        . = ALIGN (0x4)

.fini_array     0x08001484        0x4
                0x08001484                        . = ALIGN (0x4)
                0x08001484                        PROVIDE (__fini_array_start = .)
 *(SORT_BY_NAME(.fini_array.*))
 *(.fini_array*)
 .fini_array    0x08001484        0x4 /Users/killzyy/Library/Application Support/Code/User/globalStorage/bmd.stm32-for-vscode/@xpack-dev-tools/arm-none-eabi-gcc/14.2.1-1.1.1/.content/bin/../lib/gcc/arm-none-eabi/14.2.1/thumb/v6-m/nofp/crtbegin.o
                0x08001488                        PROVIDE (__fini_array_end = .)
                0x08001488                        . = ALIGN (0x4)
                0x08001488                        _sidata = LOADADDR (.data)

.rel.dyn        0x08001488        0x0
 .rel.iplt      0x08001488        0x0 /Users/killzyy/Library/Application Support/Code/User/globalStorage/bmd.stm32-for-vscode/@xpack-dev-tools/arm-none-eabi-gcc/14.2.1-1.1.1/.content/bin/../lib/gcc/arm-none-eabi/14.2.1/thumb/v6-m/nofp/crtbegin.o

.data           0x20000000       0x10 load address 0x08001488
                0x20000000                        . = ALIGN (0x4)
                0x20000000                        _sdata = .
 *(.data)
 *(.data*)
 .data.uwTickFreq
                0x20000000        0x1 build/debug/stm32c0xx_hal.o
                0x20000000                uwTickFreq
 *fill*         0x20000001        0x3 
 .data.uwTickPrio
                0x20000004        0x4 build/debug/stm32c0xx_hal.o
                0x20000004                uwTickPrio
 .data.COM_USART
                0x20000008        0x4 build/debug/stm32c0xx_nucleo.o
                0x20000008                COM_USART
 .data.SystemCoreClock
                0x2000000c        0x4 build/debug/system_stm32c0xx.o
                0x2000000c                SystemCoreClock
 *(.RamFunc)
 *(.RamFunc*)
                0x20000010                        . = ALIGN (0x4)
                0x20000010                        _edata = .

.igot.plt       0x20000010        0x0 load address 0x08001498
 .igot.plt      0x20000010        0x0 /Users/killzyy/Library/Application Support/Code/User/globalStorage/bmd.stm32-for-vscode/@xpack-dev-tools/arm-none-eabi-gcc/14.2.1-1.1.1/.content/bin/../lib/gcc/arm-none-eabi/14.2.1/thumb/v6-m/nofp/crtbegin.o
                0x20000010                        . = ALIGN (0x4)

.bss            0x20000010       0xd0 load address 0x08001498
                0x20000010                        _sbss = .
                0x20000010                        __bss_start__ = _sbss
 *(.bss)
 *(.bss*)
 .bss.completed.1
                0x20000010        0x1 /Users/killzyy/Library/Application Support/Code/User/globalStorage/bmd.stm32-for-vscode/@xpack-dev-tools/arm-none-eabi-gcc/14.2.1-1.1.1/.content/bin/../lib/gcc/arm-none-eabi/14.2.1/thumb/v6-m/nofp/crtbegin.o
 *fill*         0x20000011        0x3 
 .bss.object.0  0x20000014       0x18 /Users/killzyy/Library/Application Support/Code/User/globalStorage/bmd.stm32-for-vscode/@xpack-dev-tools/arm-none-eabi-gcc/14.2.1-1.1.1/.content/bin/../lib/gcc/arm-none-eabi/14.2.1/thumb/v6-m/nofp/crtbegin.o
 .bss.BspCOMInit
                0x2000002c       0x10 build/debug/main.o
                0x2000002c                BspCOMInit
 .bss.uwTick    0x2000003c        0x4 build/debug/stm32c0xx_hal.o
                0x2000003c                uwTick
 .bss.hcom_uart
                0x20000040       0x94 build/debug/stm32c0xx_nucleo.o
                0x20000040                hcom_uart
 .bss.hpb_exti  0x200000d4        0xc build/debug/stm32c0xx_nucleo.o
                0x200000d4                hpb_exti
 *(COMMON)
                0x200000e0                        . = ALIGN (0x4)
                0x200000e0                        _ebss = .
                0x200000e0                        __bss_end__ = _ebss

._user_heap_stack
                0x200000e0      0x600 load address 0x08001498
                0x200000e0                        . = ALIGN (0x8)
                [!provide]                        PROVIDE (end = .)
                0x200000e0                        PROVIDE (_end = .)
                0x200002e0                        . = (. + _Min_Heap_Size)
 *fill*         0x200000e0      0x200 
                0x200006e0                        . = (. + _Min_Stack_Size)
 *fill*         0x200002e0      0x400 
                0x200006e0                        . = ALIGN (0x8)

/DISCARD/
 libc.a(*)
 libm.a(*)
 libgcc.a(*)
OUTPUT(build/debug/recruiting-sw-microcontrollers.elf elf32-littlearm)
LOAD linker stubs
LOAD /Users/killzyy/Library/Application Support/Code/User/globalStorage/bmd.stm32-for-vscode/@xpack-dev-tools/arm-none-eabi-gcc/14.2.1-1.1.1/.content/bin/../lib/gcc/arm-none-eabi/14.2.1/../../../../arm-none-eabi/lib/thumb/v6-m/nofp/libc.a
LOAD /Users/killzyy/Library/Application Support/Code/User/globalStorage/bmd.stm32-for-vscode/@xpack-dev-tools/arm-none-eabi-gcc/14.2.1-1.1.1/.content/bin/../lib/gcc/arm-none-eabi/14.2.1/../../../../arm-none-eabi/lib/thumb/v6-m/nofp/libm.a
LOAD /Users/killzyy/Library/Application Support/Code/User/globalStorage/bmd.stm32-for-vscode/@xpack-dev-tools/arm-none-eabi-gcc/14.2.1-1.1.1/.content/bin/../lib/gcc/arm-none-eabi/14.2.1/thumb/v6-m/nofp/libgcc.a

.ARM.attributes
                0x00000000       0x28
 .ARM.attributes
                0x00000000       0x1e /Users/killzyy/Library/Application Support/Code/User/globalStorage/bmd.stm32-for-vscode/@xpack-dev-tools/arm-none-eabi-gcc/14.2.1-1.1.1/.content/bin/../lib/gcc/arm-none-eabi/14.2.1/thumb/v6-m/nofp/crti.o
 .ARM.attributes
                0x0000001e       0x2c /Users/killzyy/Library/Application Support/Code/User/globalStorage/bmd.stm32-for-vscode/@xpack-dev-tools/arm-none-eabi-gcc/14.2.1-1.1.1/.content/bin/../lib/gcc/arm-none-eabi/14.2.1/thumb/v6-m/nofp/crtbegin.o
 .ARM.attributes
                0x0000004a       0x2c build/debug/main.o
 .ARM.attributes
                0x00000076       0x2c build/debug/stm32c0xx_hal.o
 .ARM.attributes
                0x000000a2       0x2c build/debug/stm32c0xx_hal_cortex.o
 .ARM.attributes
                0x000000ce       0x2c build/debug/stm32c0xx_hal_exti.o
 .ARM.attributes
                0x000000fa       0x2c build/debug/stm32c0xx_hal_gpio.o
 .ARM.attributes
                0x00000126       0x2c build/debug/stm32c0xx_hal_msp.o
 .ARM.attributes
                0x00000152       0x2c build/debug/stm32c0xx_hal_rcc.o
 .ARM.attributes
                0x0000017e       0x2c build/debug/stm32c0xx_hal_uart.o
 .ARM.attributes
                0x000001aa       0x2c build/debug/stm32c0xx_it.o
 .ARM.attributes
                0x000001d6       0x2c build/debug/stm32c0xx_nucleo.o
 .ARM.attributes
                0x00000202       0x2c build/debug/system_stm32c0xx.o
 .ARM.attributes
                0x0000022e       0x22 build/debug/startup_stm32c031xx.o
 .ARM.attributes
                0x00000250       0x2c /Users/killzyy/Library/Application Support/Code/User/globalStorage/bmd.stm32-for-vscode/@xpack-dev-tools/arm-none-eabi-gcc/14.2.1-1.1.1/.content/bin/../lib/gcc/arm-none-eabi/14.2.1/../../../../arm-none-eabi/lib/thumb/v6-m/nofp/libc_nano.a(libc_a-memset.o)
 .ARM.attributes
                0x0000027c       0x2c /Users/killzyy/Library/Application Support/Code/User/globalStorage/bmd.stm32-for-vscode/@xpack-dev-tools/arm-none-eabi-gcc/14.2.1-1.1.1/.content/bin/../lib/gcc/arm-none-eabi/14.2.1/../../../../arm-none-eabi/lib/thumb/v6-m/nofp/libc_nano.a(libc_a-init.o)
 .ARM.attributes
                0x000002a8       0x1e /Users/killzyy/Library/Application Support/Code/User/globalStorage/bmd.stm32-for-vscode/@xpack-dev-tools/arm-none-eabi-gcc/14.2.1-1.1.1/.content/bin/../lib/gcc/arm-none-eabi/14.2.1/thumb/v6-m/nofp/libgcc.a(_udivsi3.o)
 .ARM.attributes
                0x000002c6       0x1e /Users/killzyy/Library/Application Support/Code/User/globalStorage/bmd.stm32-for-vscode/@xpack-dev-tools/arm-none-eabi-gcc/14.2.1-1.1.1/.content/bin/../lib/gcc/arm-none-eabi/14.2.1/thumb/v6-m/nofp/libgcc.a(_dvmd_tls.o)
 .ARM.attributes
                0x000002e4       0x1e /Users/killzyy/Library/Application Support/Code/User/globalStorage/bmd.stm32-for-vscode/@xpack-dev-tools/arm-none-eabi-gcc/14.2.1-1.1.1/.content/bin/../lib/gcc/arm-none-eabi/14.2.1/thumb/v6-m/nofp/crtn.o

.comment        0x00000000       0x38
 .comment       0x00000000       0x38 /Users/killzyy/Library/Application Support/Code/User/globalStorage/bmd.stm32-for-vscode/@xpack-dev-tools/arm-none-eabi-gcc/14.2.1-1.1.1/.content/bin/../lib/gcc/arm-none-eabi/14.2.1/thumb/v6-m/nofp/crtbegin.o
                                 0x39 (size before relaxing)
 .comment       0x00000038       0x39 build/debug/main.o
 .comment       0x00000038       0x39 build/debug/stm32c0xx_hal.o
 .comment       0x00000038       0x39 build/debug/stm32c0xx_hal_cortex.o
 .comment       0x00000038       0x39 build/debug/stm32c0xx_hal_exti.o
 .comment       0x00000038       0x39 build/debug/stm32c0xx_hal_gpio.o
 .comment       0x00000038       0x39 build/debug/stm32c0xx_hal_msp.o
 .comment       0x00000038       0x39 build/debug/stm32c0xx_hal_rcc.o
 .comment       0x00000038       0x39 build/debug/stm32c0xx_hal_uart.o
 .comment       0x00000038       0x39 build/debug/stm32c0xx_it.o
 .comment       0x00000038       0x39 build/debug/stm32c0xx_nucleo.o
 .comment       0x00000038       0x39 build/debug/system_stm32c0xx.o
 .comment       0x00000038       0x39 /Users/killzyy/Library/Application Support/Code/User/globalStorage/bmd.stm32-for-vscode/@xpack-dev-tools/arm-none-eabi-gcc/14.2.1-1.1.1/.content/bin/../lib/gcc/arm-none-eabi/14.2.1/../../../../arm-none-eabi/lib/thumb/v6-m/nofp/libc_nano.a(libc_a-memset.o)
 .comment       0x00000038       0x39 /Users/killzyy/Library/Application Support/Code/User/globalStorage/bmd.stm32-for-vscode/@xpack-dev-tools/arm-none-eabi-gcc/14.2.1-1.1.1/.content/bin/../lib/gcc/arm-none-eabi/14.2.1/../../../../arm-none-eabi/lib/thumb/v6-m/nofp/libc_nano.a(libc_a-init.o)

.debug_info     0x00000000     0xb5ae
 .debug_info    0x00000000      0x981 build/debug/main.o
 .debug_info    0x00000981      0x907 build/debug/stm32c0xx_hal.o
 .debug_info    0x00001288      0x9cb build/debug/stm32c0xx_hal_cortex.o
 .debug_info    0x00001c53      0x70e build/debug/stm32c0xx_hal_exti.o
 .debug_info    0x00002361      0x607 build/debug/stm32c0xx_hal_gpio.o
 .debug_info    0x00002968      0x21a build/debug/stm32c0xx_hal_msp.o
 .debug_info    0x00002b82      0xaf8 build/debug/stm32c0xx_hal_rcc.o
 .debug_info    0x0000367a     0x60e1 build/debug/stm32c0xx_hal_uart.o
 .debug_info    0x0000975b      0x140 build/debug/stm32c0xx_it.o
 .debug_info    0x0000989b     0x1968 build/debug/stm32c0xx_nucleo.o
 .debug_info    0x0000b203      0x37b build/debug/system_stm32c0xx.o
 .debug_info    0x0000b57e       0x30 build/debug/startup_stm32c031xx.o

.debug_abbrev   0x00000000     0x1869
 .debug_abbrev  0x00000000      0x234 build/debug/main.o
 .debug_abbrev  0x00000234      0x30c build/debug/stm32c0xx_hal.o
 .debug_abbrev  0x00000540      0x315 build/debug/stm32c0xx_hal_cortex.o
 .debug_abbrev  0x00000855      0x181 build/debug/stm32c0xx_hal_exti.o
 .debug_abbrev  0x000009d6      0x207 build/debug/stm32c0xx_hal_gpio.o
 .debug_abbrev  0x00000bdd       0xd4 build/debug/stm32c0xx_hal_msp.o
 .debug_abbrev  0x00000cb1      0x2c1 build/debug/stm32c0xx_hal_rcc.o
 .debug_abbrev  0x00000f72      0x375 build/debug/stm32c0xx_hal_uart.o
 .debug_abbrev  0x000012e7       0xd7 build/debug/stm32c0xx_it.o
 .debug_abbrev  0x000013be      0x35b build/debug/stm32c0xx_nucleo.o
 .debug_abbrev  0x00001719      0x12c build/debug/system_stm32c0xx.o
 .debug_abbrev  0x00001845       0x24 build/debug/startup_stm32c031xx.o

.debug_aranges  0x00000000      0x708
 .debug_aranges
                0x00000000       0x38 build/debug/main.o
 .debug_aranges
                0x00000038       0xf0 build/debug/stm32c0xx_hal.o
 .debug_aranges
                0x00000128       0xc0 build/debug/stm32c0xx_hal_cortex.o
 .debug_aranges
                0x000001e8       0x60 build/debug/stm32c0xx_hal_exti.o
 .debug_aranges
                0x00000248       0x68 build/debug/stm32c0xx_hal_gpio.o
 .debug_aranges
                0x000002b0       0x20 build/debug/stm32c0xx_hal_msp.o
 .debug_aranges
                0x000002d0       0x90 build/debug/stm32c0xx_hal_rcc.o
 .debug_aranges
                0x00000360      0x248 build/debug/stm32c0xx_hal_uart.o
 .debug_aranges
                0x000005a8       0x48 build/debug/stm32c0xx_it.o
 .debug_aranges
                0x000005f0       0xc8 build/debug/stm32c0xx_nucleo.o
 .debug_aranges
                0x000006b8       0x28 build/debug/system_stm32c0xx.o
 .debug_aranges
                0x000006e0       0x28 build/debug/startup_stm32c031xx.o

.debug_rnglists
                0x00000000      0x5eb
 .debug_rnglists
                0x00000000       0x25 build/debug/main.o
 .debug_rnglists
                0x00000025       0xaf build/debug/stm32c0xx_hal.o
 .debug_rnglists
                0x000000d4       0x97 build/debug/stm32c0xx_hal_cortex.o
 .debug_rnglists
                0x0000016b       0x46 build/debug/stm32c0xx_hal_exti.o
 .debug_rnglists
                0x000001b1       0x4b build/debug/stm32c0xx_hal_gpio.o
 .debug_rnglists
                0x000001fc       0x13 build/debug/stm32c0xx_hal_msp.o
 .debug_rnglists
                0x0000020f       0x8a build/debug/stm32c0xx_hal_rcc.o
 .debug_rnglists
                0x00000299      0x25c build/debug/stm32c0xx_hal_uart.o
 .debug_rnglists
                0x000004f5       0x31 build/debug/stm32c0xx_it.o
 .debug_rnglists
                0x00000526       0x93 build/debug/stm32c0xx_nucleo.o
 .debug_rnglists
                0x000005b9       0x19 build/debug/system_stm32c0xx.o
 .debug_rnglists
                0x000005d2       0x19 build/debug/startup_stm32c031xx.o

.debug_line     0x00000000     0x8b76
 .debug_line    0x00000000      0x401 build/debug/main.o
 .debug_line    0x00000401      0x6a8 build/debug/stm32c0xx_hal.o
 .debug_line    0x00000aa9      0x765 build/debug/stm32c0xx_hal_cortex.o
 .debug_line    0x0000120e      0x8aa build/debug/stm32c0xx_hal_exti.o
 .debug_line    0x00001ab8      0x7c6 build/debug/stm32c0xx_hal_gpio.o
 .debug_line    0x0000227e      0x216 build/debug/stm32c0xx_hal_msp.o
 .debug_line    0x00002494      0xbdb build/debug/stm32c0xx_hal_rcc.o
 .debug_line    0x0000306f     0x4e07 build/debug/stm32c0xx_hal_uart.o
 .debug_line    0x00007e76      0x12b build/debug/stm32c0xx_it.o
 .debug_line    0x00007fa1      0x898 build/debug/stm32c0xx_nucleo.o
 .debug_line    0x00008839      0x2c4 build/debug/system_stm32c0xx.o
 .debug_line    0x00008afd       0x79 build/debug/startup_stm32c031xx.o

.debug_str      0x00000000     0x25f5
 .debug_str     0x00000000     0x25f5 build/debug/main.o
                                0x6de (size before relaxing)
 .debug_str     0x000025f5      0x799 build/debug/stm32c0xx_hal.o
 .debug_str     0x000025f5      0x6ec build/debug/stm32c0xx_hal_cortex.o
 .debug_str     0x000025f5      0x41f build/debug/stm32c0xx_hal_exti.o
 .debug_str     0x000025f5      0x3fe build/debug/stm32c0xx_hal_gpio.o
 .debug_str     0x000025f5      0x24d build/debug/stm32c0xx_hal_msp.o
 .debug_str     0x000025f5      0x6bd build/debug/stm32c0xx_hal_rcc.o
 .debug_str     0x000025f5     0x10fe build/debug/stm32c0xx_hal_uart.o
 .debug_str     0x000025f5      0x20f build/debug/stm32c0xx_it.o
 .debug_str     0x000025f5      0xf57 build/debug/stm32c0xx_nucleo.o
 .debug_str     0x000025f5      0x2be build/debug/system_stm32c0xx.o
 .debug_str     0x000025f5       0x68 build/debug/startup_stm32c031xx.o

.debug_frame    0x00000000     0x10f8
 .debug_frame   0x00000000       0x68 build/debug/main.o
 .debug_frame   0x00000068      0x1ec build/debug/stm32c0xx_hal.o
 .debug_frame   0x00000254      0x194 build/debug/stm32c0xx_hal_cortex.o
 .debug_frame   0x000003e8       0xf0 build/debug/stm32c0xx_hal_exti.o
 .debug_frame   0x000004d8       0xe8 build/debug/stm32c0xx_hal_gpio.o
 .debug_frame   0x000005c0       0x24 build/debug/stm32c0xx_hal_msp.o
 .debug_frame   0x000005e4      0x168 build/debug/stm32c0xx_hal_rcc.o
 .debug_frame   0x0000074c      0x6dc build/debug/stm32c0xx_hal_uart.o
 .debug_frame   0x00000e28       0x80 build/debug/stm32c0xx_it.o
 .debug_frame   0x00000ea8      0x220 build/debug/stm32c0xx_nucleo.o
 .debug_frame   0x000010c8       0x30 build/debug/system_stm32c0xx.o

.debug_loclists
                0x00000000     0x4442
 .debug_loclists
                0x00000000      0x19a build/debug/stm32c0xx_hal.o
 .debug_loclists
                0x0000019a      0x225 build/debug/stm32c0xx_hal_cortex.o
 .debug_loclists
                0x000003bf      0x82f build/debug/stm32c0xx_hal_exti.o
 .debug_loclists
                0x00000bee      0x307 build/debug/stm32c0xx_hal_gpio.o
 .debug_loclists
                0x00000ef5      0x46f build/debug/stm32c0xx_hal_rcc.o
 .debug_loclists
                0x00001364     0x2c6d build/debug/stm32c0xx_hal_uart.o
 .debug_loclists
                0x00003fd1      0x44b build/debug/stm32c0xx_nucleo.o
 .debug_loclists
                0x0000441c       0x26 build/debug/system_stm32c0xx.o

.debug_line_str
                0x00000000       0x4c
 .debug_line_str
                0x00000000       0x4c build/debug/startup_stm32c031xx.o

Cross Reference Table

Symbol                                            File
ADC1_IRQHandler                                   build/debug/startup_stm32c031xx.o
AHBPrescTable                                     build/debug/system_stm32c0xx.o
                                                  build/debug/stm32c0xx_hal_rcc.o
APBPrescTable                                     build/debug/system_stm32c0xx.o
                                                  build/debug/stm32c0xx_hal_rcc.o
BSP_COM_DeInit                                    build/debug/stm32c0xx_nucleo.o
BSP_COM_Init                                      build/debug/stm32c0xx_nucleo.o
                                                  build/debug/main.o
BSP_COM_SelectLogPort                             build/debug/stm32c0xx_nucleo.o
BSP_GetBoardID                                    build/debug/stm32c0xx_nucleo.o
BSP_GetBoardName                                  build/debug/stm32c0xx_nucleo.o
BSP_GetVersion                                    build/debug/stm32c0xx_nucleo.o
BSP_LED_DeInit                                    build/debug/stm32c0xx_nucleo.o
BSP_LED_GetState                                  build/debug/stm32c0xx_nucleo.o
BSP_LED_Init                                      build/debug/stm32c0xx_nucleo.o
                                                  build/debug/main.o
BSP_LED_Off                                       build/debug/stm32c0xx_nucleo.o
BSP_LED_On                                        build/debug/stm32c0xx_nucleo.o
BSP_LED_Toggle                                    build/debug/stm32c0xx_nucleo.o
BSP_PB_Callback                                   build/debug/stm32c0xx_nucleo.o
BSP_PB_DeInit                                     build/debug/stm32c0xx_nucleo.o
BSP_PB_GetState                                   build/debug/stm32c0xx_nucleo.o
BSP_PB_IRQHandler                                 build/debug/stm32c0xx_nucleo.o
                                                  build/debug/stm32c0xx_it.o
BSP_PB_Init                                       build/debug/stm32c0xx_nucleo.o
                                                  build/debug/main.o
BspCOMInit                                        build/debug/main.o
COM_USART                                         build/debug/stm32c0xx_nucleo.o
DMA1_Channel1_IRQHandler                          build/debug/startup_stm32c031xx.o
DMA1_Channel2_3_IRQHandler                        build/debug/startup_stm32c031xx.o
DMAMUX1_IRQHandler                                build/debug/startup_stm32c031xx.o
Default_Handler                                   build/debug/startup_stm32c031xx.o
EXTI0_1_IRQHandler                                build/debug/startup_stm32c031xx.o
EXTI2_3_IRQHandler                                build/debug/startup_stm32c031xx.o
EXTI4_15_IRQHandler                               build/debug/stm32c0xx_it.o
Error_Handler                                     build/debug/main.o
FLASH_FlushCaches                                 build/debug/stm32c0xx_hal_flash_ex.o
FLASH_IRQHandler                                  build/debug/startup_stm32c031xx.o
FLASH_PageErase                                   build/debug/stm32c0xx_hal_flash_ex.o
                                                  build/debug/stm32c0xx_hal_flash.o
FLASH_WaitForLastOperation                        build/debug/stm32c0xx_hal_flash.o
                                                  build/debug/stm32c0xx_hal_flash_ex.o
HAL_DBGMCU_DisableDBGStandbyMode                  build/debug/stm32c0xx_hal.o
HAL_DBGMCU_DisableDBGStopMode                     build/debug/stm32c0xx_hal.o
HAL_DBGMCU_EnableDBGStandbyMode                   build/debug/stm32c0xx_hal.o
HAL_DBGMCU_EnableDBGStopMode                      build/debug/stm32c0xx_hal.o
HAL_DMAEx_ConfigMuxRequestGenerator               build/debug/stm32c0xx_hal_dma_ex.o
HAL_DMAEx_ConfigMuxSync                           build/debug/stm32c0xx_hal_dma_ex.o
HAL_DMAEx_DisableMuxRequestGenerator              build/debug/stm32c0xx_hal_dma_ex.o
HAL_DMAEx_EnableMuxRequestGenerator               build/debug/stm32c0xx_hal_dma_ex.o
HAL_DMAEx_MUX_IRQHandler                          build/debug/stm32c0xx_hal_dma_ex.o
HAL_DMA_Abort                                     build/debug/stm32c0xx_hal_dma.o
                                                  build/debug/stm32c0xx_hal_uart.o
HAL_DMA_Abort_IT                                  build/debug/stm32c0xx_hal_dma.o
                                                  build/debug/stm32c0xx_hal_uart.o
HAL_DMA_DeInit                                    build/debug/stm32c0xx_hal_dma.o
HAL_DMA_GetError                                  build/debug/stm32c0xx_hal_dma.o
                                                  build/debug/stm32c0xx_hal_uart.o
HAL_DMA_GetState                                  build/debug/stm32c0xx_hal_dma.o
HAL_DMA_IRQHandler                                build/debug/stm32c0xx_hal_dma.o
HAL_DMA_Init                                      build/debug/stm32c0xx_hal_dma.o
HAL_DMA_PollForTransfer                           build/debug/stm32c0xx_hal_dma.o
HAL_DMA_RegisterCallback                          build/debug/stm32c0xx_hal_dma.o
HAL_DMA_Start                                     build/debug/stm32c0xx_hal_dma.o
HAL_DMA_Start_IT                                  build/debug/stm32c0xx_hal_dma.o
                                                  build/debug/stm32c0xx_hal_uart.o
HAL_DMA_UnRegisterCallback                        build/debug/stm32c0xx_hal_dma.o
HAL_DeInit                                        build/debug/stm32c0xx_hal.o
HAL_Delay                                         build/debug/stm32c0xx_hal.o
                                                  build/debug/main.o
HAL_EXTI_ClearConfigLine                          build/debug/stm32c0xx_hal_exti.o
HAL_EXTI_ClearPending                             build/debug/stm32c0xx_hal_exti.o
HAL_EXTI_GenerateSWI                              build/debug/stm32c0xx_hal_exti.o
HAL_EXTI_GetConfigLine                            build/debug/stm32c0xx_hal_exti.o
HAL_EXTI_GetHandle                                build/debug/stm32c0xx_hal_exti.o
                                                  build/debug/stm32c0xx_nucleo.o
HAL_EXTI_GetPending                               build/debug/stm32c0xx_hal_exti.o
HAL_EXTI_IRQHandler                               build/debug/stm32c0xx_hal_exti.o
                                                  build/debug/stm32c0xx_nucleo.o
HAL_EXTI_RegisterCallback                         build/debug/stm32c0xx_hal_exti.o
                                                  build/debug/stm32c0xx_nucleo.o
HAL_EXTI_SetConfigLine                            build/debug/stm32c0xx_hal_exti.o
HAL_FLASHEx_DisableDebugger                       build/debug/stm32c0xx_hal_flash_ex.o
HAL_FLASHEx_EnableDebugger                        build/debug/stm32c0xx_hal_flash_ex.o
HAL_FLASHEx_EnableSecMemProtection                build/debug/stm32c0xx_hal_flash_ex.o
HAL_FLASHEx_Erase                                 build/debug/stm32c0xx_hal_flash_ex.o
HAL_FLASHEx_Erase_IT                              build/debug/stm32c0xx_hal_flash_ex.o
HAL_FLASHEx_FlashEmptyCheck                       build/debug/stm32c0xx_hal_flash_ex.o
HAL_FLASHEx_ForceFlashEmpty                       build/debug/stm32c0xx_hal_flash_ex.o
HAL_FLASHEx_OBGetConfig                           build/debug/stm32c0xx_hal_flash_ex.o
HAL_FLASHEx_OBProgram                             build/debug/stm32c0xx_hal_flash_ex.o
HAL_FLASH_EndOfOperationCallback                  build/debug/stm32c0xx_hal_flash.o
HAL_FLASH_GetError                                build/debug/stm32c0xx_hal_flash.o
HAL_FLASH_IRQHandler                              build/debug/stm32c0xx_hal_flash.o
HAL_FLASH_Lock                                    build/debug/stm32c0xx_hal_flash.o
HAL_FLASH_OB_Launch                               build/debug/stm32c0xx_hal_flash.o
HAL_FLASH_OB_Lock                                 build/debug/stm32c0xx_hal_flash.o
HAL_FLASH_OB_Unlock                               build/debug/stm32c0xx_hal_flash.o
HAL_FLASH_OperationErrorCallback                  build/debug/stm32c0xx_hal_flash.o
HAL_FLASH_Program                                 build/debug/stm32c0xx_hal_flash.o
HAL_FLASH_Program_IT                              build/debug/stm32c0xx_hal_flash.o
HAL_FLASH_Unlock                                  build/debug/stm32c0xx_hal_flash.o
HAL_GPIO_DeInit                                   build/debug/stm32c0xx_hal_gpio.o
                                                  build/debug/stm32c0xx_nucleo.o
HAL_GPIO_EXTI_Falling_Callback                    build/debug/stm32c0xx_hal_gpio.o
HAL_GPIO_EXTI_IRQHandler                          build/debug/stm32c0xx_hal_gpio.o
HAL_GPIO_EXTI_Rising_Callback                     build/debug/stm32c0xx_hal_gpio.o
HAL_GPIO_Init                                     build/debug/stm32c0xx_hal_gpio.o
                                                  build/debug/stm32c0xx_nucleo.o
                                                  build/debug/stm32c0xx_hal_rcc_ex.o
                                                  build/debug/stm32c0xx_hal_rcc.o
HAL_GPIO_LockPin                                  build/debug/stm32c0xx_hal_gpio.o
HAL_GPIO_ReadPin                                  build/debug/stm32c0xx_hal_gpio.o
                                                  build/debug/stm32c0xx_nucleo.o
HAL_GPIO_TogglePin                                build/debug/stm32c0xx_hal_gpio.o
                                                  build/debug/stm32c0xx_nucleo.o
                                                  build/debug/main.o
HAL_GPIO_WriteMultipleStatePin                    build/debug/stm32c0xx_hal_gpio.o
HAL_GPIO_WritePin                                 build/debug/stm32c0xx_hal_gpio.o
                                                  build/debug/stm32c0xx_nucleo.o
HAL_GetDEVID                                      build/debug/stm32c0xx_hal.o
HAL_GetHalVersion                                 build/debug/stm32c0xx_hal.o
HAL_GetREVID                                      build/debug/stm32c0xx_hal.o
HAL_GetTick                                       build/debug/stm32c0xx_hal.o
                                                  build/debug/stm32c0xx_hal_uart_ex.o
                                                  build/debug/stm32c0xx_hal_uart.o
                                                  build/debug/stm32c0xx_hal_rcc_ex.o
                                                  build/debug/stm32c0xx_hal_rcc.o
                                                  build/debug/stm32c0xx_hal_flash.o
                                                  build/debug/stm32c0xx_hal_dma.o
HAL_GetTickFreq                                   build/debug/stm32c0xx_hal.o
HAL_GetTickPrio                                   build/debug/stm32c0xx_hal.o
HAL_GetUIDw0                                      build/debug/stm32c0xx_hal.o
HAL_GetUIDw1                                      build/debug/stm32c0xx_hal.o
HAL_GetUIDw2                                      build/debug/stm32c0xx_hal.o
HAL_HalfDuplex_EnableReceiver                     build/debug/stm32c0xx_hal_uart.o
HAL_HalfDuplex_EnableTransmitter                  build/debug/stm32c0xx_hal_uart.o
HAL_HalfDuplex_Init                               build/debug/stm32c0xx_hal_uart.o
HAL_IncTick                                       build/debug/stm32c0xx_hal.o
                                                  build/debug/stm32c0xx_it.o
HAL_Init                                          build/debug/stm32c0xx_hal.o
                                                  build/debug/main.o
HAL_InitTick                                      build/debug/stm32c0xx_hal.o
                                                  build/debug/stm32c0xx_hal_rcc.o
HAL_LIN_Init                                      build/debug/stm32c0xx_hal_uart.o
HAL_LIN_SendBreak                                 build/debug/stm32c0xx_hal_uart.o
HAL_MPU_ConfigRegion                              build/debug/stm32c0xx_hal_cortex.o
HAL_MPU_Disable                                   build/debug/stm32c0xx_hal_cortex.o
HAL_MPU_DisableRegion                             build/debug/stm32c0xx_hal_cortex.o
HAL_MPU_Enable                                    build/debug/stm32c0xx_hal_cortex.o
HAL_MPU_EnableRegion                              build/debug/stm32c0xx_hal_cortex.o
HAL_MspDeInit                                     build/debug/stm32c0xx_hal.o
HAL_MspInit                                       build/debug/stm32c0xx_hal_msp.o
                                                  build/debug/stm32c0xx_hal.o
HAL_MultiProcessorEx_AddressLength_Set            build/debug/stm32c0xx_hal_uart_ex.o
HAL_MultiProcessor_DisableMuteMode                build/debug/stm32c0xx_hal_uart.o
HAL_MultiProcessor_EnableMuteMode                 build/debug/stm32c0xx_hal_uart.o
HAL_MultiProcessor_EnterMuteMode                  build/debug/stm32c0xx_hal_uart.o
HAL_MultiProcessor_Init                           build/debug/stm32c0xx_hal_uart.o
HAL_NVIC_ClearPendingIRQ                          build/debug/stm32c0xx_hal_cortex.o
HAL_NVIC_DisableIRQ                               build/debug/stm32c0xx_hal_cortex.o
                                                  build/debug/stm32c0xx_nucleo.o
HAL_NVIC_EnableIRQ                                build/debug/stm32c0xx_hal_cortex.o
                                                  build/debug/stm32c0xx_nucleo.o
HAL_NVIC_GetPendingIRQ                            build/debug/stm32c0xx_hal_cortex.o
HAL_NVIC_GetPriority                              build/debug/stm32c0xx_hal_cortex.o
HAL_NVIC_SetPendingIRQ                            build/debug/stm32c0xx_hal_cortex.o
HAL_NVIC_SetPriority                              build/debug/stm32c0xx_hal_cortex.o
                                                  build/debug/stm32c0xx_nucleo.o
                                                  build/debug/stm32c0xx_hal.o
HAL_NVIC_SystemReset                              build/debug/stm32c0xx_hal_cortex.o
HAL_PWREx_BKUPRead                                build/debug/stm32c0xx_hal_pwr_ex.o
HAL_PWREx_BKUPWrite                               build/debug/stm32c0xx_hal_pwr_ex.o
HAL_PWREx_DisableFlashPowerDown                   build/debug/stm32c0xx_hal_pwr_ex.o
HAL_PWREx_DisableGPIOPullDown                     build/debug/stm32c0xx_hal_pwr_ex.o
HAL_PWREx_DisableGPIOPullUp                       build/debug/stm32c0xx_hal_pwr_ex.o
HAL_PWREx_DisableInternalWakeUpLine               build/debug/stm32c0xx_hal_pwr_ex.o
HAL_PWREx_DisablePullUpPullDownConfig             build/debug/stm32c0xx_hal_pwr_ex.o
HAL_PWREx_EnableFlashPowerDown                    build/debug/stm32c0xx_hal_pwr_ex.o
HAL_PWREx_EnableGPIOPullDown                      build/debug/stm32c0xx_hal_pwr_ex.o
HAL_PWREx_EnableGPIOPullUp                        build/debug/stm32c0xx_hal_pwr_ex.o
HAL_PWREx_EnableInternalWakeUpLine                build/debug/stm32c0xx_hal_pwr_ex.o
HAL_PWREx_EnablePullUpPullDownConfig              build/debug/stm32c0xx_hal_pwr_ex.o
HAL_PWREx_EnterSHUTDOWNMode                       build/debug/stm32c0xx_hal_pwr_ex.o
HAL_PWR_DeInit                                    build/debug/stm32c0xx_hal_pwr.o
HAL_PWR_DisableSEVOnPend                          build/debug/stm32c0xx_hal_pwr.o
HAL_PWR_DisableSleepOnExit                        build/debug/stm32c0xx_hal_pwr.o
HAL_PWR_DisableWakeUpPin                          build/debug/stm32c0xx_hal_pwr.o
HAL_PWR_EnableSEVOnPend                           build/debug/stm32c0xx_hal_pwr.o
HAL_PWR_EnableSleepOnExit                         build/debug/stm32c0xx_hal_pwr.o
HAL_PWR_EnableWakeUpPin                           build/debug/stm32c0xx_hal_pwr.o
HAL_PWR_EnterSLEEPMode                            build/debug/stm32c0xx_hal_pwr.o
HAL_PWR_EnterSTANDBYMode                          build/debug/stm32c0xx_hal_pwr.o
HAL_PWR_EnterSTOPMode                             build/debug/stm32c0xx_hal_pwr.o
HAL_RCCEx_DisableLSCO                             build/debug/stm32c0xx_hal_rcc_ex.o
HAL_RCCEx_EnableLSCO                              build/debug/stm32c0xx_hal_rcc_ex.o
HAL_RCCEx_GetPeriphCLKConfig                      build/debug/stm32c0xx_hal_rcc_ex.o
HAL_RCCEx_GetPeriphCLKFreq                        build/debug/stm32c0xx_hal_rcc_ex.o
HAL_RCCEx_PeriphCLKConfig                         build/debug/stm32c0xx_hal_rcc_ex.o
HAL_RCC_CSSCallback                               build/debug/stm32c0xx_hal_rcc.o
HAL_RCC_ClockConfig                               build/debug/stm32c0xx_hal_rcc.o
                                                  build/debug/main.o
HAL_RCC_DeInit                                    build/debug/stm32c0xx_hal_rcc.o
HAL_RCC_DisableLSECSS                             build/debug/stm32c0xx_hal_rcc.o
HAL_RCC_EnableCSS                                 build/debug/stm32c0xx_hal_rcc.o
HAL_RCC_EnableLSECSS                              build/debug/stm32c0xx_hal_rcc.o
HAL_RCC_GetClockConfig                            build/debug/stm32c0xx_hal_rcc.o
HAL_RCC_GetHCLKFreq                               build/debug/stm32c0xx_hal_rcc.o
HAL_RCC_GetOscConfig                              build/debug/stm32c0xx_hal_rcc.o
HAL_RCC_GetPCLK1Freq                              build/debug/stm32c0xx_hal_rcc.o
                                                  build/debug/stm32c0xx_hal_uart.o
                                                  build/debug/stm32c0xx_hal_rcc_ex.o
HAL_RCC_GetSysClockFreq                           build/debug/stm32c0xx_hal_rcc.o
                                                  build/debug/stm32c0xx_hal_uart.o
                                                  build/debug/stm32c0xx_hal_rcc_ex.o
HAL_RCC_LSECSSCallback                            build/debug/stm32c0xx_hal_rcc.o
HAL_RCC_MCOConfig                                 build/debug/stm32c0xx_hal_rcc.o
HAL_RCC_NMI_IRQHandler                            build/debug/stm32c0xx_hal_rcc.o
HAL_RCC_OscConfig                                 build/debug/stm32c0xx_hal_rcc.o
                                                  build/debug/main.o
HAL_RS485Ex_Init                                  build/debug/stm32c0xx_hal_uart_ex.o
HAL_ResumeTick                                    build/debug/stm32c0xx_hal.o
HAL_SYSCFG_DisableRemap                           build/debug/stm32c0xx_hal.o
HAL_SYSCFG_EnableRemap                            build/debug/stm32c0xx_hal.o
HAL_SYSCFG_GetPinBinding                          build/debug/stm32c0xx_hal.o
HAL_SYSCFG_SetPinBinding                          build/debug/stm32c0xx_hal.o
HAL_SYSTICK_CLKSourceConfig                       build/debug/stm32c0xx_hal_cortex.o
HAL_SYSTICK_Callback                              build/debug/stm32c0xx_hal_cortex.o
HAL_SYSTICK_Config                                build/debug/stm32c0xx_hal_cortex.o
                                                  build/debug/stm32c0xx_hal.o
HAL_SYSTICK_IRQHandler                            build/debug/stm32c0xx_hal_cortex.o
HAL_SetTickFreq                                   build/debug/stm32c0xx_hal.o
HAL_SuspendTick                                   build/debug/stm32c0xx_hal.o
HAL_UARTEx_DisableFifoMode                        build/debug/stm32c0xx_hal_uart_ex.o
HAL_UARTEx_DisableStopMode                        build/debug/stm32c0xx_hal_uart_ex.o
HAL_UARTEx_EnableFifoMode                         build/debug/stm32c0xx_hal_uart_ex.o
HAL_UARTEx_EnableStopMode                         build/debug/stm32c0xx_hal_uart_ex.o
HAL_UARTEx_GetRxEventType                         build/debug/stm32c0xx_hal_uart_ex.o
HAL_UARTEx_ReceiveToIdle                          build/debug/stm32c0xx_hal_uart_ex.o
HAL_UARTEx_ReceiveToIdle_DMA                      build/debug/stm32c0xx_hal_uart_ex.o
HAL_UARTEx_ReceiveToIdle_IT                       build/debug/stm32c0xx_hal_uart_ex.o
HAL_UARTEx_RxEventCallback                        build/debug/stm32c0xx_hal_uart.o
HAL_UARTEx_RxFifoFullCallback                     build/debug/stm32c0xx_hal_uart_ex.o
                                                  build/debug/stm32c0xx_hal_uart.o
HAL_UARTEx_SetRxFifoThreshold                     build/debug/stm32c0xx_hal_uart_ex.o
HAL_UARTEx_SetTxFifoThreshold                     build/debug/stm32c0xx_hal_uart_ex.o
HAL_UARTEx_StopModeWakeUpSourceConfig             build/debug/stm32c0xx_hal_uart_ex.o
HAL_UARTEx_TxFifoEmptyCallback                    build/debug/stm32c0xx_hal_uart_ex.o
                                                  build/debug/stm32c0xx_hal_uart.o
HAL_UARTEx_WakeupCallback                         build/debug/stm32c0xx_hal_uart_ex.o
                                                  build/debug/stm32c0xx_hal_uart.o
HAL_UART_Abort                                    build/debug/stm32c0xx_hal_uart.o
HAL_UART_AbortCpltCallback                        build/debug/stm32c0xx_hal_uart.o
HAL_UART_AbortReceive                             build/debug/stm32c0xx_hal_uart.o
HAL_UART_AbortReceiveCpltCallback                 build/debug/stm32c0xx_hal_uart.o
HAL_UART_AbortReceive_IT                          build/debug/stm32c0xx_hal_uart.o
HAL_UART_AbortTransmit                            build/debug/stm32c0xx_hal_uart.o
HAL_UART_AbortTransmitCpltCallback                build/debug/stm32c0xx_hal_uart.o
HAL_UART_AbortTransmit_IT                         build/debug/stm32c0xx_hal_uart.o
HAL_UART_Abort_IT                                 build/debug/stm32c0xx_hal_uart.o
HAL_UART_DMAPause                                 build/debug/stm32c0xx_hal_uart.o
HAL_UART_DMAResume                                build/debug/stm32c0xx_hal_uart.o
HAL_UART_DMAStop                                  build/debug/stm32c0xx_hal_uart.o
HAL_UART_DeInit                                   build/debug/stm32c0xx_hal_uart.o
                                                  build/debug/stm32c0xx_nucleo.o
HAL_UART_DisableReceiverTimeout                   build/debug/stm32c0xx_hal_uart.o
HAL_UART_EnableReceiverTimeout                    build/debug/stm32c0xx_hal_uart.o
HAL_UART_ErrorCallback                            build/debug/stm32c0xx_hal_uart.o
HAL_UART_GetError                                 build/debug/stm32c0xx_hal_uart.o
HAL_UART_GetState                                 build/debug/stm32c0xx_hal_uart.o
HAL_UART_IRQHandler                               build/debug/stm32c0xx_hal_uart.o
HAL_UART_Init                                     build/debug/stm32c0xx_hal_uart.o
                                                  build/debug/stm32c0xx_nucleo.o
HAL_UART_MspDeInit                                build/debug/stm32c0xx_hal_uart.o
HAL_UART_MspInit                                  build/debug/stm32c0xx_hal_uart.o
                                                  build/debug/stm32c0xx_hal_uart_ex.o
HAL_UART_Receive                                  build/debug/stm32c0xx_hal_uart.o
HAL_UART_Receive_DMA                              build/debug/stm32c0xx_hal_uart.o
HAL_UART_Receive_IT                               build/debug/stm32c0xx_hal_uart.o
HAL_UART_ReceiverTimeout_Config                   build/debug/stm32c0xx_hal_uart.o
HAL_UART_RxCpltCallback                           build/debug/stm32c0xx_hal_uart.o
HAL_UART_RxHalfCpltCallback                       build/debug/stm32c0xx_hal_uart.o
HAL_UART_Transmit                                 build/debug/stm32c0xx_hal_uart.o
                                                  build/debug/stm32c0xx_nucleo.o
HAL_UART_Transmit_DMA                             build/debug/stm32c0xx_hal_uart.o
HAL_UART_Transmit_IT                              build/debug/stm32c0xx_hal_uart.o
HAL_UART_TxCpltCallback                           build/debug/stm32c0xx_hal_uart.o
HAL_UART_TxHalfCpltCallback                       build/debug/stm32c0xx_hal_uart.o
HardFault_Handler                                 build/debug/stm32c0xx_it.o
I2C1_IRQHandler                                   build/debug/startup_stm32c031xx.o
MX_USART2_Init                                    build/debug/stm32c0xx_nucleo.o
NMI_Handler                                       build/debug/stm32c0xx_it.o
PendSV_Handler                                    build/debug/stm32c0xx_it.o
RCC_IRQHandler                                    build/debug/startup_stm32c031xx.o
RTC_IRQHandler                                    build/debug/startup_stm32c031xx.o
Reset_Handler                                     build/debug/startup_stm32c031xx.o
SPI1_IRQHandler                                   build/debug/startup_stm32c031xx.o
SVC_Handler                                       build/debug/stm32c0xx_it.o
SysTick_Handler                                   build/debug/stm32c0xx_it.o
SystemClock_Config                                build/debug/main.o
SystemCoreClock                                   build/debug/system_stm32c0xx.o
                                                  build/debug/stm32c0xx_hal_rcc.o
                                                  build/debug/stm32c0xx_hal.o
SystemCoreClockUpdate                             build/debug/system_stm32c0xx.o
SystemInit                                        build/debug/system_stm32c0xx.o
                                                  build/debug/startup_stm32c031xx.o
TIM14_IRQHandler                                  build/debug/startup_stm32c031xx.o
TIM16_IRQHandler                                  build/debug/startup_stm32c031xx.o
TIM17_IRQHandler                                  build/debug/startup_stm32c031xx.o
TIM1_BRK_UP_TRG_COM_IRQHandler                    build/debug/startup_stm32c031xx.o
TIM1_CC_IRQHandler                                build/debug/startup_stm32c031xx.o
TIM3_IRQHandler                                   build/debug/startup_stm32c031xx.o
UARTPrescTable                                    build/debug/stm32c0xx_hal_uart.o
UART_AdvFeatureConfig                             build/debug/stm32c0xx_hal_uart.o
                                                  build/debug/stm32c0xx_hal_uart_ex.o
UART_CheckIdleState                               build/debug/stm32c0xx_hal_uart.o
                                                  build/debug/stm32c0xx_hal_uart_ex.o
UART_SetConfig                                    build/debug/stm32c0xx_hal_uart.o
                                                  build/debug/stm32c0xx_hal_uart_ex.o
UART_Start_Receive_DMA                            build/debug/stm32c0xx_hal_uart.o
                                                  build/debug/stm32c0xx_hal_uart_ex.o
UART_Start_Receive_IT                             build/debug/stm32c0xx_hal_uart.o
                                                  build/debug/stm32c0xx_hal_uart_ex.o
UART_WaitOnFlagUntilTimeout                       build/debug/stm32c0xx_hal_uart.o
                                                  build/debug/stm32c0xx_hal_uart_ex.o
USART1_IRQHandler                                 build/debug/startup_stm32c031xx.o
USART2_IRQHandler                                 build/debug/startup_stm32c031xx.o
WWDG_IRQHandler                                   build/debug/startup_stm32c031xx.o
_Min_Stack_Size                                   build/debug/sysmem.o
__aeabi_idiv                                      /Users/killzyy/Library/Application Support/Code/User/globalStorage/bmd.stm32-for-vscode/@xpack-dev-tools/arm-none-eabi-gcc/14.2.1-1.1.1/.content/bin/../lib/gcc/arm-none-eabi/14.2.1/thumb/v6-m/nofp/libgcc.a(_divsi3.o)
                                                  build/debug/stm32c0xx_hal_uart_ex.o
__aeabi_idiv0                                     /Users/killzyy/Library/Application Support/Code/User/globalStorage/bmd.stm32-for-vscode/@xpack-dev-tools/arm-none-eabi-gcc/14.2.1-1.1.1/.content/bin/../lib/gcc/arm-none-eabi/14.2.1/thumb/v6-m/nofp/libgcc.a(_dvmd_tls.o)
                                                  /Users/killzyy/Library/Application Support/Code/User/globalStorage/bmd.stm32-for-vscode/@xpack-dev-tools/arm-none-eabi-gcc/14.2.1-1.1.1/.content/bin/../lib/gcc/arm-none-eabi/14.2.1/thumb/v6-m/nofp/libgcc.a(_divsi3.o)
                                                  /Users/killzyy/Library/Application Support/Code/User/globalStorage/bmd.stm32-for-vscode/@xpack-dev-tools/arm-none-eabi-gcc/14.2.1-1.1.1/.content/bin/../lib/gcc/arm-none-eabi/14.2.1/thumb/v6-m/nofp/libgcc.a(_udivsi3.o)
__aeabi_idivmod                                   /Users/killzyy/Library/Application Support/Code/User/globalStorage/bmd.stm32-for-vscode/@xpack-dev-tools/arm-none-eabi-gcc/14.2.1-1.1.1/.content/bin/../lib/gcc/arm-none-eabi/14.2.1/thumb/v6-m/nofp/libgcc.a(_divsi3.o)
__aeabi_ldiv0                                     /Users/killzyy/Library/Application Support/Code/User/globalStorage/bmd.stm32-for-vscode/@xpack-dev-tools/arm-none-eabi-gcc/14.2.1-1.1.1/.content/bin/../lib/gcc/arm-none-eabi/14.2.1/thumb/v6-m/nofp/libgcc.a(_dvmd_tls.o)
__aeabi_uidiv                                     /Users/killzyy/Library/Application Support/Code/User/globalStorage/bmd.stm32-for-vscode/@xpack-dev-tools/arm-none-eabi-gcc/14.2.1-1.1.1/.content/bin/../lib/gcc/arm-none-eabi/14.2.1/thumb/v6-m/nofp/libgcc.a(_udivsi3.o)
                                                  build/debug/stm32c0xx_hal_uart.o
                                                  build/debug/stm32c0xx_hal_rcc_ex.o
                                                  build/debug/stm32c0xx_hal_dma.o
                                                  build/debug/stm32c0xx_hal.o
__aeabi_uidivmod                                  /Users/killzyy/Library/Application Support/Code/User/globalStorage/bmd.stm32-for-vscode/@xpack-dev-tools/arm-none-eabi-gcc/14.2.1-1.1.1/.content/bin/../lib/gcc/arm-none-eabi/14.2.1/thumb/v6-m/nofp/libgcc.a(_udivsi3.o)
__atexit                                          /Users/killzyy/Library/Application Support/Code/User/globalStorage/bmd.stm32-for-vscode/@xpack-dev-tools/arm-none-eabi-gcc/14.2.1-1.1.1/.content/bin/../lib/gcc/arm-none-eabi/14.2.1/../../../../arm-none-eabi/lib/thumb/v6-m/nofp/libc_nano.a(libc_a-__call_atexit.o)
                                                  /Users/killzyy/Library/Application Support/Code/User/globalStorage/bmd.stm32-for-vscode/@xpack-dev-tools/arm-none-eabi-gcc/14.2.1-1.1.1/.content/bin/../lib/gcc/arm-none-eabi/14.2.1/../../../../arm-none-eabi/lib/thumb/v6-m/nofp/libc_nano.a(libc_a-__atexit.o)
__atexit0                                         /Users/killzyy/Library/Application Support/Code/User/globalStorage/bmd.stm32-for-vscode/@xpack-dev-tools/arm-none-eabi-gcc/14.2.1-1.1.1/.content/bin/../lib/gcc/arm-none-eabi/14.2.1/../../../../arm-none-eabi/lib/thumb/v6-m/nofp/libc_nano.a(libc_a-__atexit.o)
__atexit_dummy                                    /Users/killzyy/Library/Application Support/Code/User/globalStorage/bmd.stm32-for-vscode/@xpack-dev-tools/arm-none-eabi-gcc/14.2.1-1.1.1/.content/bin/../lib/gcc/arm-none-eabi/14.2.1/../../../../arm-none-eabi/lib/thumb/v6-m/nofp/libc_nano.a(libc_a-__atexit.o)
__atexit_recursive_mutex                          /Users/killzyy/Library/Application Support/Code/User/globalStorage/bmd.stm32-for-vscode/@xpack-dev-tools/arm-none-eabi-gcc/14.2.1-1.1.1/.content/bin/../lib/gcc/arm-none-eabi/14.2.1/../../../../arm-none-eabi/lib/thumb/v6-m/nofp/libc_nano.a(libc_a-__call_atexit.o)
                                                  /Users/killzyy/Library/Application Support/Code/User/globalStorage/bmd.stm32-for-vscode/@xpack-dev-tools/arm-none-eabi-gcc/14.2.1-1.1.1/.content/bin/../lib/gcc/arm-none-eabi/14.2.1/../../../../arm-none-eabi/lib/thumb/v6-m/nofp/libc_nano.a(libc_a-__atexit.o)
__bss_end__                                       /Users/killzyy/Library/Application Support/Code/User/globalStorage/bmd.stm32-for-vscode/@xpack-dev-tools/arm-none-eabi-gcc/14.2.1-1.1.1/.content/bin/../lib/gcc/arm-none-eabi/14.2.1/../../../../arm-none-eabi/lib/thumb/v6-m/nofp/crt0.o
__bss_start__                                     /Users/killzyy/Library/Application Support/Code/User/globalStorage/bmd.stm32-for-vscode/@xpack-dev-tools/arm-none-eabi-gcc/14.2.1-1.1.1/.content/bin/../lib/gcc/arm-none-eabi/14.2.1/../../../../arm-none-eabi/lib/thumb/v6-m/nofp/crt0.o
__call_exitprocs                                  /Users/killzyy/Library/Application Support/Code/User/globalStorage/bmd.stm32-for-vscode/@xpack-dev-tools/arm-none-eabi-gcc/14.2.1-1.1.1/.content/bin/../lib/gcc/arm-none-eabi/14.2.1/../../../../arm-none-eabi/lib/thumb/v6-m/nofp/libc_nano.a(libc_a-__call_atexit.o)
                                                  /Users/killzyy/Library/Application Support/Code/User/globalStorage/bmd.stm32-for-vscode/@xpack-dev-tools/arm-none-eabi-gcc/14.2.1-1.1.1/.content/bin/../lib/gcc/arm-none-eabi/14.2.1/../../../../arm-none-eabi/lib/thumb/v6-m/nofp/libc_nano.a(libc_a-__atexit.o)
                                                  /Users/killzyy/Library/Application Support/Code/User/globalStorage/bmd.stm32-for-vscode/@xpack-dev-tools/arm-none-eabi-gcc/14.2.1-1.1.1/.content/bin/../lib/gcc/arm-none-eabi/14.2.1/../../../../arm-none-eabi/lib/thumb/v6-m/nofp/libc_nano.a(libc_a-exit.o)
__deregister_frame_info                           /Users/killzyy/Library/Application Support/Code/User/globalStorage/bmd.stm32-for-vscode/@xpack-dev-tools/arm-none-eabi-gcc/14.2.1-1.1.1/.content/bin/../lib/gcc/arm-none-eabi/14.2.1/thumb/v6-m/nofp/crtbegin.o
__divsi3                                          /Users/killzyy/Library/Application Support/Code/User/globalStorage/bmd.stm32-for-vscode/@xpack-dev-tools/arm-none-eabi-gcc/14.2.1-1.1.1/.content/bin/../lib/gcc/arm-none-eabi/14.2.1/thumb/v6-m/nofp/libgcc.a(_divsi3.o)
__dso_handle                                      /Users/killzyy/Library/Application Support/Code/User/globalStorage/bmd.stm32-for-vscode/@xpack-dev-tools/arm-none-eabi-gcc/14.2.1-1.1.1/.content/bin/../lib/gcc/arm-none-eabi/14.2.1/thumb/v6-m/nofp/crtbegin.o
__env                                             build/debug/syscalls.o
__errno                                           /Users/killzyy/Library/Application Support/Code/User/globalStorage/bmd.stm32-for-vscode/@xpack-dev-tools/arm-none-eabi-gcc/14.2.1-1.1.1/.content/bin/../lib/gcc/arm-none-eabi/14.2.1/../../../../arm-none-eabi/lib/thumb/v6-m/nofp/libc_nano.a(libc_a-errno.o)
                                                  build/debug/sysmem.o
                                                  build/debug/syscalls.o
__fini_array_end                                  /Users/killzyy/Library/Application Support/Code/User/globalStorage/bmd.stm32-for-vscode/@xpack-dev-tools/arm-none-eabi-gcc/14.2.1-1.1.1/.content/bin/../lib/gcc/arm-none-eabi/14.2.1/../../../../arm-none-eabi/lib/thumb/v6-m/nofp/libc_nano.a(libc_a-fini.o)
__fini_array_start                                /Users/killzyy/Library/Application Support/Code/User/globalStorage/bmd.stm32-for-vscode/@xpack-dev-tools/arm-none-eabi-gcc/14.2.1-1.1.1/.content/bin/../lib/gcc/arm-none-eabi/14.2.1/../../../../arm-none-eabi/lib/thumb/v6-m/nofp/libc_nano.a(libc_a-fini.o)
__fp_lock_all                                     /Users/killzyy/Library/Application Support/Code/User/globalStorage/bmd.stm32-for-vscode/@xpack-dev-tools/arm-none-eabi-gcc/14.2.1-1.1.1/.content/bin/../lib/gcc/arm-none-eabi/14.2.1/../../../../arm-none-eabi/lib/thumb/v6-m/nofp/libc_nano.a(libc_a-findfp.o)
__fp_unlock_all                                   /Users/killzyy/Library/Application Support/Code/User/globalStorage/bmd.stm32-for-vscode/@xpack-dev-tools/arm-none-eabi-gcc/14.2.1-1.1.1/.content/bin/../lib/gcc/arm-none-eabi/14.2.1/../../../../arm-none-eabi/lib/thumb/v6-m/nofp/libc_nano.a(libc_a-findfp.o)
__init_array_end                                  /Users/killzyy/Library/Application Support/Code/User/globalStorage/bmd.stm32-for-vscode/@xpack-dev-tools/arm-none-eabi-gcc/14.2.1-1.1.1/.content/bin/../lib/gcc/arm-none-eabi/14.2.1/../../../../arm-none-eabi/lib/thumb/v6-m/nofp/libc_nano.a(libc_a-init.o)
__init_array_start                                /Users/killzyy/Library/Application Support/Code/User/globalStorage/bmd.stm32-for-vscode/@xpack-dev-tools/arm-none-eabi-gcc/14.2.1-1.1.1/.content/bin/../lib/gcc/arm-none-eabi/14.2.1/../../../../arm-none-eabi/lib/thumb/v6-m/nofp/libc_nano.a(libc_a-init.o)
__io_getchar                                      build/debug/syscalls.o
__io_putchar                                      build/debug/stm32c0xx_nucleo.o
                                                  build/debug/syscalls.o
__libc_fini_array                                 /Users/killzyy/Library/Application Support/Code/User/globalStorage/bmd.stm32-for-vscode/@xpack-dev-tools/arm-none-eabi-gcc/14.2.1-1.1.1/.content/bin/../lib/gcc/arm-none-eabi/14.2.1/../../../../arm-none-eabi/lib/thumb/v6-m/nofp/libc_nano.a(libc_a-fini.o)
                                                  /Users/killzyy/Library/Application Support/Code/User/globalStorage/bmd.stm32-for-vscode/@xpack-dev-tools/arm-none-eabi-gcc/14.2.1-1.1.1/.content/bin/../lib/gcc/arm-none-eabi/14.2.1/../../../../arm-none-eabi/lib/thumb/v6-m/nofp/crt0.o
__libc_init_array                                 /Users/killzyy/Library/Application Support/Code/User/globalStorage/bmd.stm32-for-vscode/@xpack-dev-tools/arm-none-eabi-gcc/14.2.1-1.1.1/.content/bin/../lib/gcc/arm-none-eabi/14.2.1/../../../../arm-none-eabi/lib/thumb/v6-m/nofp/libc_nano.a(libc_a-init.o)
                                                  build/debug/startup_stm32c031xx.o
                                                  /Users/killzyy/Library/Application Support/Code/User/globalStorage/bmd.stm32-for-vscode/@xpack-dev-tools/arm-none-eabi-gcc/14.2.1-1.1.1/.content/bin/../lib/gcc/arm-none-eabi/14.2.1/../../../../arm-none-eabi/lib/thumb/v6-m/nofp/crt0.o
__lock___arc4random_mutex                         /Users/killzyy/Library/Application Support/Code/User/globalStorage/bmd.stm32-for-vscode/@xpack-dev-tools/arm-none-eabi-gcc/14.2.1-1.1.1/.content/bin/../lib/gcc/arm-none-eabi/14.2.1/../../../../arm-none-eabi/lib/thumb/v6-m/nofp/libc_nano.a(libc_a-lock.o)
__lock___at_quick_exit_mutex                      /Users/killzyy/Library/Application Support/Code/User/globalStorage/bmd.stm32-for-vscode/@xpack-dev-tools/arm-none-eabi-gcc/14.2.1-1.1.1/.content/bin/../lib/gcc/arm-none-eabi/14.2.1/../../../../arm-none-eabi/lib/thumb/v6-m/nofp/libc_nano.a(libc_a-lock.o)
__lock___atexit_recursive_mutex                   /Users/killzyy/Library/Application Support/Code/User/globalStorage/bmd.stm32-for-vscode/@xpack-dev-tools/arm-none-eabi-gcc/14.2.1-1.1.1/.content/bin/../lib/gcc/arm-none-eabi/14.2.1/../../../../arm-none-eabi/lib/thumb/v6-m/nofp/libc_nano.a(libc_a-lock.o)
                                                  /Users/killzyy/Library/Application Support/Code/User/globalStorage/bmd.stm32-for-vscode/@xpack-dev-tools/arm-none-eabi-gcc/14.2.1-1.1.1/.content/bin/../lib/gcc/arm-none-eabi/14.2.1/../../../../arm-none-eabi/lib/thumb/v6-m/nofp/libc_nano.a(libc_a-__call_atexit.o)
__lock___dd_hash_mutex                            /Users/killzyy/Library/Application Support/Code/User/globalStorage/bmd.stm32-for-vscode/@xpack-dev-tools/arm-none-eabi-gcc/14.2.1-1.1.1/.content/bin/../lib/gcc/arm-none-eabi/14.2.1/../../../../arm-none-eabi/lib/thumb/v6-m/nofp/libc_nano.a(libc_a-lock.o)
__lock___env_recursive_mutex                      /Users/killzyy/Library/Application Support/Code/User/globalStorage/bmd.stm32-for-vscode/@xpack-dev-tools/arm-none-eabi-gcc/14.2.1-1.1.1/.content/bin/../lib/gcc/arm-none-eabi/14.2.1/../../../../arm-none-eabi/lib/thumb/v6-m/nofp/libc_nano.a(libc_a-lock.o)
__lock___malloc_recursive_mutex                   /Users/killzyy/Library/Application Support/Code/User/globalStorage/bmd.stm32-for-vscode/@xpack-dev-tools/arm-none-eabi-gcc/14.2.1-1.1.1/.content/bin/../lib/gcc/arm-none-eabi/14.2.1/../../../../arm-none-eabi/lib/thumb/v6-m/nofp/libc_nano.a(libc_a-lock.o)
                                                  /Users/killzyy/Library/Application Support/Code/User/globalStorage/bmd.stm32-for-vscode/@xpack-dev-tools/arm-none-eabi-gcc/14.2.1-1.1.1/.content/bin/../lib/gcc/arm-none-eabi/14.2.1/../../../../arm-none-eabi/lib/thumb/v6-m/nofp/libc_nano.a(libc_a-mlock.o)
__lock___sfp_recursive_mutex                      /Users/killzyy/Library/Application Support/Code/User/globalStorage/bmd.stm32-for-vscode/@xpack-dev-tools/arm-none-eabi-gcc/14.2.1-1.1.1/.content/bin/../lib/gcc/arm-none-eabi/14.2.1/../../../../arm-none-eabi/lib/thumb/v6-m/nofp/libc_nano.a(libc_a-lock.o)
                                                  /Users/killzyy/Library/Application Support/Code/User/globalStorage/bmd.stm32-for-vscode/@xpack-dev-tools/arm-none-eabi-gcc/14.2.1-1.1.1/.content/bin/../lib/gcc/arm-none-eabi/14.2.1/../../../../arm-none-eabi/lib/thumb/v6-m/nofp/libc_nano.a(libc_a-findfp.o)
__lock___tz_mutex                                 /Users/killzyy/Library/Application Support/Code/User/globalStorage/bmd.stm32-for-vscode/@xpack-dev-tools/arm-none-eabi-gcc/14.2.1-1.1.1/.content/bin/../lib/gcc/arm-none-eabi/14.2.1/../../../../arm-none-eabi/lib/thumb/v6-m/nofp/libc_nano.a(libc_a-lock.o)
__malloc_free_list                                /Users/killzyy/Library/Application Support/Code/User/globalStorage/bmd.stm32-for-vscode/@xpack-dev-tools/arm-none-eabi-gcc/14.2.1-1.1.1/.content/bin/../lib/gcc/arm-none-eabi/14.2.1/../../../../arm-none-eabi/lib/thumb/v6-m/nofp/libc_nano.a(libc_a-mallocr.o)
                                                  /Users/killzyy/Library/Application Support/Code/User/globalStorage/bmd.stm32-for-vscode/@xpack-dev-tools/arm-none-eabi-gcc/14.2.1-1.1.1/.content/bin/../lib/gcc/arm-none-eabi/14.2.1/../../../../arm-none-eabi/lib/thumb/v6-m/nofp/libc_nano.a(libc_a-freer.o)
__malloc_lock                                     /Users/killzyy/Library/Application Support/Code/User/globalStorage/bmd.stm32-for-vscode/@xpack-dev-tools/arm-none-eabi-gcc/14.2.1-1.1.1/.content/bin/../lib/gcc/arm-none-eabi/14.2.1/../../../../arm-none-eabi/lib/thumb/v6-m/nofp/libc_nano.a(libc_a-mlock.o)
                                                  /Users/killzyy/Library/Application Support/Code/User/globalStorage/bmd.stm32-for-vscode/@xpack-dev-tools/arm-none-eabi-gcc/14.2.1-1.1.1/.content/bin/../lib/gcc/arm-none-eabi/14.2.1/../../../../arm-none-eabi/lib/thumb/v6-m/nofp/libc_nano.a(libc_a-freer.o)
                                                  /Users/killzyy/Library/Application Support/Code/User/globalStorage/bmd.stm32-for-vscode/@xpack-dev-tools/arm-none-eabi-gcc/14.2.1-1.1.1/.content/bin/../lib/gcc/arm-none-eabi/14.2.1/../../../../arm-none-eabi/lib/thumb/v6-m/nofp/libc_nano.a(libc_a-mallocr.o)
__malloc_sbrk_start                               /Users/killzyy/Library/Application Support/Code/User/globalStorage/bmd.stm32-for-vscode/@xpack-dev-tools/arm-none-eabi-gcc/14.2.1-1.1.1/.content/bin/../lib/gcc/arm-none-eabi/14.2.1/../../../../arm-none-eabi/lib/thumb/v6-m/nofp/libc_nano.a(libc_a-mallocr.o)
__malloc_unlock                                   /Users/killzyy/Library/Application Support/Code/User/globalStorage/bmd.stm32-for-vscode/@xpack-dev-tools/arm-none-eabi-gcc/14.2.1-1.1.1/.content/bin/../lib/gcc/arm-none-eabi/14.2.1/../../../../arm-none-eabi/lib/thumb/v6-m/nofp/libc_nano.a(libc_a-mlock.o)
                                                  /Users/killzyy/Library/Application Support/Code/User/globalStorage/bmd.stm32-for-vscode/@xpack-dev-tools/arm-none-eabi-gcc/14.2.1-1.1.1/.content/bin/../lib/gcc/arm-none-eabi/14.2.1/../../../../arm-none-eabi/lib/thumb/v6-m/nofp/libc_nano.a(libc_a-freer.o)
                                                  /Users/killzyy/Library/Application Support/Code/User/globalStorage/bmd.stm32-for-vscode/@xpack-dev-tools/arm-none-eabi-gcc/14.2.1-1.1.1/.content/bin/../lib/gcc/arm-none-eabi/14.2.1/../../../../arm-none-eabi/lib/thumb/v6-m/nofp/libc_nano.a(libc_a-mallocr.o)
__on_exit_args                                    /Users/killzyy/Library/Application Support/Code/User/globalStorage/bmd.stm32-for-vscode/@xpack-dev-tools/arm-none-eabi-gcc/14.2.1-1.1.1/.content/bin/../lib/gcc/arm-none-eabi/14.2.1/../../../../arm-none-eabi/lib/thumb/v6-m/nofp/libc_nano.a(libc_a-__atexit.o)
__preinit_array_end                               /Users/killzyy/Library/Application Support/Code/User/globalStorage/bmd.stm32-for-vscode/@xpack-dev-tools/arm-none-eabi-gcc/14.2.1-1.1.1/.content/bin/../lib/gcc/arm-none-eabi/14.2.1/../../../../arm-none-eabi/lib/thumb/v6-m/nofp/libc_nano.a(libc_a-init.o)
__preinit_array_start                             /Users/killzyy/Library/Application Support/Code/User/globalStorage/bmd.stm32-for-vscode/@xpack-dev-tools/arm-none-eabi-gcc/14.2.1-1.1.1/.content/bin/../lib/gcc/arm-none-eabi/14.2.1/../../../../arm-none-eabi/lib/thumb/v6-m/nofp/libc_nano.a(libc_a-init.o)
__register_exitproc                               /Users/killzyy/Library/Application Support/Code/User/globalStorage/bmd.stm32-for-vscode/@xpack-dev-tools/arm-none-eabi-gcc/14.2.1-1.1.1/.content/bin/../lib/gcc/arm-none-eabi/14.2.1/../../../../arm-none-eabi/lib/thumb/v6-m/nofp/libc_nano.a(libc_a-__atexit.o)
                                                  /Users/killzyy/Library/Application Support/Code/User/globalStorage/bmd.stm32-for-vscode/@xpack-dev-tools/arm-none-eabi-gcc/14.2.1-1.1.1/.content/bin/../lib/gcc/arm-none-eabi/14.2.1/../../../../arm-none-eabi/lib/thumb/v6-m/nofp/libc_nano.a(libc_a-atexit.o)
__register_frame_info                             /Users/killzyy/Library/Application Support/Code/User/globalStorage/bmd.stm32-for-vscode/@xpack-dev-tools/arm-none-eabi-gcc/14.2.1-1.1.1/.content/bin/../lib/gcc/arm-none-eabi/14.2.1/thumb/v6-m/nofp/crtbegin.o
__retarget_lock_acquire                           /Users/killzyy/Library/Application Support/Code/User/globalStorage/bmd.stm32-for-vscode/@xpack-dev-tools/arm-none-eabi-gcc/14.2.1-1.1.1/.content/bin/../lib/gcc/arm-none-eabi/14.2.1/../../../../arm-none-eabi/lib/thumb/v6-m/nofp/libc_nano.a(libc_a-lock.o)
__retarget_lock_acquire_recursive                 /Users/killzyy/Library/Application Support/Code/User/globalStorage/bmd.stm32-for-vscode/@xpack-dev-tools/arm-none-eabi-gcc/14.2.1-1.1.1/.content/bin/../lib/gcc/arm-none-eabi/14.2.1/../../../../arm-none-eabi/lib/thumb/v6-m/nofp/libc_nano.a(libc_a-lock.o)
                                                  /Users/killzyy/Library/Application Support/Code/User/globalStorage/bmd.stm32-for-vscode/@xpack-dev-tools/arm-none-eabi-gcc/14.2.1-1.1.1/.content/bin/../lib/gcc/arm-none-eabi/14.2.1/../../../../arm-none-eabi/lib/thumb/v6-m/nofp/libc_nano.a(libc_a-mlock.o)
                                                  /Users/killzyy/Library/Application Support/Code/User/globalStorage/bmd.stm32-for-vscode/@xpack-dev-tools/arm-none-eabi-gcc/14.2.1-1.1.1/.content/bin/../lib/gcc/arm-none-eabi/14.2.1/../../../../arm-none-eabi/lib/thumb/v6-m/nofp/libc_nano.a(libc_a-fflush.o)
                                                  /Users/killzyy/Library/Application Support/Code/User/globalStorage/bmd.stm32-for-vscode/@xpack-dev-tools/arm-none-eabi-gcc/14.2.1-1.1.1/.content/bin/../lib/gcc/arm-none-eabi/14.2.1/../../../../arm-none-eabi/lib/thumb/v6-m/nofp/libc_nano.a(libc_a-__call_atexit.o)
                                                  /Users/killzyy/Library/Application Support/Code/User/globalStorage/bmd.stm32-for-vscode/@xpack-dev-tools/arm-none-eabi-gcc/14.2.1-1.1.1/.content/bin/../lib/gcc/arm-none-eabi/14.2.1/../../../../arm-none-eabi/lib/thumb/v6-m/nofp/libc_nano.a(libc_a-__atexit.o)
                                                  /Users/killzyy/Library/Application Support/Code/User/globalStorage/bmd.stm32-for-vscode/@xpack-dev-tools/arm-none-eabi-gcc/14.2.1-1.1.1/.content/bin/../lib/gcc/arm-none-eabi/14.2.1/../../../../arm-none-eabi/lib/thumb/v6-m/nofp/libc_nano.a(libc_a-findfp.o)
__retarget_lock_close                             /Users/killzyy/Library/Application Support/Code/User/globalStorage/bmd.stm32-for-vscode/@xpack-dev-tools/arm-none-eabi-gcc/14.2.1-1.1.1/.content/bin/../lib/gcc/arm-none-eabi/14.2.1/../../../../arm-none-eabi/lib/thumb/v6-m/nofp/libc_nano.a(libc_a-lock.o)
__retarget_lock_close_recursive                   /Users/killzyy/Library/Application Support/Code/User/globalStorage/bmd.stm32-for-vscode/@xpack-dev-tools/arm-none-eabi-gcc/14.2.1-1.1.1/.content/bin/../lib/gcc/arm-none-eabi/14.2.1/../../../../arm-none-eabi/lib/thumb/v6-m/nofp/libc_nano.a(libc_a-lock.o)
__retarget_lock_init                              /Users/killzyy/Library/Application Support/Code/User/globalStorage/bmd.stm32-for-vscode/@xpack-dev-tools/arm-none-eabi-gcc/14.2.1-1.1.1/.content/bin/../lib/gcc/arm-none-eabi/14.2.1/../../../../arm-none-eabi/lib/thumb/v6-m/nofp/libc_nano.a(libc_a-lock.o)
__retarget_lock_init_recursive                    /Users/killzyy/Library/Application Support/Code/User/globalStorage/bmd.stm32-for-vscode/@xpack-dev-tools/arm-none-eabi-gcc/14.2.1-1.1.1/.content/bin/../lib/gcc/arm-none-eabi/14.2.1/../../../../arm-none-eabi/lib/thumb/v6-m/nofp/libc_nano.a(libc_a-lock.o)
                                                  /Users/killzyy/Library/Application Support/Code/User/globalStorage/bmd.stm32-for-vscode/@xpack-dev-tools/arm-none-eabi-gcc/14.2.1-1.1.1/.content/bin/../lib/gcc/arm-none-eabi/14.2.1/../../../../arm-none-eabi/lib/thumb/v6-m/nofp/libc_nano.a(libc_a-findfp.o)
__retarget_lock_release                           /Users/killzyy/Library/Application Support/Code/User/globalStorage/bmd.stm32-for-vscode/@xpack-dev-tools/arm-none-eabi-gcc/14.2.1-1.1.1/.content/bin/../lib/gcc/arm-none-eabi/14.2.1/../../../../arm-none-eabi/lib/thumb/v6-m/nofp/libc_nano.a(libc_a-lock.o)
__retarget_lock_release_recursive                 /Users/killzyy/Library/Application Support/Code/User/globalStorage/bmd.stm32-for-vscode/@xpack-dev-tools/arm-none-eabi-gcc/14.2.1-1.1.1/.content/bin/../lib/gcc/arm-none-eabi/14.2.1/../../../../arm-none-eabi/lib/thumb/v6-m/nofp/libc_nano.a(libc_a-lock.o)
                                                  /Users/killzyy/Library/Application Support/Code/User/globalStorage/bmd.stm32-for-vscode/@xpack-dev-tools/arm-none-eabi-gcc/14.2.1-1.1.1/.content/bin/../lib/gcc/arm-none-eabi/14.2.1/../../../../arm-none-eabi/lib/thumb/v6-m/nofp/libc_nano.a(libc_a-mlock.o)
                                                  /Users/killzyy/Library/Application Support/Code/User/globalStorage/bmd.stm32-for-vscode/@xpack-dev-tools/arm-none-eabi-gcc/14.2.1-1.1.1/.content/bin/../lib/gcc/arm-none-eabi/14.2.1/../../../../arm-none-eabi/lib/thumb/v6-m/nofp/libc_nano.a(libc_a-fflush.o)
                                                  /Users/killzyy/Library/Application Support/Code/User/globalStorage/bmd.stm32-for-vscode/@xpack-dev-tools/arm-none-eabi-gcc/14.2.1-1.1.1/.content/bin/../lib/gcc/arm-none-eabi/14.2.1/../../../../arm-none-eabi/lib/thumb/v6-m/nofp/libc_nano.a(libc_a-__call_atexit.o)
                                                  /Users/killzyy/Library/Application Support/Code/User/globalStorage/bmd.stm32-for-vscode/@xpack-dev-tools/arm-none-eabi-gcc/14.2.1-1.1.1/.content/bin/../lib/gcc/arm-none-eabi/14.2.1/../../../../arm-none-eabi/lib/thumb/v6-m/nofp/libc_nano.a(libc_a-__atexit.o)
                                                  /Users/killzyy/Library/Application Support/Code/User/globalStorage/bmd.stm32-for-vscode/@xpack-dev-tools/arm-none-eabi-gcc/14.2.1-1.1.1/.content/bin/../lib/gcc/arm-none-eabi/14.2.1/../../../../arm-none-eabi/lib/thumb/v6-m/nofp/libc_nano.a(libc_a-findfp.o)
__retarget_lock_try_acquire                       /Users/killzyy/Library/Application Support/Code/User/globalStorage/bmd.stm32-for-vscode/@xpack-dev-tools/arm-none-eabi-gcc/14.2.1-1.1.1/.content/bin/../lib/gcc/arm-none-eabi/14.2.1/../../../../arm-none-eabi/lib/thumb/v6-m/nofp/libc_nano.a(libc_a-lock.o)
__retarget_lock_try_acquire_recursive             /Users/killzyy/Library/Application Support/Code/User/globalStorage/bmd.stm32-for-vscode/@xpack-dev-tools/arm-none-eabi-gcc/14.2.1-1.1.1/.content/bin/../lib/gcc/arm-none-eabi/14.2.1/../../../../arm-none-eabi/lib/thumb/v6-m/nofp/libc_nano.a(libc_a-lock.o)
__sclose                                          /Users/killzyy/Library/Application Support/Code/User/globalStorage/bmd.stm32-for-vscode/@xpack-dev-tools/arm-none-eabi-gcc/14.2.1-1.1.1/.content/bin/../lib/gcc/arm-none-eabi/14.2.1/../../../../arm-none-eabi/lib/thumb/v6-m/nofp/libc_nano.a(libc_a-stdio.o)
                                                  /Users/killzyy/Library/Application Support/Code/User/globalStorage/bmd.stm32-for-vscode/@xpack-dev-tools/arm-none-eabi-gcc/14.2.1-1.1.1/.content/bin/../lib/gcc/arm-none-eabi/14.2.1/../../../../arm-none-eabi/lib/thumb/v6-m/nofp/libc_nano.a(libc_a-findfp.o)
__seofread                                        /Users/killzyy/Library/Application Support/Code/User/globalStorage/bmd.stm32-for-vscode/@xpack-dev-tools/arm-none-eabi-gcc/14.2.1-1.1.1/.content/bin/../lib/gcc/arm-none-eabi/14.2.1/../../../../arm-none-eabi/lib/thumb/v6-m/nofp/libc_nano.a(libc_a-stdio.o)
__sf                                              /Users/killzyy/Library/Application Support/Code/User/globalStorage/bmd.stm32-for-vscode/@xpack-dev-tools/arm-none-eabi-gcc/14.2.1-1.1.1/.content/bin/../lib/gcc/arm-none-eabi/14.2.1/../../../../arm-none-eabi/lib/thumb/v6-m/nofp/libc_nano.a(libc_a-findfp.o)
                                                  /Users/killzyy/Library/Application Support/Code/User/globalStorage/bmd.stm32-for-vscode/@xpack-dev-tools/arm-none-eabi-gcc/14.2.1-1.1.1/.content/bin/../lib/gcc/arm-none-eabi/14.2.1/../../../../arm-none-eabi/lib/thumb/v6-m/nofp/libc_nano.a(libc_a-impure.o)
__sflush_r                                        /Users/killzyy/Library/Application Support/Code/User/globalStorage/bmd.stm32-for-vscode/@xpack-dev-tools/arm-none-eabi-gcc/14.2.1-1.1.1/.content/bin/../lib/gcc/arm-none-eabi/14.2.1/../../../../arm-none-eabi/lib/thumb/v6-m/nofp/libc_nano.a(libc_a-fflush.o)
__sfp                                             /Users/killzyy/Library/Application Support/Code/User/globalStorage/bmd.stm32-for-vscode/@xpack-dev-tools/arm-none-eabi-gcc/14.2.1-1.1.1/.content/bin/../lib/gcc/arm-none-eabi/14.2.1/../../../../arm-none-eabi/lib/thumb/v6-m/nofp/libc_nano.a(libc_a-findfp.o)
__sfp_lock_acquire                                /Users/killzyy/Library/Application Support/Code/User/globalStorage/bmd.stm32-for-vscode/@xpack-dev-tools/arm-none-eabi-gcc/14.2.1-1.1.1/.content/bin/../lib/gcc/arm-none-eabi/14.2.1/../../../../arm-none-eabi/lib/thumb/v6-m/nofp/libc_nano.a(libc_a-findfp.o)
__sfp_lock_release                                /Users/killzyy/Library/Application Support/Code/User/globalStorage/bmd.stm32-for-vscode/@xpack-dev-tools/arm-none-eabi-gcc/14.2.1-1.1.1/.content/bin/../lib/gcc/arm-none-eabi/14.2.1/../../../../arm-none-eabi/lib/thumb/v6-m/nofp/libc_nano.a(libc_a-findfp.o)
__sglue                                           /Users/killzyy/Library/Application Support/Code/User/globalStorage/bmd.stm32-for-vscode/@xpack-dev-tools/arm-none-eabi-gcc/14.2.1-1.1.1/.content/bin/../lib/gcc/arm-none-eabi/14.2.1/../../../../arm-none-eabi/lib/thumb/v6-m/nofp/libc_nano.a(libc_a-findfp.o)
                                                  /Users/killzyy/Library/Application Support/Code/User/globalStorage/bmd.stm32-for-vscode/@xpack-dev-tools/arm-none-eabi-gcc/14.2.1-1.1.1/.content/bin/../lib/gcc/arm-none-eabi/14.2.1/../../../../arm-none-eabi/lib/thumb/v6-m/nofp/libc_nano.a(libc_a-fflush.o)
__sinit                                           /Users/killzyy/Library/Application Support/Code/User/globalStorage/bmd.stm32-for-vscode/@xpack-dev-tools/arm-none-eabi-gcc/14.2.1-1.1.1/.content/bin/../lib/gcc/arm-none-eabi/14.2.1/../../../../arm-none-eabi/lib/thumb/v6-m/nofp/libc_nano.a(libc_a-findfp.o)
                                                  /Users/killzyy/Library/Application Support/Code/User/globalStorage/bmd.stm32-for-vscode/@xpack-dev-tools/arm-none-eabi-gcc/14.2.1-1.1.1/.content/bin/../lib/gcc/arm-none-eabi/14.2.1/../../../../arm-none-eabi/lib/thumb/v6-m/nofp/libc_nano.a(libc_a-fflush.o)
__sread                                           /Users/killzyy/Library/Application Support/Code/User/globalStorage/bmd.stm32-for-vscode/@xpack-dev-tools/arm-none-eabi-gcc/14.2.1-1.1.1/.content/bin/../lib/gcc/arm-none-eabi/14.2.1/../../../../arm-none-eabi/lib/thumb/v6-m/nofp/libc_nano.a(libc_a-stdio.o)
                                                  /Users/killzyy/Library/Application Support/Code/User/globalStorage/bmd.stm32-for-vscode/@xpack-dev-tools/arm-none-eabi-gcc/14.2.1-1.1.1/.content/bin/../lib/gcc/arm-none-eabi/14.2.1/../../../../arm-none-eabi/lib/thumb/v6-m/nofp/libc_nano.a(libc_a-findfp.o)
__sseek                                           /Users/killzyy/Library/Application Support/Code/User/globalStorage/bmd.stm32-for-vscode/@xpack-dev-tools/arm-none-eabi-gcc/14.2.1-1.1.1/.content/bin/../lib/gcc/arm-none-eabi/14.2.1/../../../../arm-none-eabi/lib/thumb/v6-m/nofp/libc_nano.a(libc_a-stdio.o)
                                                  /Users/killzyy/Library/Application Support/Code/User/globalStorage/bmd.stm32-for-vscode/@xpack-dev-tools/arm-none-eabi-gcc/14.2.1-1.1.1/.content/bin/../lib/gcc/arm-none-eabi/14.2.1/../../../../arm-none-eabi/lib/thumb/v6-m/nofp/libc_nano.a(libc_a-findfp.o)
__stack                                           /Users/killzyy/Library/Application Support/Code/User/globalStorage/bmd.stm32-for-vscode/@xpack-dev-tools/arm-none-eabi-gcc/14.2.1-1.1.1/.content/bin/../lib/gcc/arm-none-eabi/14.2.1/../../../../arm-none-eabi/lib/thumb/v6-m/nofp/crt0.o
__stdio_exit_handler                              /Users/killzyy/Library/Application Support/Code/User/globalStorage/bmd.stm32-for-vscode/@xpack-dev-tools/arm-none-eabi-gcc/14.2.1-1.1.1/.content/bin/../lib/gcc/arm-none-eabi/14.2.1/../../../../arm-none-eabi/lib/thumb/v6-m/nofp/libc_nano.a(libc_a-findfp.o)
                                                  /Users/killzyy/Library/Application Support/Code/User/globalStorage/bmd.stm32-for-vscode/@xpack-dev-tools/arm-none-eabi-gcc/14.2.1-1.1.1/.content/bin/../lib/gcc/arm-none-eabi/14.2.1/../../../../arm-none-eabi/lib/thumb/v6-m/nofp/libc_nano.a(libc_a-exit.o)